<?xml version="1.0"?>
<link_info>
   <banner>MSP430 Linker Unix v4.4.7</banner>
   <copyright>Copyright (c) 2003-2015 Texas Instruments Incorporated</copyright>
   <link_time>0x5841f85c</link_time>
   <link_errors>0x0</link_errors>
   <output_file>M906V1.out</output_file>
   <entry_point>
      <name>_c_int00_noargs_noexit</name>
      <address>0x7438</address>
   </entry_point>
   <input_file_list>
      <input_file id="fl-2">
         <path>./</path>
         <kind>object</kind>
         <file>bsp_pins.obj</file>
         <name>bsp_pins.obj</name>
      </input_file>
      <input_file id="fl-3">
         <path>./</path>
         <kind>object</kind>
         <file>bsp_uart.obj</file>
         <name>bsp_uart.obj</name>
      </input_file>
      <input_file id="fl-4">
         <path>./</path>
         <kind>object</kind>
         <file>do_stuff.obj</file>
         <name>do_stuff.obj</name>
      </input_file>
      <input_file id="fl-5">
         <path>./</path>
         <kind>object</kind>
         <file>drv_ds3234.obj</file>
         <name>drv_ds3234.obj</name>
      </input_file>
      <input_file id="fl-6">
         <path>./</path>
         <kind>object</kind>
         <file>drv_logger.obj</file>
         <name>drv_logger.obj</name>
      </input_file>
      <input_file id="fl-7">
         <path>./</path>
         <kind>object</kind>
         <file>drv_ow.obj</file>
         <name>drv_ow.obj</name>
      </input_file>
      <input_file id="fl-8">
         <path>./</path>
         <kind>object</kind>
         <file>main.obj</file>
         <name>main.obj</name>
      </input_file>
      <input_file id="fl-9">
         <path>./</path>
         <kind>object</kind>
         <file>ow_lnk.obj</file>
         <name>ow_lnk.obj</name>
      </input_file>
      <input_file id="fl-a">
         <path>./</path>
         <kind>object</kind>
         <file>taos_mode.obj</file>
         <name>taos_mode.obj</name>
      </input_file>
      <input_file id="fl-b">
         <path>./</path>
         <kind>object</kind>
         <file>util_log.obj</file>
         <name>util_log.obj</name>
      </input_file>
      <input_file id="fl-c">
         <path>./ow/</path>
         <kind>object</kind>
         <file>crcutil.obj</file>
         <name>crcutil.obj</name>
      </input_file>
      <input_file id="fl-d">
         <path>./ow/</path>
         <kind>object</kind>
         <file>ds2480ut.obj</file>
         <name>ds2480ut.obj</name>
      </input_file>
      <input_file id="fl-e">
         <path>./ow/</path>
         <kind>object</kind>
         <file>findtype.obj</file>
         <name>findtype.obj</name>
      </input_file>
      <input_file id="fl-f">
         <path>./ow/</path>
         <kind>object</kind>
         <file>mbnv.obj</file>
         <name>mbnv.obj</name>
      </input_file>
      <input_file id="fl-10">
         <path>./ow/</path>
         <kind>object</kind>
         <file>mbnvcrc.obj</file>
         <name>mbnvcrc.obj</name>
      </input_file>
      <input_file id="fl-11">
         <path>./ow/</path>
         <kind>object</kind>
         <file>mbscr.obj</file>
         <name>mbscr.obj</name>
      </input_file>
      <input_file id="fl-12">
         <path>./ow/</path>
         <kind>object</kind>
         <file>mbscrcrc.obj</file>
         <name>mbscrcrc.obj</name>
      </input_file>
      <input_file id="fl-13">
         <path>./ow/</path>
         <kind>object</kind>
         <file>mbscree.obj</file>
         <name>mbscree.obj</name>
      </input_file>
      <input_file id="fl-14">
         <path>./ow/</path>
         <kind>object</kind>
         <file>mbscrex.obj</file>
         <name>mbscrex.obj</name>
      </input_file>
      <input_file id="fl-15">
         <path>./ow/</path>
         <kind>object</kind>
         <file>mbsha.obj</file>
         <name>mbsha.obj</name>
      </input_file>
      <input_file id="fl-16">
         <path>./ow/</path>
         <kind>object</kind>
         <file>owerr.obj</file>
         <name>owerr.obj</name>
      </input_file>
      <input_file id="fl-17">
         <path>./ow/</path>
         <kind>object</kind>
         <file>owllu.obj</file>
         <name>owllu.obj</name>
      </input_file>
      <input_file id="fl-18">
         <path>./ow/</path>
         <kind>object</kind>
         <file>ownetu.obj</file>
         <name>ownetu.obj</name>
      </input_file>
      <input_file id="fl-19">
         <path>./ow/</path>
         <kind>object</kind>
         <file>owsesu.obj</file>
         <name>owsesu.obj</name>
      </input_file>
      <input_file id="fl-1a">
         <path>./ow/</path>
         <kind>object</kind>
         <file>owtrnu.obj</file>
         <name>owtrnu.obj</name>
      </input_file>
      <input_file id="fl-1b">
         <path>./driverlib/MSP430FR5xx_6xx/</path>
         <kind>object</kind>
         <file>adc12_b.obj</file>
         <name>adc12_b.obj</name>
      </input_file>
      <input_file id="fl-1c">
         <path>./driverlib/MSP430FR5xx_6xx/</path>
         <kind>object</kind>
         <file>aes256.obj</file>
         <name>aes256.obj</name>
      </input_file>
      <input_file id="fl-1d">
         <path>./driverlib/MSP430FR5xx_6xx/</path>
         <kind>object</kind>
         <file>comp_e.obj</file>
         <name>comp_e.obj</name>
      </input_file>
      <input_file id="fl-1e">
         <path>./driverlib/MSP430FR5xx_6xx/</path>
         <kind>object</kind>
         <file>crc.obj</file>
         <name>crc.obj</name>
      </input_file>
      <input_file id="fl-1f">
         <path>./driverlib/MSP430FR5xx_6xx/</path>
         <kind>object</kind>
         <file>crc32.obj</file>
         <name>crc32.obj</name>
      </input_file>
      <input_file id="fl-20">
         <path>./driverlib/MSP430FR5xx_6xx/</path>
         <kind>object</kind>
         <file>cs.obj</file>
         <name>cs.obj</name>
      </input_file>
      <input_file id="fl-21">
         <path>./driverlib/MSP430FR5xx_6xx/</path>
         <kind>object</kind>
         <file>dma.obj</file>
         <name>dma.obj</name>
      </input_file>
      <input_file id="fl-22">
         <path>./driverlib/MSP430FR5xx_6xx/</path>
         <kind>object</kind>
         <file>esi.obj</file>
         <name>esi.obj</name>
      </input_file>
      <input_file id="fl-23">
         <path>./driverlib/MSP430FR5xx_6xx/</path>
         <kind>object</kind>
         <file>eusci_a_spi.obj</file>
         <name>eusci_a_spi.obj</name>
      </input_file>
      <input_file id="fl-24">
         <path>./driverlib/MSP430FR5xx_6xx/</path>
         <kind>object</kind>
         <file>eusci_a_uart.obj</file>
         <name>eusci_a_uart.obj</name>
      </input_file>
      <input_file id="fl-25">
         <path>./driverlib/MSP430FR5xx_6xx/</path>
         <kind>object</kind>
         <file>eusci_b_i2c.obj</file>
         <name>eusci_b_i2c.obj</name>
      </input_file>
      <input_file id="fl-26">
         <path>./driverlib/MSP430FR5xx_6xx/</path>
         <kind>object</kind>
         <file>eusci_b_spi.obj</file>
         <name>eusci_b_spi.obj</name>
      </input_file>
      <input_file id="fl-27">
         <path>./driverlib/MSP430FR5xx_6xx/</path>
         <kind>object</kind>
         <file>framctl.obj</file>
         <name>framctl.obj</name>
      </input_file>
      <input_file id="fl-28">
         <path>./driverlib/MSP430FR5xx_6xx/</path>
         <kind>object</kind>
         <file>gpio.obj</file>
         <name>gpio.obj</name>
      </input_file>
      <input_file id="fl-29">
         <path>./driverlib/MSP430FR5xx_6xx/</path>
         <kind>object</kind>
         <file>lcd_c.obj</file>
         <name>lcd_c.obj</name>
      </input_file>
      <input_file id="fl-2a">
         <path>./driverlib/MSP430FR5xx_6xx/</path>
         <kind>object</kind>
         <file>mpu.obj</file>
         <name>mpu.obj</name>
      </input_file>
      <input_file id="fl-2b">
         <path>./driverlib/MSP430FR5xx_6xx/</path>
         <kind>object</kind>
         <file>mpy32.obj</file>
         <name>mpy32.obj</name>
      </input_file>
      <input_file id="fl-2c">
         <path>./driverlib/MSP430FR5xx_6xx/</path>
         <kind>object</kind>
         <file>pmm.obj</file>
         <name>pmm.obj</name>
      </input_file>
      <input_file id="fl-2d">
         <path>./driverlib/MSP430FR5xx_6xx/</path>
         <kind>object</kind>
         <file>ram.obj</file>
         <name>ram.obj</name>
      </input_file>
      <input_file id="fl-2e">
         <path>./driverlib/MSP430FR5xx_6xx/</path>
         <kind>object</kind>
         <file>ref_a.obj</file>
         <name>ref_a.obj</name>
      </input_file>
      <input_file id="fl-2f">
         <path>./driverlib/MSP430FR5xx_6xx/</path>
         <kind>object</kind>
         <file>rtc_b.obj</file>
         <name>rtc_b.obj</name>
      </input_file>
      <input_file id="fl-30">
         <path>./driverlib/MSP430FR5xx_6xx/</path>
         <kind>object</kind>
         <file>rtc_c.obj</file>
         <name>rtc_c.obj</name>
      </input_file>
      <input_file id="fl-31">
         <path>./driverlib/MSP430FR5xx_6xx/</path>
         <kind>object</kind>
         <file>sfr.obj</file>
         <name>sfr.obj</name>
      </input_file>
      <input_file id="fl-32">
         <path>./driverlib/MSP430FR5xx_6xx/</path>
         <kind>object</kind>
         <file>sysctl.obj</file>
         <name>sysctl.obj</name>
      </input_file>
      <input_file id="fl-33">
         <path>./driverlib/MSP430FR5xx_6xx/</path>
         <kind>object</kind>
         <file>timer_a.obj</file>
         <name>timer_a.obj</name>
      </input_file>
      <input_file id="fl-34">
         <path>./driverlib/MSP430FR5xx_6xx/</path>
         <kind>object</kind>
         <file>timer_b.obj</file>
         <name>timer_b.obj</name>
      </input_file>
      <input_file id="fl-35">
         <path>./driverlib/MSP430FR5xx_6xx/</path>
         <kind>object</kind>
         <file>tlv.obj</file>
         <name>tlv.obj</name>
      </input_file>
      <input_file id="fl-36">
         <path>./driverlib/MSP430FR5xx_6xx/</path>
         <kind>object</kind>
         <file>wdt_a.obj</file>
         <name>wdt_a.obj</name>
      </input_file>
      <input_file id="fl-6b">
         <path>/home/developer/ti/ccsv6/tools/compiler/ti-cgt-msp430_4.4.7/lib/</path>
         <kind>archive</kind>
         <file>rts430x_lc_rd_eabi.lib</file>
         <name>copy_decompress_none.obj</name>
      </input_file>
      <input_file id="fl-6c">
         <path>/home/developer/ti/ccsv6/tools/compiler/ti-cgt-msp430_4.4.7/lib/</path>
         <kind>archive</kind>
         <file>rts430x_lc_rd_eabi.lib</file>
         <name>copy_decompress_rle.obj</name>
      </input_file>
      <input_file id="fl-6d">
         <path>/home/developer/ti/ccsv6/tools/compiler/ti-cgt-msp430_4.4.7/lib/</path>
         <kind>archive</kind>
         <file>rts430x_lc_rd_eabi.lib</file>
         <name>int27.obj</name>
      </input_file>
      <input_file id="fl-6e">
         <path>/home/developer/ti/ccsv6/tools/compiler/ti-cgt-msp430_4.4.7/lib/</path>
         <kind>archive</kind>
         <file>rts430x_lc_rd_eabi.lib</file>
         <name>isr_trap.obj</name>
      </input_file>
      <input_file id="fl-6f">
         <path>/home/developer/ti/ccsv6/tools/compiler/ti-cgt-msp430_4.4.7/lib/</path>
         <kind>archive</kind>
         <file>rts430x_lc_rd_eabi.lib</file>
         <name>int29.obj</name>
      </input_file>
      <input_file id="fl-70">
         <path>/home/developer/ti/ccsv6/tools/compiler/ti-cgt-msp430_4.4.7/lib/</path>
         <kind>archive</kind>
         <file>rts430x_lc_rd_eabi.lib</file>
         <name>int30.obj</name>
      </input_file>
      <input_file id="fl-71">
         <path>/home/developer/ti/ccsv6/tools/compiler/ti-cgt-msp430_4.4.7/lib/</path>
         <kind>archive</kind>
         <file>rts430x_lc_rd_eabi.lib</file>
         <name>int31.obj</name>
      </input_file>
      <input_file id="fl-72">
         <path>/home/developer/ti/ccsv6/tools/compiler/ti-cgt-msp430_4.4.7/lib/</path>
         <kind>archive</kind>
         <file>rts430x_lc_rd_eabi.lib</file>
         <name>int32.obj</name>
      </input_file>
      <input_file id="fl-73">
         <path>/home/developer/ti/ccsv6/tools/compiler/ti-cgt-msp430_4.4.7/lib/</path>
         <kind>archive</kind>
         <file>rts430x_lc_rd_eabi.lib</file>
         <name>int33.obj</name>
      </input_file>
      <input_file id="fl-74">
         <path>/home/developer/ti/ccsv6/tools/compiler/ti-cgt-msp430_4.4.7/lib/</path>
         <kind>archive</kind>
         <file>rts430x_lc_rd_eabi.lib</file>
         <name>int34.obj</name>
      </input_file>
      <input_file id="fl-75">
         <path>/home/developer/ti/ccsv6/tools/compiler/ti-cgt-msp430_4.4.7/lib/</path>
         <kind>archive</kind>
         <file>rts430x_lc_rd_eabi.lib</file>
         <name>int35.obj</name>
      </input_file>
      <input_file id="fl-76">
         <path>/home/developer/ti/ccsv6/tools/compiler/ti-cgt-msp430_4.4.7/lib/</path>
         <kind>archive</kind>
         <file>rts430x_lc_rd_eabi.lib</file>
         <name>int36.obj</name>
      </input_file>
      <input_file id="fl-77">
         <path>/home/developer/ti/ccsv6/tools/compiler/ti-cgt-msp430_4.4.7/lib/</path>
         <kind>archive</kind>
         <file>rts430x_lc_rd_eabi.lib</file>
         <name>int37.obj</name>
      </input_file>
      <input_file id="fl-78">
         <path>/home/developer/ti/ccsv6/tools/compiler/ti-cgt-msp430_4.4.7/lib/</path>
         <kind>archive</kind>
         <file>rts430x_lc_rd_eabi.lib</file>
         <name>int40.obj</name>
      </input_file>
      <input_file id="fl-79">
         <path>/home/developer/ti/ccsv6/tools/compiler/ti-cgt-msp430_4.4.7/lib/</path>
         <kind>archive</kind>
         <file>rts430x_lc_rd_eabi.lib</file>
         <name>int41.obj</name>
      </input_file>
      <input_file id="fl-7a">
         <path>/home/developer/ti/ccsv6/tools/compiler/ti-cgt-msp430_4.4.7/lib/</path>
         <kind>archive</kind>
         <file>rts430x_lc_rd_eabi.lib</file>
         <name>int43.obj</name>
      </input_file>
      <input_file id="fl-7b">
         <path>/home/developer/ti/ccsv6/tools/compiler/ti-cgt-msp430_4.4.7/lib/</path>
         <kind>archive</kind>
         <file>rts430x_lc_rd_eabi.lib</file>
         <name>int45.obj</name>
      </input_file>
      <input_file id="fl-7c">
         <path>/home/developer/ti/ccsv6/tools/compiler/ti-cgt-msp430_4.4.7/lib/</path>
         <kind>archive</kind>
         <file>rts430x_lc_rd_eabi.lib</file>
         <name>int46.obj</name>
      </input_file>
      <input_file id="fl-7d">
         <path>/home/developer/ti/ccsv6/tools/compiler/ti-cgt-msp430_4.4.7/lib/</path>
         <kind>archive</kind>
         <file>rts430x_lc_rd_eabi.lib</file>
         <name>int48.obj</name>
      </input_file>
      <input_file id="fl-7e">
         <path>/home/developer/ti/ccsv6/tools/compiler/ti-cgt-msp430_4.4.7/lib/</path>
         <kind>archive</kind>
         <file>rts430x_lc_rd_eabi.lib</file>
         <name>int49.obj</name>
      </input_file>
      <input_file id="fl-7f">
         <path>/home/developer/ti/ccsv6/tools/compiler/ti-cgt-msp430_4.4.7/lib/</path>
         <kind>archive</kind>
         <file>rts430x_lc_rd_eabi.lib</file>
         <name>int50.obj</name>
      </input_file>
      <input_file id="fl-80">
         <path>/home/developer/ti/ccsv6/tools/compiler/ti-cgt-msp430_4.4.7/lib/</path>
         <kind>archive</kind>
         <file>rts430x_lc_rd_eabi.lib</file>
         <name>int51.obj</name>
      </input_file>
      <input_file id="fl-81">
         <path>/home/developer/ti/ccsv6/tools/compiler/ti-cgt-msp430_4.4.7/lib/</path>
         <kind>archive</kind>
         <file>rts430x_lc_rd_eabi.lib</file>
         <name>int52.obj</name>
      </input_file>
      <input_file id="fl-82">
         <path>/home/developer/ti/ccsv6/tools/compiler/ti-cgt-msp430_4.4.7/lib/</path>
         <kind>archive</kind>
         <file>rts430x_lc_rd_eabi.lib</file>
         <name>int53.obj</name>
      </input_file>
      <input_file id="fl-83">
         <path>/home/developer/ti/ccsv6/tools/compiler/ti-cgt-msp430_4.4.7/lib/</path>
         <kind>archive</kind>
         <file>rts430x_lc_rd_eabi.lib</file>
         <name>int54.obj</name>
      </input_file>
      <input_file id="fl-84">
         <path>/home/developer/ti/ccsv6/tools/compiler/ti-cgt-msp430_4.4.7/lib/</path>
         <kind>archive</kind>
         <file>rts430x_lc_rd_eabi.lib</file>
         <name>copy_zero_init.obj</name>
      </input_file>
      <input_file id="fl-85">
         <path>/home/developer/ti/ccsv6/tools/compiler/ti-cgt-msp430_4.4.7/lib/</path>
         <kind>archive</kind>
         <file>rts430x_lc_rd_eabi.lib</file>
         <name>div16s.obj</name>
      </input_file>
      <input_file id="fl-86">
         <path>/home/developer/ti/ccsv6/tools/compiler/ti-cgt-msp430_4.4.7/lib/</path>
         <kind>archive</kind>
         <file>rts430x_lc_rd_eabi.lib</file>
         <name>div32s.obj</name>
      </input_file>
      <input_file id="fl-87">
         <path>/home/developer/ti/ccsv6/tools/compiler/ti-cgt-msp430_4.4.7/lib/</path>
         <kind>archive</kind>
         <file>rts430x_lc_rd_eabi.lib</file>
         <name>div16u.obj</name>
      </input_file>
      <input_file id="fl-88">
         <path>/home/developer/ti/ccsv6/tools/compiler/ti-cgt-msp430_4.4.7/lib/</path>
         <kind>archive</kind>
         <file>rts430x_lc_rd_eabi.lib</file>
         <name>div32u.obj</name>
      </input_file>
      <input_file id="fl-89">
         <path>/home/developer/ti/ccsv6/tools/compiler/ti-cgt-msp430_4.4.7/lib/</path>
         <kind>archive</kind>
         <file>rts430x_lc_rd_eabi.lib</file>
         <name>mult16.obj</name>
      </input_file>
      <input_file id="fl-8a">
         <path>/home/developer/ti/ccsv6/tools/compiler/ti-cgt-msp430_4.4.7/lib/</path>
         <kind>archive</kind>
         <file>rts430x_lc_rd_eabi.lib</file>
         <name>mult16_f5hw.obj</name>
      </input_file>
      <input_file id="fl-8b">
         <path>/home/developer/ti/ccsv6/tools/compiler/ti-cgt-msp430_4.4.7/lib/</path>
         <kind>archive</kind>
         <file>rts430x_lc_rd_eabi.lib</file>
         <name>mult32_f5hw.obj</name>
      </input_file>
      <input_file id="fl-8c">
         <path>/home/developer/ti/ccsv6/tools/compiler/ti-cgt-msp430_4.4.7/lib/</path>
         <kind>archive</kind>
         <file>rts430x_lc_rd_eabi.lib</file>
         <name>mult64_f5hw.obj</name>
      </input_file>
      <input_file id="fl-8d">
         <path>/home/developer/ti/ccsv6/tools/compiler/ti-cgt-msp430_4.4.7/lib/</path>
         <kind>archive</kind>
         <file>rts430x_lc_rd_eabi.lib</file>
         <name>mult1632_f5hw.obj</name>
      </input_file>
      <input_file id="fl-8e">
         <path>/home/developer/ti/ccsv6/tools/compiler/ti-cgt-msp430_4.4.7/lib/</path>
         <kind>archive</kind>
         <file>rts430x_lc_rd_eabi.lib</file>
         <name>mult3264_f5hw.obj</name>
      </input_file>
      <input_file id="fl-8f">
         <path>/home/developer/ti/ccsv6/tools/compiler/ti-cgt-msp430_4.4.7/lib/</path>
         <kind>archive</kind>
         <file>rts430x_lc_rd_eabi.lib</file>
         <name>lsl16.obj</name>
      </input_file>
      <input_file id="fl-90">
         <path>/home/developer/ti/ccsv6/tools/compiler/ti-cgt-msp430_4.4.7/lib/</path>
         <kind>archive</kind>
         <file>rts430x_lc_rd_eabi.lib</file>
         <name>asr16.obj</name>
      </input_file>
      <input_file id="fl-91">
         <path>/home/developer/ti/ccsv6/tools/compiler/ti-cgt-msp430_4.4.7/lib/</path>
         <kind>archive</kind>
         <file>rts430x_lc_rd_eabi.lib</file>
         <name>lsr16.obj</name>
      </input_file>
      <input_file id="fl-92">
         <path>/home/developer/ti/ccsv6/tools/compiler/ti-cgt-msp430_4.4.7/lib/</path>
         <kind>archive</kind>
         <file>rts430x_lc_rd_eabi.lib</file>
         <name>vla_alloc.obj</name>
      </input_file>
      <input_file id="fl-93">
         <path>/home/developer/ti/ccsv6/tools/compiler/ti-cgt-msp430_4.4.7/lib/</path>
         <kind>archive</kind>
         <file>rts430x_lc_rd_eabi.lib</file>
         <name>error.obj</name>
      </input_file>
      <input_file id="fl-94">
         <path>/home/developer/ti/ccsv6/tools/compiler/ti-cgt-msp430_4.4.7/lib/</path>
         <kind>archive</kind>
         <file>rts430x_lc_rd_eabi.lib</file>
         <name>boot.obj</name>
      </input_file>
      <input_file id="fl-95">
         <path>/home/developer/ti/ccsv6/tools/compiler/ti-cgt-msp430_4.4.7/lib/</path>
         <kind>archive</kind>
         <file>rts430x_lc_rd_eabi.lib</file>
         <name>args_main.obj</name>
      </input_file>
      <input_file id="fl-96">
         <path>/home/developer/ti/ccsv6/tools/compiler/ti-cgt-msp430_4.4.7/lib/</path>
         <kind>archive</kind>
         <file>rts430x_lc_rd_eabi.lib</file>
         <name>autoinit_wdt.obj</name>
      </input_file>
      <input_file id="fl-97">
         <path>/home/developer/ti/ccsv6/tools/compiler/ti-cgt-msp430_4.4.7/lib/</path>
         <kind>archive</kind>
         <file>rts430x_lc_rd_eabi.lib</file>
         <name>boot_special.obj</name>
      </input_file>
      <input_file id="fl-98">
         <path>/home/developer/ti/ccsv6/tools/compiler/ti-cgt-msp430_4.4.7/lib/</path>
         <kind>archive</kind>
         <file>rts430x_lc_rd_eabi.lib</file>
         <name>mpu_init.obj</name>
      </input_file>
      <input_file id="fl-99">
         <path>/home/developer/ti/ccsv6/tools/compiler/ti-cgt-msp430_4.4.7/lib/</path>
         <kind>archive</kind>
         <file>rts430x_lc_rd_eabi.lib</file>
         <name>defs.obj</name>
      </input_file>
      <input_file id="fl-9a">
         <path>/home/developer/ti/ccsv6/tools/compiler/ti-cgt-msp430_4.4.7/lib/</path>
         <kind>archive</kind>
         <file>rts430x_lc_rd_eabi.lib</file>
         <name>pre_init.obj</name>
      </input_file>
      <input_file id="fl-9b">
         <path>/home/developer/ti/ccsv6/tools/compiler/ti-cgt-msp430_4.4.7/lib/</path>
         <kind>archive</kind>
         <file>rts430x_lc_rd_eabi.lib</file>
         <name>exit.obj</name>
      </input_file>
      <input_file id="fl-9c">
         <path>/home/developer/ti/ccsv6/tools/compiler/ti-cgt-msp430_4.4.7/lib/</path>
         <kind>archive</kind>
         <file>rts430x_lc_rd_eabi.lib</file>
         <name>exit_gvars.obj</name>
      </input_file>
      <input_file id="fl-9d">
         <path>/home/developer/ti/ccsv6/tools/compiler/ti-cgt-msp430_4.4.7/lib/</path>
         <kind>archive</kind>
         <file>rts430x_lc_rd_eabi.lib</file>
         <name>_lock.obj</name>
      </input_file>
      <input_file id="fl-9e">
         <path>/home/developer/ti/ccsv6/tools/compiler/ti-cgt-msp430_4.4.7/lib/</path>
         <kind>archive</kind>
         <file>rts430x_lc_rd_eabi.lib</file>
         <name>fprintf.obj</name>
      </input_file>
      <input_file id="fl-9f">
         <path>/home/developer/ti/ccsv6/tools/compiler/ti-cgt-msp430_4.4.7/lib/</path>
         <kind>archive</kind>
         <file>rts430x_lc_rd_eabi.lib</file>
         <name>_printfi.obj</name>
      </input_file>
      <input_file id="fl-a0">
         <path>/home/developer/ti/ccsv6/tools/compiler/ti-cgt-msp430_4.4.7/lib/</path>
         <kind>archive</kind>
         <file>rts430x_lc_rd_eabi.lib</file>
         <name>xdclass.obj</name>
      </input_file>
      <input_file id="fl-a1">
         <path>/home/developer/ti/ccsv6/tools/compiler/ti-cgt-msp430_4.4.7/lib/</path>
         <kind>archive</kind>
         <file>rts430x_lc_rd_eabi.lib</file>
         <name>cmpd.obj</name>
      </input_file>
      <input_file id="fl-a2">
         <path>/home/developer/ti/ccsv6/tools/compiler/ti-cgt-msp430_4.4.7/lib/</path>
         <kind>archive</kind>
         <file>rts430x_lc_rd_eabi.lib</file>
         <name>divd.obj</name>
      </input_file>
      <input_file id="fl-a3">
         <path>/home/developer/ti/ccsv6/tools/compiler/ti-cgt-msp430_4.4.7/lib/</path>
         <kind>archive</kind>
         <file>rts430x_lc_rd_eabi.lib</file>
         <name>frcdivd.obj</name>
      </input_file>
      <input_file id="fl-a4">
         <path>/home/developer/ti/ccsv6/tools/compiler/ti-cgt-msp430_4.4.7/lib/</path>
         <kind>archive</kind>
         <file>rts430x_lc_rd_eabi.lib</file>
         <name>div64u.obj</name>
      </input_file>
      <input_file id="fl-a5">
         <path>/home/developer/ti/ccsv6/tools/compiler/ti-cgt-msp430_4.4.7/lib/</path>
         <kind>archive</kind>
         <file>rts430x_lc_rd_eabi.lib</file>
         <name>fixdi.obj</name>
      </input_file>
      <input_file id="fl-a6">
         <path>/home/developer/ti/ccsv6/tools/compiler/ti-cgt-msp430_4.4.7/lib/</path>
         <kind>archive</kind>
         <file>rts430x_lc_rd_eabi.lib</file>
         <name>fixdli.obj</name>
      </input_file>
      <input_file id="fl-a7">
         <path>/home/developer/ti/ccsv6/tools/compiler/ti-cgt-msp430_4.4.7/lib/</path>
         <kind>archive</kind>
         <file>rts430x_lc_rd_eabi.lib</file>
         <name>fltid.obj</name>
      </input_file>
      <input_file id="fl-a8">
         <path>/home/developer/ti/ccsv6/tools/compiler/ti-cgt-msp430_4.4.7/lib/</path>
         <kind>archive</kind>
         <file>rts430x_lc_rd_eabi.lib</file>
         <name>fltlid.obj</name>
      </input_file>
      <input_file id="fl-a9">
         <path>/home/developer/ti/ccsv6/tools/compiler/ti-cgt-msp430_4.4.7/lib/</path>
         <kind>archive</kind>
         <file>rts430x_lc_rd_eabi.lib</file>
         <name>mpyd.obj</name>
      </input_file>
      <input_file id="fl-aa">
         <path>/home/developer/ti/ccsv6/tools/compiler/ti-cgt-msp430_4.4.7/lib/</path>
         <kind>archive</kind>
         <file>rts430x_lc_rd_eabi.lib</file>
         <name>frcmpyd.obj</name>
      </input_file>
      <input_file id="fl-ab">
         <path>/home/developer/ti/ccsv6/tools/compiler/ti-cgt-msp430_4.4.7/lib/</path>
         <kind>archive</kind>
         <file>rts430x_lc_rd_eabi.lib</file>
         <name>mult32.obj</name>
      </input_file>
      <input_file id="fl-ac">
         <path>/home/developer/ti/ccsv6/tools/compiler/ti-cgt-msp430_4.4.7/lib/</path>
         <kind>archive</kind>
         <file>rts430x_lc_rd_eabi.lib</file>
         <name>negd.obj</name>
      </input_file>
      <input_file id="fl-ad">
         <path>/home/developer/ti/ccsv6/tools/compiler/ti-cgt-msp430_4.4.7/lib/</path>
         <kind>archive</kind>
         <file>rts430x_lc_rd_eabi.lib</file>
         <name>lsl32.obj</name>
      </input_file>
      <input_file id="fl-ae">
         <path>/home/developer/ti/ccsv6/tools/compiler/ti-cgt-msp430_4.4.7/lib/</path>
         <kind>archive</kind>
         <file>rts430x_lc_rd_eabi.lib</file>
         <name>lsl64.obj</name>
      </input_file>
      <input_file id="fl-af">
         <path>/home/developer/ti/ccsv6/tools/compiler/ti-cgt-msp430_4.4.7/lib/</path>
         <kind>archive</kind>
         <file>rts430x_lc_rd_eabi.lib</file>
         <name>asr32.obj</name>
      </input_file>
      <input_file id="fl-b0">
         <path>/home/developer/ti/ccsv6/tools/compiler/ti-cgt-msp430_4.4.7/lib/</path>
         <kind>archive</kind>
         <file>rts430x_lc_rd_eabi.lib</file>
         <name>lsr32.obj</name>
      </input_file>
      <input_file id="fl-b1">
         <path>/home/developer/ti/ccsv6/tools/compiler/ti-cgt-msp430_4.4.7/lib/</path>
         <kind>archive</kind>
         <file>rts430x_lc_rd_eabi.lib</file>
         <name>lsr64.obj</name>
      </input_file>
      <input_file id="fl-b2">
         <path>/home/developer/ti/ccsv6/tools/compiler/ti-cgt-msp430_4.4.7/lib/</path>
         <kind>archive</kind>
         <file>rts430x_lc_rd_eabi.lib</file>
         <name>subd.obj</name>
      </input_file>
      <input_file id="fl-b3">
         <path>/home/developer/ti/ccsv6/tools/compiler/ti-cgt-msp430_4.4.7/lib/</path>
         <kind>archive</kind>
         <file>rts430x_lc_rd_eabi.lib</file>
         <name>addd.obj</name>
      </input_file>
      <input_file id="fl-b4">
         <path>/home/developer/ti/ccsv6/tools/compiler/ti-cgt-msp430_4.4.7/lib/</path>
         <kind>archive</kind>
         <file>rts430x_lc_rd_eabi.lib</file>
         <name>frcaddd.obj</name>
      </input_file>
      <input_file id="fl-b5">
         <path>/home/developer/ti/ccsv6/tools/compiler/ti-cgt-msp430_4.4.7/lib/</path>
         <kind>archive</kind>
         <file>rts430x_lc_rd_eabi.lib</file>
         <name>renormd.obj</name>
      </input_file>
      <input_file id="fl-b6">
         <path>/home/developer/ti/ccsv6/tools/compiler/ti-cgt-msp430_4.4.7/lib/</path>
         <kind>archive</kind>
         <file>rts430x_lc_rd_eabi.lib</file>
         <name>atoi.obj</name>
      </input_file>
      <input_file id="fl-b7">
         <path>/home/developer/ti/ccsv6/tools/compiler/ti-cgt-msp430_4.4.7/lib/</path>
         <kind>archive</kind>
         <file>rts430x_lc_rd_eabi.lib</file>
         <name>ctype.obj</name>
      </input_file>
      <input_file id="fl-b8">
         <path>/home/developer/ti/ccsv6/tools/compiler/ti-cgt-msp430_4.4.7/lib/</path>
         <kind>archive</kind>
         <file>rts430x_lc_rd_eabi.lib</file>
         <name>memory.obj</name>
      </input_file>
      <input_file id="fl-b9">
         <path>/home/developer/ti/ccsv6/tools/compiler/ti-cgt-msp430_4.4.7/lib/</path>
         <kind>archive</kind>
         <file>rts430x_lc_rd_eabi.lib</file>
         <name>frexp.obj</name>
      </input_file>
      <input_file id="fl-ba">
         <path>/home/developer/ti/ccsv6/tools/compiler/ti-cgt-msp430_4.4.7/lib/</path>
         <kind>archive</kind>
         <file>rts430x_lc_rd_eabi.lib</file>
         <name>xdunscal.obj</name>
      </input_file>
      <input_file id="fl-bb">
         <path>/home/developer/ti/ccsv6/tools/compiler/ti-cgt-msp430_4.4.7/lib/</path>
         <kind>archive</kind>
         <file>rts430x_lc_rd_eabi.lib</file>
         <name>xdnorm.obj</name>
      </input_file>
      <input_file id="fl-bc">
         <path>/home/developer/ti/ccsv6/tools/compiler/ti-cgt-msp430_4.4.7/lib/</path>
         <kind>archive</kind>
         <file>rts430x_lc_rd_eabi.lib</file>
         <name>ldexp.obj</name>
      </input_file>
      <input_file id="fl-bd">
         <path>/home/developer/ti/ccsv6/tools/compiler/ti-cgt-msp430_4.4.7/lib/</path>
         <kind>archive</kind>
         <file>rts430x_lc_rd_eabi.lib</file>
         <name>xdscale.obj</name>
      </input_file>
      <input_file id="fl-be">
         <path>/home/developer/ti/ccsv6/tools/compiler/ti-cgt-msp430_4.4.7/lib/</path>
         <kind>archive</kind>
         <file>rts430x_lc_rd_eabi.lib</file>
         <name>xferaise.obj</name>
      </input_file>
      <input_file id="fl-bf">
         <path>/home/developer/ti/ccsv6/tools/compiler/ti-cgt-msp430_4.4.7/lib/</path>
         <kind>archive</kind>
         <file>rts430x_lc_rd_eabi.lib</file>
         <name>errno.obj</name>
      </input_file>
      <input_file id="fl-c0">
         <path>/home/developer/ti/ccsv6/tools/compiler/ti-cgt-msp430_4.4.7/lib/</path>
         <kind>archive</kind>
         <file>rts430x_lc_rd_eabi.lib</file>
         <name>xvalues.obj</name>
      </input_file>
      <input_file id="fl-c1">
         <path>/home/developer/ti/ccsv6/tools/compiler/ti-cgt-msp430_4.4.7/lib/</path>
         <kind>archive</kind>
         <file>rts430x_lc_rd_eabi.lib</file>
         <name>feraiseexcept.obj</name>
      </input_file>
      <input_file id="fl-c2">
         <path>/home/developer/ti/ccsv6/tools/compiler/ti-cgt-msp430_4.4.7/lib/</path>
         <kind>archive</kind>
         <file>rts430x_lc_rd_eabi.lib</file>
         <name>ltoa.obj</name>
      </input_file>
      <input_file id="fl-c3">
         <path>/home/developer/ti/ccsv6/tools/compiler/ti-cgt-msp430_4.4.7/lib/</path>
         <kind>archive</kind>
         <file>rts430x_lc_rd_eabi.lib</file>
         <name>abs.obj</name>
      </input_file>
      <input_file id="fl-c4">
         <path>/home/developer/ti/ccsv6/tools/compiler/ti-cgt-msp430_4.4.7/lib/</path>
         <kind>archive</kind>
         <file>rts430x_lc_rd_eabi.lib</file>
         <name>memccpy.obj</name>
      </input_file>
      <input_file id="fl-c5">
         <path>/home/developer/ti/ccsv6/tools/compiler/ti-cgt-msp430_4.4.7/lib/</path>
         <kind>archive</kind>
         <file>rts430x_lc_rd_eabi.lib</file>
         <name>memcpy.obj</name>
      </input_file>
      <input_file id="fl-c6">
         <path>/home/developer/ti/ccsv6/tools/compiler/ti-cgt-msp430_4.4.7/lib/</path>
         <kind>archive</kind>
         <file>rts430x_lc_rd_eabi.lib</file>
         <name>memset.obj</name>
      </input_file>
      <input_file id="fl-c7">
         <path>/home/developer/ti/ccsv6/tools/compiler/ti-cgt-msp430_4.4.7/lib/</path>
         <kind>archive</kind>
         <file>rts430x_lc_rd_eabi.lib</file>
         <name>printf.obj</name>
      </input_file>
      <input_file id="fl-c8">
         <path>/home/developer/ti/ccsv6/tools/compiler/ti-cgt-msp430_4.4.7/lib/</path>
         <kind>archive</kind>
         <file>rts430x_lc_rd_eabi.lib</file>
         <name>raise.obj</name>
      </input_file>
      <input_file id="fl-c9">
         <path>/home/developer/ti/ccsv6/tools/compiler/ti-cgt-msp430_4.4.7/lib/</path>
         <kind>archive</kind>
         <file>rts430x_lc_rd_eabi.lib</file>
         <name>signal.obj</name>
      </input_file>
      <input_file id="fl-ca">
         <path>/home/developer/ti/ccsv6/tools/compiler/ti-cgt-msp430_4.4.7/lib/</path>
         <kind>archive</kind>
         <file>rts430x_lc_rd_eabi.lib</file>
         <name>snprintf.obj</name>
      </input_file>
      <input_file id="fl-cb">
         <path>/home/developer/ti/ccsv6/tools/compiler/ti-cgt-msp430_4.4.7/lib/</path>
         <kind>archive</kind>
         <file>rts430x_lc_rd_eabi.lib</file>
         <name>sprintf.obj</name>
      </input_file>
      <input_file id="fl-cc">
         <path>/home/developer/ti/ccsv6/tools/compiler/ti-cgt-msp430_4.4.7/lib/</path>
         <kind>archive</kind>
         <file>rts430x_lc_rd_eabi.lib</file>
         <name>sscanf.obj</name>
      </input_file>
      <input_file id="fl-cd">
         <path>/home/developer/ti/ccsv6/tools/compiler/ti-cgt-msp430_4.4.7/lib/</path>
         <kind>archive</kind>
         <file>rts430x_lc_rd_eabi.lib</file>
         <name>_scanfi.obj</name>
      </input_file>
      <input_file id="fl-ce">
         <path>/home/developer/ti/ccsv6/tools/compiler/ti-cgt-msp430_4.4.7/lib/</path>
         <kind>archive</kind>
         <file>rts430x_lc_rd_eabi.lib</file>
         <name>cvtdf.obj</name>
      </input_file>
      <input_file id="fl-cf">
         <path>/home/developer/ti/ccsv6/tools/compiler/ti-cgt-msp430_4.4.7/lib/</path>
         <kind>archive</kind>
         <file>rts430x_lc_rd_eabi.lib</file>
         <name>isspace.obj</name>
      </input_file>
      <input_file id="fl-d0">
         <path>/home/developer/ti/ccsv6/tools/compiler/ti-cgt-msp430_4.4.7/lib/</path>
         <kind>archive</kind>
         <file>rts430x_lc_rd_eabi.lib</file>
         <name>isxdigit.obj</name>
      </input_file>
      <input_file id="fl-d1">
         <path>/home/developer/ti/ccsv6/tools/compiler/ti-cgt-msp430_4.4.7/lib/</path>
         <kind>archive</kind>
         <file>rts430x_lc_rd_eabi.lib</file>
         <name>strchr.obj</name>
      </input_file>
      <input_file id="fl-d2">
         <path>/home/developer/ti/ccsv6/tools/compiler/ti-cgt-msp430_4.4.7/lib/</path>
         <kind>archive</kind>
         <file>rts430x_lc_rd_eabi.lib</file>
         <name>strcpy.obj</name>
      </input_file>
      <input_file id="fl-d3">
         <path>/home/developer/ti/ccsv6/tools/compiler/ti-cgt-msp430_4.4.7/lib/</path>
         <kind>archive</kind>
         <file>rts430x_lc_rd_eabi.lib</file>
         <name>strlen.obj</name>
      </input_file>
      <input_file id="fl-d4">
         <path>/home/developer/ti/ccsv6/tools/compiler/ti-cgt-msp430_4.4.7/lib/</path>
         <kind>archive</kind>
         <file>rts430x_lc_rd_eabi.lib</file>
         <name>strncat.obj</name>
      </input_file>
      <input_file id="fl-d5">
         <path>/home/developer/ti/ccsv6/tools/compiler/ti-cgt-msp430_4.4.7/lib/</path>
         <kind>archive</kind>
         <file>rts430x_lc_rd_eabi.lib</file>
         <name>strncmp.obj</name>
      </input_file>
      <input_file id="fl-d6">
         <path>/home/developer/ti/ccsv6/tools/compiler/ti-cgt-msp430_4.4.7/lib/</path>
         <kind>archive</kind>
         <file>rts430x_lc_rd_eabi.lib</file>
         <name>strncpy.obj</name>
      </input_file>
      <input_file id="fl-d7">
         <path>/home/developer/ti/ccsv6/tools/compiler/ti-cgt-msp430_4.4.7/lib/</path>
         <kind>archive</kind>
         <file>rts430x_lc_rd_eabi.lib</file>
         <name>strrchr.obj</name>
      </input_file>
      <input_file id="fl-d8">
         <path>/home/developer/ti/ccsv6/tools/compiler/ti-cgt-msp430_4.4.7/lib/</path>
         <kind>archive</kind>
         <file>rts430x_lc_rd_eabi.lib</file>
         <name>strtod.obj</name>
      </input_file>
      <input_file id="fl-d9">
         <path>/home/developer/ti/ccsv6/tools/compiler/ti-cgt-msp430_4.4.7/lib/</path>
         <kind>archive</kind>
         <file>rts430x_lc_rd_eabi.lib</file>
         <name>strtol.obj</name>
      </input_file>
      <input_file id="fl-da">
         <path>/home/developer/ti/ccsv6/tools/compiler/ti-cgt-msp430_4.4.7/lib/</path>
         <kind>archive</kind>
         <file>rts430x_lc_rd_eabi.lib</file>
         <name>strtoll.obj</name>
      </input_file>
      <input_file id="fl-db">
         <path>/home/developer/ti/ccsv6/tools/compiler/ti-cgt-msp430_4.4.7/lib/</path>
         <kind>archive</kind>
         <file>rts430x_lc_rd_eabi.lib</file>
         <name>mult64.obj</name>
      </input_file>
      <input_file id="fl-dc">
         <path>/home/developer/ti/ccsv6/tools/compiler/ti-cgt-msp430_4.4.7/lib/</path>
         <kind>archive</kind>
         <file>rts430x_lc_rd_eabi.lib</file>
         <name>mult1632.obj</name>
      </input_file>
      <input_file id="fl-dd">
         <path>/home/developer/ti/ccsv6/tools/compiler/ti-cgt-msp430_4.4.7/lib/</path>
         <kind>archive</kind>
         <file>rts430x_lc_rd_eabi.lib</file>
         <name>rem64u.obj</name>
      </input_file>
      <input_file id="fl-de">
         <path>/home/developer/ti/ccsv6/tools/compiler/ti-cgt-msp430_4.4.7/lib/</path>
         <kind>archive</kind>
         <file>rts430x_lc_rd_eabi.lib</file>
         <name>strtoul.obj</name>
      </input_file>
      <input_file id="fl-df">
         <path>/home/developer/ti/ccsv6/tools/compiler/ti-cgt-msp430_4.4.7/lib/</path>
         <kind>archive</kind>
         <file>rts430x_lc_rd_eabi.lib</file>
         <name>strtoull.obj</name>
      </input_file>
      <input_file id="fl-e0">
         <path>/home/developer/ti/ccsv6/tools/compiler/ti-cgt-msp430_4.4.7/lib/</path>
         <kind>archive</kind>
         <file>rts430x_lc_rd_eabi.lib</file>
         <name>toupper.obj</name>
      </input_file>
      <input_file id="fl-e1">
         <path>/home/developer/ti/ccsv6/tools/compiler/ti-cgt-msp430_4.4.7/lib/</path>
         <kind>archive</kind>
         <file>rts430x_lc_rd_eabi.lib</file>
         <name>vsnprintf.obj</name>
      </input_file>
   </input_file_list>
   <object_component_list>
      <object_component id="oc-e3">
         <name>.sysmem</name>
         <uninitialized>true</uninitialized>
         <run_address>0x4400</run_address>
         <size>0x6</size>
         <input_file_ref idref="fl-b8"/>
      </object_component>
      <object_component id="oc-6d1">
         <name>.sysmem</name>
         <uninitialized>true</uninitialized>
         <run_address>0x4400</run_address>
         <size>0x0</size>
      </object_component>
      <object_component id="oc-6cf">
         <name>.cinit..data.load</name>
         <load_address>0x7c2c</load_address>
         <run_address>0x7c2c</run_address>
         <size>0x87</size>
      </object_component>
      <object_component id="oc-6cc">
         <name>__TI_handler_table</name>
         <load_address>0x7cb4</load_address>
         <run_address>0x7cb4</run_address>
         <size>0xc</size>
      </object_component>
      <object_component id="oc-6ce">
         <name>.cinit..bss.load</name>
         <load_address>0x7cc0</load_address>
         <run_address>0x7cc0</run_address>
         <size>0x6</size>
      </object_component>
      <object_component id="oc-6cd">
         <name>__TI_cinit_table</name>
         <load_address>0x7cc6</load_address>
         <run_address>0x7cc6</run_address>
         <size>0x10</size>
      </object_component>
      <object_component id="oc-283">
         <name>.const:init_pin_table$1</name>
         <load_address>0x7620</load_address>
         <run_address>0x7620</run_address>
         <size>0x41a</size>
         <input_file_ref idref="fl-2"/>
      </object_component>
      <object_component id="oc-40f">
         <name>.const:.string:_ctypes_</name>
         <load_address>0x7a3a</load_address>
         <run_address>0x7a3a</run_address>
         <size>0x101</size>
         <input_file_ref idref="fl-b7"/>
      </object_component>
      <object_component id="oc-404">
         <name>.const:.string</name>
         <load_address>0x7b3c</load_address>
         <run_address>0x7b3c</run_address>
         <size>0x36</size>
         <input_file_ref idref="fl-92"/>
      </object_component>
      <object_component id="oc-38b">
         <name>.const:.string</name>
         <load_address>0x7b72</load_address>
         <run_address>0x7b72</run_address>
         <size>0x32</size>
         <input_file_ref idref="fl-b"/>
      </object_component>
      <object_component id="oc-3a1">
         <name>.const:.string</name>
         <load_address>0x7ba4</load_address>
         <run_address>0x7ba4</run_address>
         <size>0x26</size>
         <input_file_ref idref="fl-9f"/>
      </object_component>
      <object_component id="oc-336">
         <name>.const:.string</name>
         <load_address>0x7bca</load_address>
         <run_address>0x7bca</run_address>
         <size>0x22</size>
         <input_file_ref idref="fl-3"/>
      </object_component>
      <object_component id="oc-1ad">
         <name>.const</name>
         <load_address>0x7bec</load_address>
         <run_address>0x7bec</run_address>
         <size>0x22</size>
         <input_file_ref idref="fl-3"/>
      </object_component>
      <object_component id="oc-26a">
         <name>.const:.string</name>
         <load_address>0x7c0e</load_address>
         <run_address>0x7c0e</run_address>
         <size>0x12</size>
         <input_file_ref idref="fl-6"/>
      </object_component>
      <object_component id="oc-38c">
         <name>.const:LEVEL_STRINGS</name>
         <load_address>0x7c20</load_address>
         <run_address>0x7c20</run_address>
         <size>0xc</size>
         <input_file_ref idref="fl-b"/>
      </object_component>
      <object_component id="oc-10b">
         <name>.text:_isr:TA0IV_ISR</name>
         <load_address>0x7234</load_address>
         <run_address>0x7234</run_address>
         <size>0x10e</size>
         <input_file_ref idref="fl-4"/>
      </object_component>
      <object_component id="oc-11d">
         <name>.text:_isr:TIMER0_A0_ISR</name>
         <load_address>0x7342</load_address>
         <run_address>0x7342</run_address>
         <size>0x6a</size>
         <input_file_ref idref="fl-4"/>
      </object_component>
      <object_component id="oc-117">
         <name>.text:_isr:USCI_A1_ISR</name>
         <load_address>0x73ac</load_address>
         <run_address>0x73ac</run_address>
         <size>0x5a</size>
         <input_file_ref idref="fl-3"/>
      </object_component>
      <object_component id="oc-123">
         <name>.text:_isr:USCI_A0_ISR</name>
         <load_address>0x7406</load_address>
         <run_address>0x7406</run_address>
         <size>0x32</size>
         <input_file_ref idref="fl-3"/>
      </object_component>
      <object_component id="oc-bb">
         <name>.text:_isr:_c_int00_noargs_noexit</name>
         <load_address>0x7438</load_address>
         <run_address>0x7438</run_address>
         <size>0x1a</size>
         <input_file_ref idref="fl-97"/>
      </object_component>
      <object_component id="oc-105">
         <name>.text:_isr:RTC_ISR</name>
         <load_address>0x7452</load_address>
         <run_address>0x7452</run_address>
         <size>0x12</size>
         <input_file_ref idref="fl-4"/>
      </object_component>
      <object_component id="oc-100">
         <name>.text:_isr:__TI_ISR_TRAP</name>
         <load_address>0x7464</load_address>
         <run_address>0x7464</run_address>
         <size>0x6</size>
         <input_file_ref idref="fl-6e"/>
      </object_component>
      <object_component id="oc-111">
         <name>.text:_isr:TACCR1_ISR</name>
         <load_address>0x746a</load_address>
         <run_address>0x746a</run_address>
         <size>0x2</size>
         <input_file_ref idref="fl-4"/>
      </object_component>
      <object_component id="oc-54c">
         <name>.text:__TI_frcdivd</name>
         <load_address>0x10000</load_address>
         <run_address>0x10000</run_address>
         <size>0x452</size>
         <input_file_ref idref="fl-a3"/>
      </object_component>
      <object_component id="oc-518">
         <name>.text:__mspabi_divull</name>
         <load_address>0x10452</load_address>
         <run_address>0x10452</run_address>
         <size>0x39a</size>
         <input_file_ref idref="fl-a4"/>
      </object_component>
      <object_component id="oc-544">
         <name>.text:__TI_frcmpyd</name>
         <load_address>0x107ec</load_address>
         <run_address>0x107ec</run_address>
         <size>0x2e4</size>
         <input_file_ref idref="fl-aa"/>
      </object_component>
      <object_component id="oc-59f">
         <name>.text:__mspabi_addd</name>
         <load_address>0x10ad0</load_address>
         <run_address>0x10ad0</run_address>
         <size>0x2d8</size>
         <input_file_ref idref="fl-b3"/>
      </object_component>
      <object_component id="oc-4cd">
         <name>.text:__mspabi_mpyd</name>
         <load_address>0x10da8</load_address>
         <run_address>0x10da8</run_address>
         <size>0x282</size>
         <input_file_ref idref="fl-a9"/>
      </object_component>
      <object_component id="oc-2de">
         <name>.text:bsp_pin_set_alt_funct</name>
         <load_address>0x1102a</load_address>
         <run_address>0x1102a</run_address>
         <size>0x27c</size>
         <input_file_ref idref="fl-2"/>
      </object_component>
      <object_component id="oc-36a">
         <name>.text:_setfield</name>
         <load_address>0x112a6</load_address>
         <run_address>0x112a6</run_address>
         <size>0x262</size>
         <input_file_ref idref="fl-9f"/>
      </object_component>
      <object_component id="oc-5e7">
         <name>.text:__TI_frcaddd</name>
         <load_address>0x11508</load_address>
         <run_address>0x11508</run_address>
         <size>0x252</size>
         <input_file_ref idref="fl-b4"/>
      </object_component>
      <object_component id="oc-4d3">
         <name>.text:__mspabi_divd</name>
         <load_address>0x1175a</load_address>
         <run_address>0x1175a</run_address>
         <size>0x222</size>
         <input_file_ref idref="fl-a2"/>
      </object_component>
      <object_component id="oc-3a8">
         <name>.text:_pproc_fgea</name>
         <load_address>0x1197c</load_address>
         <run_address>0x1197c</run_address>
         <size>0x218</size>
         <input_file_ref idref="fl-9f"/>
      </object_component>
      <object_component id="oc-4ad">
         <name>.text:ecvt</name>
         <load_address>0x11b94</load_address>
         <run_address>0x11b94</run_address>
         <size>0x218</size>
         <input_file_ref idref="fl-9f"/>
      </object_component>
      <object_component id="oc-4e0">
         <name>.text:acvt</name>
         <load_address>0x11dac</load_address>
         <run_address>0x11dac</run_address>
         <size>0x212</size>
         <input_file_ref idref="fl-9f"/>
      </object_component>
      <object_component id="oc-324">
         <name>.text:__TI_printfi</name>
         <load_address>0x11fbe</load_address>
         <run_address>0x11fbe</run_address>
         <size>0x202</size>
         <input_file_ref idref="fl-9f"/>
      </object_component>
      <object_component id="oc-4c0">
         <name>.text:fcvt</name>
         <load_address>0x121c0</load_address>
         <run_address>0x121c0</run_address>
         <size>0x202</size>
         <input_file_ref idref="fl-9f"/>
      </object_component>
      <object_component id="oc-43f">
         <name>.text:_pconv_e</name>
         <load_address>0x123c2</load_address>
         <run_address>0x123c2</run_address>
         <size>0x1a4</size>
         <input_file_ref idref="fl-9f"/>
      </object_component>
      <object_component id="oc-5c4">
         <name>.text:_Dscale</name>
         <load_address>0x12566</load_address>
         <run_address>0x12566</run_address>
         <size>0x19e</size>
         <input_file_ref idref="fl-bd"/>
      </object_component>
      <object_component id="oc-37f">
         <name>.text:__vla_alloc</name>
         <load_address>0x12704</load_address>
         <run_address>0x12704</run_address>
         <size>0x198</size>
         <input_file_ref idref="fl-92"/>
      </object_component>
      <object_component id="oc-414">
         <name>.text:_getarg_diouxp</name>
         <load_address>0x1289c</load_address>
         <run_address>0x1289c</run_address>
         <size>0x188</size>
         <input_file_ref idref="fl-9f"/>
      </object_component>
      <object_component id="oc-445">
         <name>.text:_pconv_a</name>
         <load_address>0x12a24</load_address>
         <run_address>0x12a24</run_address>
         <size>0x16e</size>
         <input_file_ref idref="fl-9f"/>
      </object_component>
      <object_component id="oc-3a2">
         <name>.text:_pproc_diouxp</name>
         <load_address>0x12b92</load_address>
         <run_address>0x12b92</run_address>
         <size>0x148</size>
         <input_file_ref idref="fl-9f"/>
      </object_component>
      <object_component id="oc-473">
         <name>.text:realloc</name>
         <load_address>0x12cda</load_address>
         <run_address>0x12cda</run_address>
         <size>0x144</size>
         <input_file_ref idref="fl-b8"/>
      </object_component>
      <object_component id="oc-337">
         <name>.text:util_log</name>
         <load_address>0x12e1e</load_address>
         <run_address>0x12e1e</run_address>
         <size>0x10c</size>
         <input_file_ref idref="fl-b"/>
      </object_component>
      <object_component id="oc-2d8">
         <name>.text:bsp_pin_digital_write</name>
         <load_address>0x12f2a</load_address>
         <run_address>0x12f2a</run_address>
         <size>0x104</size>
         <input_file_ref idref="fl-2"/>
      </object_component>
      <object_component id="oc-5ba">
         <name>.text:_Dnorm</name>
         <load_address>0x1302e</load_address>
         <run_address>0x1302e</run_address>
         <size>0x100</size>
         <input_file_ref idref="fl-bb"/>
      </object_component>
      <object_component id="oc-433">
         <name>.text:_pconv_g</name>
         <load_address>0x1312e</load_address>
         <run_address>0x1312e</run_address>
         <size>0xfc</size>
         <input_file_ref idref="fl-9f"/>
      </object_component>
      <object_component id="oc-364">
         <name>.text:_pproc_fwp</name>
         <load_address>0x1322a</load_address>
         <run_address>0x1322a</run_address>
         <size>0xfa</size>
         <input_file_ref idref="fl-9f"/>
      </object_component>
      <object_component id="oc-2d2">
         <name>.text:bsp_pin_set_mode</name>
         <load_address>0x13324</load_address>
         <run_address>0x13324</run_address>
         <size>0xec</size>
         <input_file_ref idref="fl-2"/>
      </object_component>
      <object_component id="oc-44b">
         <name>.text:__mspabi_cmpd</name>
         <load_address>0x13410</load_address>
         <run_address>0x13410</run_address>
         <size>0xd8</size>
         <input_file_ref idref="fl-a1"/>
      </object_component>
      <object_component id="oc-38f">
         <name>.text:__vla_dealloc</name>
         <load_address>0x134e8</load_address>
         <run_address>0x134e8</run_address>
         <size>0xc6</size>
         <input_file_ref idref="fl-92"/>
      </object_component>
      <object_component id="oc-3d8">
         <name>.text:malloc</name>
         <load_address>0x135ae</load_address>
         <run_address>0x135ae</run_address>
         <size>0xba</size>
         <input_file_ref idref="fl-b8"/>
      </object_component>
      <object_component id="oc-61b">
         <name>.text:__TI_renormd</name>
         <load_address>0x13668</load_address>
         <run_address>0x13668</run_address>
         <size>0xb2</size>
         <input_file_ref idref="fl-b5"/>
      </object_component>
      <object_component id="oc-3c6">
         <name>.text:_Z21free_dead_allocationsPv</name>
         <load_address>0x1371a</load_address>
         <run_address>0x1371a</run_address>
         <size>0xa8</size>
         <input_file_ref idref="fl-92"/>
      </object_component>
      <object_component id="oc-370">
         <name>.text:_pproc_str</name>
         <load_address>0x137c2</load_address>
         <run_address>0x137c2</run_address>
         <size>0xa8</size>
         <input_file_ref idref="fl-9f"/>
      </object_component>
      <object_component id="oc-41a">
         <name>.text:_ltostr</name>
         <load_address>0x1386a</load_address>
         <run_address>0x1386a</run_address>
         <size>0x9e</size>
         <input_file_ref idref="fl-9f"/>
      </object_component>
      <object_component id="oc-29b">
         <name>.text:EUSCI_A_UART_init</name>
         <load_address>0x13908</load_address>
         <run_address>0x13908</run_address>
         <size>0x9a</size>
         <input_file_ref idref="fl-24"/>
      </object_component>
      <object_component id="oc-527">
         <name>.text:__mspabi_fltlid</name>
         <load_address>0x139a2</load_address>
         <run_address>0x139a2</run_address>
         <size>0x94</size>
         <input_file_ref idref="fl-a8"/>
      </object_component>
      <object_component id="oc-4b3">
         <name>.text:_ecpy</name>
         <load_address>0x13a36</load_address>
         <run_address>0x13a36</run_address>
         <size>0x94</size>
         <input_file_ref idref="fl-9f"/>
      </object_component>
      <object_component id="oc-258">
         <name>.text:init_uart</name>
         <load_address>0x13aca</load_address>
         <run_address>0x13aca</run_address>
         <size>0x92</size>
         <input_file_ref idref="fl-3"/>
      </object_component>
      <object_component id="oc-4b9">
         <name>.text:_mcpy</name>
         <load_address>0x13b5c</load_address>
         <run_address>0x13b5c</run_address>
         <size>0x90</size>
         <input_file_ref idref="fl-9f"/>
      </object_component>
      <object_component id="oc-3fe">
         <name>.text:free</name>
         <load_address>0x13bec</load_address>
         <run_address>0x13bec</run_address>
         <size>0x8e</size>
         <input_file_ref idref="fl-b8"/>
      </object_component>
      <object_component id="oc-4a2">
         <name>.text:_div</name>
         <load_address>0x13c7a</load_address>
         <run_address>0x13c7a</run_address>
         <size>0x88</size>
         <input_file_ref idref="fl-9f"/>
      </object_component>
      <object_component id="oc-55c">
         <name>.text:ldexp</name>
         <load_address>0x13d02</load_address>
         <run_address>0x13d02</run_address>
         <size>0x86</size>
         <input_file_ref idref="fl-bc"/>
      </object_component>
      <object_component id="oc-521">
         <name>.text:ltoa</name>
         <load_address>0x13d88</load_address>
         <run_address>0x13d88</run_address>
         <size>0x80</size>
         <input_file_ref idref="fl-c2"/>
      </object_component>
      <object_component id="oc-439">
         <name>.text:_pconv_f</name>
         <load_address>0x13e08</load_address>
         <run_address>0x13e08</run_address>
         <size>0x78</size>
         <input_file_ref idref="fl-9f"/>
      </object_component>
      <object_component id="oc-554">
         <name>.text:_Dunscale</name>
         <load_address>0x13e80</load_address>
         <run_address>0x13e80</run_address>
         <size>0x72</size>
         <input_file_ref idref="fl-ba"/>
      </object_component>
      <object_component id="oc-136">
         <name>.text:_auto_init_hold_wdt</name>
         <load_address>0x13ef2</load_address>
         <run_address>0x13ef2</run_address>
         <size>0x6c</size>
         <input_file_ref idref="fl-96"/>
      </object_component>
      <object_component id="oc-f3">
         <name>.text:__TI_decompress_rle_core</name>
         <load_address>0x13f5e</load_address>
         <run_address>0x13f5e</run_address>
         <size>0x68</size>
         <input_file_ref idref="fl-6c"/>
      </object_component>
      <object_component id="oc-24b">
         <name>.text:CS_initClockSignal</name>
         <load_address>0x13fc6</load_address>
         <run_address>0x13fc6</run_address>
         <size>0x66</size>
         <input_file_ref idref="fl-20"/>
      </object_component>
      <object_component id="oc-539">
         <name>.text:__mspabi_fixdli</name>
         <load_address>0x1402c</load_address>
         <run_address>0x1402c</run_address>
         <size>0x66</size>
         <input_file_ref idref="fl-a6"/>
      </object_component>
      <object_component id="oc-39a">
         <name>.text:atoi</name>
         <load_address>0x14092</load_address>
         <run_address>0x14092</run_address>
         <size>0x62</size>
         <input_file_ref idref="fl-b6"/>
      </object_component>
      <object_component id="oc-2bd">
         <name>.text:snprintf</name>
         <load_address>0x140f4</load_address>
         <run_address>0x140f4</run_address>
         <size>0x62</size>
         <input_file_ref idref="fl-ca"/>
      </object_component>
      <object_component id="oc-2c5">
         <name>.text:cout_data_channel</name>
         <load_address>0x14156</load_address>
         <run_address>0x14156</run_address>
         <size>0x60</size>
         <input_file_ref idref="fl-3"/>
      </object_component>
      <object_component id="oc-513">
         <name>.text</name>
         <load_address>0x141b6</load_address>
         <run_address>0x141b6</run_address>
         <size>0x58</size>
         <input_file_ref idref="fl-88"/>
      </object_component>
      <object_component id="oc-385">
         <name>.text:vsnprintf</name>
         <load_address>0x1420e</load_address>
         <run_address>0x1420e</run_address>
         <size>0x56</size>
         <input_file_ref idref="fl-e1"/>
      </object_component>
      <object_component id="oc-427">
         <name>.text:_Dclass</name>
         <load_address>0x14264</load_address>
         <run_address>0x14264</run_address>
         <size>0x50</size>
         <input_file_ref idref="fl-a0"/>
      </object_component>
      <object_component id="oc-408">
         <name>.text:fprintf</name>
         <load_address>0x142b4</load_address>
         <run_address>0x142b4</run_address>
         <size>0x50</size>
         <input_file_ref idref="fl-9e"/>
      </object_component>
      <object_component id="oc-4c6">
         <name>.text:_fcpy</name>
         <load_address>0x14304</load_address>
         <run_address>0x14304</run_address>
         <size>0x4e</size>
         <input_file_ref idref="fl-9f"/>
      </object_component>
      <object_component id="oc-35e">
         <name>.text:_pproc_fflags</name>
         <load_address>0x14352</load_address>
         <run_address>0x14352</run_address>
         <size>0x46</size>
         <input_file_ref idref="fl-9f"/>
      </object_component>
      <object_component id="oc-3cc">
         <name>.text:_Z18init_curr_vla_poolv</name>
         <load_address>0x14398</load_address>
         <run_address>0x14398</run_address>
         <size>0x44</size>
         <input_file_ref idref="fl-92"/>
      </object_component>
      <object_component id="oc-3d2">
         <name>.text:_Z31increase_curr_vla_pool_capacityv</name>
         <load_address>0x143dc</load_address>
         <run_address>0x143dc</run_address>
         <size>0x44</size>
         <input_file_ref idref="fl-92"/>
      </object_component>
      <object_component id="oc-4da">
         <name>.text:frexp</name>
         <load_address>0x14420</load_address>
         <run_address>0x14420</run_address>
         <size>0x42</size>
         <input_file_ref idref="fl-b9"/>
      </object_component>
      <object_component id="oc-47d">
         <name>.text:minit</name>
         <load_address>0x14462</load_address>
         <run_address>0x14462</run_address>
         <size>0x42</size>
         <input_file_ref idref="fl-b8"/>
      </object_component>
      <object_component id="oc-586">
         <name>.text</name>
         <load_address>0x144a4</load_address>
         <run_address>0x144a4</run_address>
         <size>0x40</size>
         <input_file_ref idref="fl-86"/>
      </object_component>
      <object_component id="oc-568">
         <name>.text:incr_hex</name>
         <load_address>0x144e4</load_address>
         <run_address>0x144e4</run_address>
         <size>0x3e</size>
         <input_file_ref idref="fl-9f"/>
      </object_component>
      <object_component id="oc-5ad">
         <name>.text:l_asr_const</name>
         <load_address>0x14522</load_address>
         <run_address>0x14522</run_address>
         <size>0x3e</size>
         <input_file_ref idref="fl-af"/>
      </object_component>
      <object_component id="oc-593">
         <name>.text:l_lsl_const</name>
         <load_address>0x14560</load_address>
         <run_address>0x14560</run_address>
         <size>0x3e</size>
         <input_file_ref idref="fl-ad"/>
      </object_component>
      <object_component id="oc-598">
         <name>.text:l_lsr_const</name>
         <load_address>0x1459e</load_address>
         <run_address>0x1459e</run_address>
         <size>0x3e</size>
         <input_file_ref idref="fl-b0"/>
      </object_component>
      <object_component id="oc-2b4">
         <name>.text:fputs</name>
         <load_address>0x145dc</load_address>
         <run_address>0x145dc</run_address>
         <size>0x3c</size>
         <input_file_ref idref="fl-3"/>
      </object_component>
      <object_component id="oc-251">
         <name>.text:CS_turnOnLFXT</name>
         <load_address>0x14618</load_address>
         <run_address>0x14618</run_address>
         <size>0x3a</size>
         <input_file_ref idref="fl-20"/>
      </object_component>
      <object_component id="oc-57e">
         <name>.text:__mspabi_sllll</name>
         <load_address>0x14652</load_address>
         <run_address>0x14652</run_address>
         <size>0x3a</size>
         <input_file_ref idref="fl-ae"/>
      </object_component>
      <object_component id="oc-508">
         <name>.text:__mspabi_srlll</name>
         <load_address>0x1468c</load_address>
         <run_address>0x1468c</run_address>
         <size>0x3a</size>
         <input_file_ref idref="fl-b1"/>
      </object_component>
      <object_component id="oc-64d">
         <name>.text:signal</name>
         <load_address>0x146c6</load_address>
         <run_address>0x146c6</run_address>
         <size>0x38</size>
         <input_file_ref idref="fl-c9"/>
      </object_component>
      <object_component id="oc-5ca">
         <name>.text:_Feraise</name>
         <load_address>0x146fe</load_address>
         <run_address>0x146fe</run_address>
         <size>0x36</size>
         <input_file_ref idref="fl-be"/>
      </object_component>
      <object_component id="oc-318">
         <name>.text:_outs</name>
         <load_address>0x14734</load_address>
         <run_address>0x14734</run_address>
         <size>0x36</size>
         <input_file_ref idref="fl-ca"/>
      </object_component>
      <object_component id="oc-3e9">
         <name>.text:_outs</name>
         <load_address>0x1476a</load_address>
         <run_address>0x1476a</run_address>
         <size>0x36</size>
         <input_file_ref idref="fl-e1"/>
      </object_component>
      <object_component id="oc-603">
         <name>.text:feraiseexcept</name>
         <load_address>0x147a0</load_address>
         <run_address>0x147a0</run_address>
         <size>0x34</size>
         <input_file_ref idref="fl-c1"/>
      </object_component>
      <object_component id="oc-52d">
         <name>.text:__mspabi_subd</name>
         <load_address>0x147d4</load_address>
         <run_address>0x147d4</run_address>
         <size>0x32</size>
         <input_file_ref idref="fl-b2"/>
      </object_component>
      <object_component id="oc-634">
         <name>.text:raise</name>
         <load_address>0x14806</load_address>
         <run_address>0x14806</run_address>
         <size>0x32</size>
         <input_file_ref idref="fl-c8"/>
      </object_component>
      <object_component id="oc-1da">
         <name>.text:logger_init</name>
         <load_address>0x14838</load_address>
         <run_address>0x14838</run_address>
         <size>0x30</size>
         <input_file_ref idref="fl-6"/>
      </object_component>
      <object_component id="oc-42d">
         <name>.text:__mspabi_negd</name>
         <load_address>0x14868</load_address>
         <run_address>0x14868</run_address>
         <size>0x2e</size>
         <input_file_ref idref="fl-ac"/>
      </object_component>
      <object_component id="oc-1d4">
         <name>.text:Init_Clock</name>
         <load_address>0x14896</load_address>
         <run_address>0x14896</run_address>
         <size>0x2c</size>
         <input_file_ref idref="fl-8"/>
      </object_component>
      <object_component id="oc-1e0">
         <name>.text:bsp_pins_initalize</name>
         <load_address>0x148c2</load_address>
         <run_address>0x148c2</run_address>
         <size>0x2c</size>
         <input_file_ref idref="fl-2"/>
      </object_component>
      <object_component id="oc-277">
         <name>.text:util_log_init</name>
         <load_address>0x148ee</load_address>
         <run_address>0x148ee</run_address>
         <size>0x2a</size>
         <input_file_ref idref="fl-b"/>
      </object_component>
      <object_component id="oc-533">
         <name>.text:__mspabi_fixdi</name>
         <load_address>0x14918</load_address>
         <run_address>0x14918</run_address>
         <size>0x28</size>
         <input_file_ref idref="fl-a5"/>
      </object_component>
      <object_component id="oc-284">
         <name>.text:bsp_pin_setup</name>
         <load_address>0x14940</load_address>
         <run_address>0x14940</run_address>
         <size>0x26</size>
         <input_file_ref idref="fl-2"/>
      </object_component>
      <object_component id="oc-9d">
         <name>.text:decompress:ZI:__TI_zero_init</name>
         <load_address>0x14966</load_address>
         <run_address>0x14966</run_address>
         <size>0x24</size>
         <input_file_ref idref="fl-84"/>
      </object_component>
      <object_component id="oc-264">
         <name>.text:get_time</name>
         <load_address>0x1498a</load_address>
         <run_address>0x1498a</run_address>
         <size>0x24</size>
         <input_file_ref idref="fl-6"/>
      </object_component>
      <object_component id="oc-1b0">
         <name>.text:EUSCI_A_UART_disableInterrupt</name>
         <load_address>0x149ae</load_address>
         <run_address>0x149ae</run_address>
         <size>0x22</size>
         <input_file_ref idref="fl-24"/>
      </object_component>
      <object_component id="oc-2a7">
         <name>.text:EUSCI_A_UART_enableInterrupt</name>
         <load_address>0x149d0</load_address>
         <run_address>0x149d0</run_address>
         <size>0x22</size>
         <input_file_ref idref="fl-24"/>
      </object_component>
      <object_component id="oc-30f">
         <name>.text:EUSCI_A_UART_transmitData</name>
         <load_address>0x149f2</load_address>
         <run_address>0x149f2</run_address>
         <size>0x22</size>
         <input_file_ref idref="fl-24"/>
      </object_component>
      <object_component id="oc-4fd">
         <name>.text:fputc</name>
         <load_address>0x14a14</load_address>
         <run_address>0x14a14</run_address>
         <size>0x22</size>
         <input_file_ref idref="fl-3"/>
      </object_component>
      <object_component id="oc-5a8">
         <name>.text</name>
         <load_address>0x14a36</load_address>
         <run_address>0x14a36</run_address>
         <size>0x22</size>
         <input_file_ref idref="fl-8b"/>
      </object_component>
      <object_component id="oc-1a4">
         <name>.text:EUSCI_A_UART_receiveData</name>
         <load_address>0x14a58</load_address>
         <run_address>0x14a58</run_address>
         <size>0x20</size>
         <input_file_ref idref="fl-24"/>
      </object_component>
      <object_component id="oc-31e">
         <name>.text:_outc</name>
         <load_address>0x14a78</load_address>
         <run_address>0x14a78</run_address>
         <size>0x20</size>
         <input_file_ref idref="fl-ca"/>
      </object_component>
      <object_component id="oc-3ef">
         <name>.text:_outc</name>
         <load_address>0x14a98</load_address>
         <run_address>0x14a98</run_address>
         <size>0x20</size>
         <input_file_ref idref="fl-e1"/>
      </object_component>
      <object_component id="oc-150">
         <name>.text:main</name>
         <load_address>0x14ab8</load_address>
         <run_address>0x14ab8</run_address>
         <size>0x20</size>
         <input_file_ref idref="fl-8"/>
      </object_component>
      <object_component id="oc-562">
         <name>.text:val_hex</name>
         <load_address>0x14ad8</load_address>
         <run_address>0x14ad8</run_address>
         <size>0x20</size>
         <input_file_ref idref="fl-9f"/>
      </object_component>
      <object_component id="oc-3ae">
         <name>.text:memccpy</name>
         <load_address>0x14af8</load_address>
         <run_address>0x14af8</run_address>
         <size>0x1e</size>
         <input_file_ref idref="fl-c4"/>
      </object_component>
      <object_component id="oc-5d2">
         <name>.text:strchr</name>
         <load_address>0x14b16</load_address>
         <run_address>0x14b16</run_address>
         <size>0x1c</size>
         <input_file_ref idref="fl-d1"/>
      </object_component>
      <object_component id="oc-2ad">
         <name>.text:memset</name>
         <load_address>0x14b32</load_address>
         <run_address>0x14b32</run_address>
         <size>0x16</size>
         <input_file_ref idref="fl-c6"/>
      </object_component>
      <object_component id="oc-50e">
         <name>.text</name>
         <load_address>0x14b48</load_address>
         <run_address>0x14b48</run_address>
         <size>0x16</size>
         <input_file_ref idref="fl-87"/>
      </object_component>
      <object_component id="oc-27e">
         <name>.text</name>
         <load_address>0x14b5e</load_address>
         <run_address>0x14b5e</run_address>
         <size>0x16</size>
         <input_file_ref idref="fl-8a"/>
      </object_component>
      <object_component id="oc-271">
         <name>.text:info_logger_log</name>
         <load_address>0x14b74</load_address>
         <run_address>0x14b74</run_address>
         <size>0x14</size>
         <input_file_ref idref="fl-6"/>
      </object_component>
      <object_component id="oc-e6">
         <name>.text:memcpy</name>
         <load_address>0x14b88</load_address>
         <run_address>0x14b88</run_address>
         <size>0x14</size>
         <input_file_ref idref="fl-c5"/>
      </object_component>
      <object_component id="oc-245">
         <name>.text:CS_setDCOFreq</name>
         <load_address>0x14b9c</load_address>
         <run_address>0x14b9c</run_address>
         <size>0x12</size>
         <input_file_ref idref="fl-20"/>
      </object_component>
      <object_component id="oc-75">
         <name>.text:decompress:none:__TI_decompress_none</name>
         <load_address>0x14bae</load_address>
         <run_address>0x14bae</run_address>
         <size>0x12</size>
         <input_file_ref idref="fl-6b"/>
      </object_component>
      <object_component id="oc-421">
         <name>.text:toupper</name>
         <load_address>0x14bc0</load_address>
         <run_address>0x14bc0</run_address>
         <size>0x12</size>
         <input_file_ref idref="fl-e0"/>
      </object_component>
      <object_component id="oc-616">
         <name>.text:l_asr</name>
         <load_address>0x14bd2</load_address>
         <run_address>0x14bd2</run_address>
         <size>0x10</size>
         <input_file_ref idref="fl-af"/>
      </object_component>
      <object_component id="oc-611">
         <name>.text:l_lsl</name>
         <load_address>0x14be2</load_address>
         <run_address>0x14be2</run_address>
         <size>0x10</size>
         <input_file_ref idref="fl-ad"/>
      </object_component>
      <object_component id="oc-579">
         <name>.text:l_lsr</name>
         <load_address>0x14bf2</load_address>
         <run_address>0x14bf2</run_address>
         <size>0x10</size>
         <input_file_ref idref="fl-b0"/>
      </object_component>
      <object_component id="oc-303">
         <name>.text:strlen</name>
         <load_address>0x14c02</load_address>
         <run_address>0x14c02</run_address>
         <size>0xe</size>
         <input_file_ref idref="fl-d3"/>
      </object_component>
      <object_component id="oc-18b">
         <name>.text:Timer_A_disableCaptureCompareInterrupt</name>
         <load_address>0x14c10</load_address>
         <run_address>0x14c10</run_address>
         <size>0xc</size>
         <input_file_ref idref="fl-33"/>
      </object_component>
      <object_component id="oc-56e">
         <name>.text:__mspabi_fltid</name>
         <load_address>0x14c1c</load_address>
         <run_address>0x14c1c</run_address>
         <size>0xc</size>
         <input_file_ref idref="fl-a7"/>
      </object_component>
      <object_component id="oc-309">
         <name>.text:EUSCI_A_UART_getInterruptStatus</name>
         <load_address>0x14c28</load_address>
         <run_address>0x14c28</run_address>
         <size>0xa</size>
         <input_file_ref idref="fl-24"/>
      </object_component>
      <object_component id="oc-58b">
         <name>.text:abs</name>
         <load_address>0x14c32</load_address>
         <run_address>0x14c32</run_address>
         <size>0xa</size>
         <input_file_ref idref="fl-c3"/>
      </object_component>
      <object_component id="oc-34c">
         <name>.text</name>
         <load_address>0x14c3c</load_address>
         <run_address>0x14c3c</run_address>
         <size>0xa</size>
         <input_file_ref idref="fl-8f"/>
      </object_component>
      <object_component id="oc-5f9">
         <name>.text</name>
         <load_address>0x14c46</load_address>
         <run_address>0x14c46</run_address>
         <size>0xa</size>
         <input_file_ref idref="fl-91"/>
      </object_component>
      <object_component id="oc-185">
         <name>.text:Timer_A_stop</name>
         <load_address>0x14c50</load_address>
         <run_address>0x14c50</run_address>
         <size>0x8</size>
         <input_file_ref idref="fl-33"/>
      </object_component>
      <object_component id="oc-26b">
         <name>.text:error_logger_log</name>
         <load_address>0x14c58</load_address>
         <run_address>0x14c58</run_address>
         <size>0x8</size>
         <input_file_ref idref="fl-6"/>
      </object_component>
      <object_component id="oc-25e">
         <name>.text:trace_logger_log</name>
         <load_address>0x14c60</load_address>
         <run_address>0x14c60</run_address>
         <size>0x8</size>
         <input_file_ref idref="fl-6"/>
      </object_component>
      <object_component id="oc-2a1">
         <name>.text:EUSCI_A_UART_enable</name>
         <load_address>0x14c68</load_address>
         <run_address>0x14c68</run_address>
         <size>0x6</size>
         <input_file_ref idref="fl-24"/>
      </object_component>
      <object_component id="oc-197">
         <name>.text:Timer_A_clear</name>
         <load_address>0x14c6e</load_address>
         <run_address>0x14c6e</run_address>
         <size>0x6</size>
         <input_file_ref idref="fl-33"/>
      </object_component>
      <object_component id="oc-191">
         <name>.text:Timer_A_disableInterrupt</name>
         <load_address>0x14c74</load_address>
         <run_address>0x14c74</run_address>
         <size>0x6</size>
         <input_file_ref idref="fl-33"/>
      </object_component>
      <object_component id="oc-494">
         <name>.text:_outc</name>
         <load_address>0x14c7a</load_address>
         <run_address>0x14c7a</run_address>
         <size>0x6</size>
         <input_file_ref idref="fl-9e"/>
      </object_component>
      <object_component id="oc-7b">
         <name>.text:decompress:rle24:__TI_decompress_rle24</name>
         <load_address>0x14c80</load_address>
         <run_address>0x14c80</run_address>
         <size>0x6</size>
         <input_file_ref idref="fl-6c"/>
      </object_component>
      <object_component id="oc-3bd">
         <name>.text:__abort_execution</name>
         <load_address>0x14c86</load_address>
         <run_address>0x14c86</run_address>
         <size>0x4</size>
         <input_file_ref idref="fl-93"/>
      </object_component>
      <object_component id="oc-48e">
         <name>.text:_outs</name>
         <load_address>0x14c8a</load_address>
         <run_address>0x14c8a</run_address>
         <size>0x4</size>
         <input_file_ref idref="fl-9e"/>
      </object_component>
      <object_component id="oc-130">
         <name>.text:_system_pre_init</name>
         <load_address>0x14c8e</load_address>
         <run_address>0x14c8e</run_address>
         <size>0x4</size>
         <input_file_ref idref="fl-9a"/>
      </object_component>
      <object_component id="oc-158">
         <name>.text:abort</name>
         <load_address>0x14c92</load_address>
         <run_address>0x14c92</run_address>
         <size>0x4</size>
         <input_file_ref idref="fl-9b"/>
      </object_component>
      <object_component id="oc-233">
         <name>.text:_nop</name>
         <load_address>0x14c96</load_address>
         <run_address>0x14c96</run_address>
         <size>0x2</size>
         <input_file_ref idref="fl-9d"/>
      </object_component>
      <object_component id="oc-1aa">
         <name>.common:g</name>
         <uninitialized>true</uninitialized>
         <run_address>0x746c</run_address>
         <size>0x193</size>
      </object_component>
      <object_component id="oc-3c3">
         <name>.common:curr_vla_pool</name>
         <uninitialized>true</uninitialized>
         <run_address>0x7612</run_address>
         <size>0x4</size>
      </object_component>
      <object_component id="oc-471">
         <name>.common:pool$1</name>
         <uninitialized>true</uninitialized>
         <run_address>0x7600</run_address>
         <size>0x12</size>
      </object_component>
      <object_component id="oc-483">
         <name>.common:sys_free</name>
         <uninitialized>true</uninitialized>
         <run_address>0x761a</run_address>
         <size>0x4</size>
[...]
      <symbol id="sm-924">
         <name>__mspabi_divul</name>
         <value>0x141b6</value>
         <object_component_ref idref="oc-513"/>
      </symbol>
      <symbol id="sm-932">
         <name>__mspabi_mpyi_f5hw</name>
         <value>0x14b5e</value>
         <object_component_ref idref="oc-27e"/>
      </symbol>
      <symbol id="sm-944">
         <name>__mspabi_mpyl_f5hw</name>
         <value>0x14a36</value>
         <object_component_ref idref="oc-5a8"/>
      </symbol>
      <symbol id="sm-971">
         <name>__mspabi_slli</name>
         <value>0x14c3c</value>
         <object_component_ref idref="oc-34c"/>
      </symbol>
      <symbol id="sm-97b">
         <name>__mspabi_srli</name>
         <value>0x14c46</value>
         <object_component_ref idref="oc-5f9"/>
      </symbol>
      <symbol id="sm-9f2">
         <name>__vla_dealloc</name>
         <value>0x134e8</value>
         <object_component_ref idref="oc-38f"/>
      </symbol>
      <symbol id="sm-9f3">
         <name>__vla_alloc</name>
         <value>0x12704</value>
         <object_component_ref idref="oc-37f"/>
      </symbol>
      <symbol id="sm-9fc">
         <name>__abort_execution</name>
         <value>0x14c86</value>
         <object_component_ref idref="oc-3bd"/>
      </symbol>
      <symbol id="sm-a05">
         <name>_stack</name>
         <value>0x6000</value>
         <object_component_ref idref="oc-df"/>
      </symbol>
      <symbol id="sm-a06">
         <name>_reset_vector</name>
         <value>0xfffe</value>
         <object_component_ref idref="oc-e2"/>
      </symbol>
      <symbol id="sm-a24">
         <name>_auto_init_hold_wdt</name>
         <value>0x13ef2</value>
         <object_component_ref idref="oc-136"/>
      </symbol>
      <symbol id="sm-a2f">
         <name>_c_int00_noargs_noexit</name>
         <value>0x7438</value>
         <object_component_ref idref="oc-bb"/>
      </symbol>
      <symbol id="sm-a40">
         <name>_ftable</name>
         <value>0x6fa0</value>
         <object_component_ref idref="oc-405"/>
      </symbol>
      <symbol id="sm-a49">
         <name>_system_pre_init</name>
         <value>0x14c8e</value>
         <object_component_ref idref="oc-130"/>
      </symbol>
      <symbol id="sm-a54">
         <name>C$$EXIT</name>
         <value>0x14c92</value>
         <object_component_ref idref="oc-158"/>
      </symbol>
      <symbol id="sm-a55">
         <name>abort</name>
         <value>0x14c92</value>
         <object_component_ref idref="oc-158"/>
      </symbol>
      <symbol id="sm-a6c">
         <name>_nop</name>
         <value>0x14c96</value>
         <object_component_ref idref="oc-233"/>
      </symbol>
      <symbol id="sm-a6d">
         <name>_lock</name>
         <value>0x7224</value>
         <object_component_ref idref="oc-1c5"/>
      </symbol>
      <symbol id="sm-a6e">
         <name>_unlock</name>
         <value>0x7228</value>
         <object_component_ref idref="oc-1ce"/>
      </symbol>
      <symbol id="sm-a8c">
         <name>fprintf</name>
         <value>0x142b4</value>
         <object_component_ref idref="oc-408"/>
      </symbol>
      <symbol id="sm-c5a">
         <name>__TI_printfi</name>
         <value>0x11fbe</value>
         <object_component_ref idref="oc-324"/>
      </symbol>
      <symbol id="sm-c68">
         <name>_Dclass</name>
         <value>0x14264</value>
         <object_component_ref idref="oc-427"/>
      </symbol>
      <symbol id="sm-c87">
         <name>__mspabi_cmpd</name>
         <value>0x13410</value>
         <object_component_ref idref="oc-44b"/>
      </symbol>
      <symbol id="sm-ca8">
         <name>__mspabi_divd</name>
         <value>0x1175a</value>
         <object_component_ref idref="oc-4d3"/>
      </symbol>
      <symbol id="sm-cc3">
         <name>__TI_frcdivd</name>
         <value>0x10000</value>
         <object_component_ref idref="oc-54c"/>
      </symbol>
      <symbol id="sm-cf5">
         <name>__mspabi_divull</name>
         <value>0x10452</value>
         <object_component_ref idref="oc-518"/>
      </symbol>
      <symbol id="sm-d02">
         <name>__mspabi_fixdi</name>
         <value>0x14918</value>
         <object_component_ref idref="oc-533"/>
      </symbol>
      <symbol id="sm-d11">
         <name>__mspabi_fixdli</name>
         <value>0x1402c</value>
         <object_component_ref idref="oc-539"/>
      </symbol>
      <symbol id="sm-d1a">
         <name>__mspabi_fltid</name>
         <value>0x14c1c</value>
         <object_component_ref idref="oc-56e"/>
      </symbol>
      <symbol id="sm-d32">
         <name>__mspabi_fltlid</name>
         <value>0x139a2</value>
         <object_component_ref idref="oc-527"/>
      </symbol>
      <symbol id="sm-d52">
         <name>__mspabi_mpyd</name>
         <value>0x10da8</value>
         <object_component_ref idref="oc-4cd"/>
      </symbol>
      <symbol id="sm-d63">
         <name>__TI_frcmpyd</name>
         <value>0x107ec</value>
         <object_component_ref idref="oc-544"/>
      </symbol>
      <symbol id="sm-d6d">
         <name>__mspabi_negd</name>
         <value>0x14868</value>
         <object_component_ref idref="oc-42d"/>
      </symbol>
      <symbol id="sm-d7d">
         <name>__mspabi_slll_9</name>
         <value>0x14578</value>
         <object_component_ref idref="oc-593"/>
      </symbol>
      <symbol id="sm-d7e">
         <name>__mspabi_slll_8</name>
         <value>0x1457c</value>
         <object_component_ref idref="oc-593"/>
      </symbol>
      <symbol id="sm-d7f">
         <name>__mspabi_slll_7</name>
         <value>0x14580</value>
         <object_component_ref idref="oc-593"/>
      </symbol>
      <symbol id="sm-d80">
         <name>__mspabi_slll_6</name>
         <value>0x14584</value>
         <object_component_ref idref="oc-593"/>
      </symbol>
      <symbol id="sm-d81">
         <name>__mspabi_slll_5</name>
         <value>0x14588</value>
         <object_component_ref idref="oc-593"/>
      </symbol>
      <symbol id="sm-d82">
         <name>__mspabi_slll_4</name>
         <value>0x1458c</value>
         <object_component_ref idref="oc-593"/>
      </symbol>
      <symbol id="sm-d83">
         <name>__mspabi_slll_3</name>
         <value>0x14590</value>
         <object_component_ref idref="oc-593"/>
      </symbol>
      <symbol id="sm-d84">
         <name>__mspabi_slll_2</name>
         <value>0x14594</value>
         <object_component_ref idref="oc-593"/>
      </symbol>
      <symbol id="sm-d85">
         <name>__mspabi_slll_1</name>
         <value>0x14598</value>
         <object_component_ref idref="oc-593"/>
      </symbol>
      <symbol id="sm-d86">
         <name>__mspabi_slll</name>
         <value>0x14be2</value>
         <object_component_ref idref="oc-611"/>
      </symbol>
      <symbol id="sm-d87">
         <name>__mspabi_slll_15</name>
         <value>0x14560</value>
         <object_component_ref idref="oc-593"/>
      </symbol>
      <symbol id="sm-d88">
         <name>__mspabi_slll_14</name>
         <value>0x14564</value>
         <object_component_ref idref="oc-593"/>
      </symbol>
      <symbol id="sm-d89">
         <name>__mspabi_slll_13</name>
         <value>0x14568</value>
         <object_component_ref idref="oc-593"/>
      </symbol>
      <symbol id="sm-d8a">
         <name>__mspabi_slll_12</name>
         <value>0x1456c</value>
         <object_component_ref idref="oc-593"/>
      </symbol>
      <symbol id="sm-d8b">
         <name>__mspabi_slll_11</name>
         <value>0x14570</value>
         <object_component_ref idref="oc-593"/>
      </symbol>
      <symbol id="sm-d8c">
         <name>__mspabi_slll_10</name>
         <value>0x14574</value>
         <object_component_ref idref="oc-593"/>
      </symbol>
      <symbol id="sm-d99">
         <name>__mspabi_sllll</name>
         <value>0x14652</value>
         <object_component_ref idref="oc-57e"/>
      </symbol>
      <symbol id="sm-da9">
         <name>__mspabi_sral</name>
         <value>0x14bd2</value>
         <object_component_ref idref="oc-616"/>
      </symbol>
      <symbol id="sm-daa">
         <name>__mspabi_sral_15</name>
         <value>0x14522</value>
         <object_component_ref idref="oc-5ad"/>
      </symbol>
      <symbol id="sm-dab">
         <name>__mspabi_sral_14</name>
         <value>0x14526</value>
         <object_component_ref idref="oc-5ad"/>
      </symbol>
      <symbol id="sm-dac">
         <name>__mspabi_sral_13</name>
         <value>0x1452a</value>
         <object_component_ref idref="oc-5ad"/>
      </symbol>
      <symbol id="sm-dad">
         <name>__mspabi_sral_12</name>
         <value>0x1452e</value>
         <object_component_ref idref="oc-5ad"/>
      </symbol>
      <symbol id="sm-dae">
         <name>__mspabi_sral_11</name>
         <value>0x14532</value>
         <object_component_ref idref="oc-5ad"/>
      </symbol>
      <symbol id="sm-daf">
         <name>__mspabi_sral_10</name>
         <value>0x14536</value>
         <object_component_ref idref="oc-5ad"/>
      </symbol>
      <symbol id="sm-db0">
         <name>__mspabi_sral_8</name>
         <value>0x1453e</value>
         <object_component_ref idref="oc-5ad"/>
      </symbol>
      <symbol id="sm-db1">
         <name>__mspabi_sral_9</name>
         <value>0x1453a</value>
         <object_component_ref idref="oc-5ad"/>
      </symbol>
      <symbol id="sm-db2">
         <name>__mspabi_sral_6</name>
         <value>0x14546</value>
         <object_component_ref idref="oc-5ad"/>
      </symbol>
      <symbol id="sm-db3">
         <name>__mspabi_sral_7</name>
         <value>0x14542</value>
         <object_component_ref idref="oc-5ad"/>
      </symbol>
      <symbol id="sm-db4">
         <name>__mspabi_sral_4</name>
         <value>0x1454e</value>
         <object_component_ref idref="oc-5ad"/>
      </symbol>
      <symbol id="sm-db5">
         <name>__mspabi_sral_5</name>
         <value>0x1454a</value>
         <object_component_ref idref="oc-5ad"/>
      </symbol>
      <symbol id="sm-db6">
         <name>__mspabi_sral_2</name>
         <value>0x14556</value>
         <object_component_ref idref="oc-5ad"/>
      </symbol>
      <symbol id="sm-db7">
         <name>__mspabi_sral_3</name>
         <value>0x14552</value>
         <object_component_ref idref="oc-5ad"/>
      </symbol>
      <symbol id="sm-db8">
         <name>__mspabi_sral_1</name>
         <value>0x1455a</value>
         <object_component_ref idref="oc-5ad"/>
      </symbol>
      <symbol id="sm-dc8">
         <name>__mspabi_srll_8</name>
         <value>0x145ba</value>
         <object_component_ref idref="oc-598"/>
      </symbol>
      <symbol id="sm-dc9">
         <name>__mspabi_srll_9</name>
         <value>0x145b6</value>
         <object_component_ref idref="oc-598"/>
      </symbol>
      <symbol id="sm-dca">
         <name>__mspabi_srll_6</name>
         <value>0x145c2</value>
         <object_component_ref idref="oc-598"/>
      </symbol>
      <symbol id="sm-dcb">
         <name>__mspabi_srll_7</name>
         <value>0x145be</value>
         <object_component_ref idref="oc-598"/>
      </symbol>
      <symbol id="sm-dcc">
         <name>__mspabi_srll_4</name>
         <value>0x145ca</value>
         <object_component_ref idref="oc-598"/>
      </symbol>
      <symbol id="sm-dcd">
         <name>__mspabi_srll_5</name>
         <value>0x145c6</value>
         <object_component_ref idref="oc-598"/>
      </symbol>
      <symbol id="sm-dce">
         <name>__mspabi_srll_2</name>
         <value>0x145d2</value>
         <object_component_ref idref="oc-598"/>
      </symbol>
      <symbol id="sm-dcf">
         <name>__mspabi_srll_3</name>
         <value>0x145ce</value>
         <object_component_ref idref="oc-598"/>
      </symbol>
      <symbol id="sm-dd0">
         <name>__mspabi_srll_1</name>
         <value>0x145d6</value>
         <object_component_ref idref="oc-598"/>
      </symbol>
      <symbol id="sm-dd1">
         <name>__mspabi_srll_15</name>
         <value>0x1459e</value>
         <object_component_ref idref="oc-598"/>
      </symbol>
      <symbol id="sm-dd2">
         <name>__mspabi_srll_14</name>
         <value>0x145a2</value>
         <object_component_ref idref="oc-598"/>
      </symbol>
      <symbol id="sm-dd3">
         <name>__mspabi_srll_13</name>
         <value>0x145a6</value>
         <object_component_ref idref="oc-598"/>
      </symbol>
      <symbol id="sm-dd4">
         <name>__mspabi_srll_12</name>
         <value>0x145aa</value>
         <object_component_ref idref="oc-598"/>
      </symbol>
      <symbol id="sm-dd5">
         <name>__mspabi_srll_11</name>
         <value>0x145ae</value>
         <object_component_ref idref="oc-598"/>
      </symbol>
      <symbol id="sm-dd6">
         <name>__mspabi_srll_10</name>
         <value>0x145b2</value>
         <object_component_ref idref="oc-598"/>
      </symbol>
      <symbol id="sm-dd7">
         <name>__mspabi_srll</name>
         <value>0x14bf2</value>
         <object_component_ref idref="oc-579"/>
      </symbol>
      <symbol id="sm-de4">
         <name>__mspabi_srlll</name>
         <value>0x1468c</value>
         <object_component_ref idref="oc-508"/>
      </symbol>
      <symbol id="sm-ded">
         <name>__mspabi_subd</name>
         <value>0x147d4</value>
         <object_component_ref idref="oc-52d"/>
      </symbol>
      <symbol id="sm-e0f">
         <name>__mspabi_addd</name>
         <value>0x10ad0</value>
         <object_component_ref idref="oc-59f"/>
      </symbol>
      <symbol id="sm-e30">
         <name>__TI_frcaddd</name>
         <value>0x11508</value>
         <object_component_ref idref="oc-5e7"/>
      </symbol>
      <symbol id="sm-e44">
         <name>__TI_renormd</name>
         <value>0x13668</value>
         <object_component_ref idref="oc-61b"/>
      </symbol>
      <symbol id="sm-e57">
         <name>atoi</name>
         <value>0x14092</value>
         <object_component_ref idref="oc-39a"/>
      </symbol>
      <symbol id="sm-e61">
         <name>_ctypes_</name>
         <value>0x7a3a</value>
         <object_component_ref idref="oc-40f"/>
      </symbol>
      <symbol id="sm-ec7">
         <name>_sys_memory</name>
         <value>0x4400</value>
         <object_component_ref idref="oc-e3"/>
      </symbol>
      <symbol id="sm-ec8">
         <name>free</name>
         <value>0x13bec</value>
         <object_component_ref idref="oc-3fe"/>
      </symbol>
      <symbol id="sm-ec9">
         <name>realloc</name>
         <value>0x12cda</value>
         <object_component_ref idref="oc-473"/>
      </symbol>
      <symbol id="sm-eca">
         <name>malloc</name>
         <value>0x135ae</value>
         <object_component_ref idref="oc-3d8"/>
      </symbol>
      <symbol id="sm-ecb">
         <name>minit</name>
         <value>0x14462</value>
         <object_component_ref idref="oc-47d"/>
      </symbol>
      <symbol id="sm-ed7">
         <name>frexp</name>
         <value>0x14420</value>
         <object_component_ref idref="oc-4da"/>
      </symbol>
      <symbol id="sm-ee9">
         <name>_Dunscale</name>
         <value>0x13e80</value>
         <object_component_ref idref="oc-554"/>
      </symbol>
      <symbol id="sm-efc">
         <name>_Dnorm</name>
         <value>0x1302e</value>
         <object_component_ref idref="oc-5ba"/>
      </symbol>
      <symbol id="sm-f0c">
         <name>ldexp</name>
         <value>0x13d02</value>
         <object_component_ref idref="oc-55c"/>
      </symbol>
      <symbol id="sm-f30">
         <name>_Dscale</name>
         <value>0x12566</value>
         <object_component_ref idref="oc-5c4"/>
      </symbol>
      <symbol id="sm-f3c">
         <name>_Feraise</name>
         <value>0x146fe</value>
         <object_component_ref idref="oc-5ca"/>
      </symbol>
      <symbol id="sm-f43">
         <name>_Errno</name>
         <value>0x7230</value>
         <object_component_ref idref="oc-609"/>
      </symbol>
      <symbol id="sm-f4a">
         <name>_Rteps</name>
         <value>0x7178</value>
         <object_component_ref idref="oc-5fe"/>
      </symbol>
      <symbol id="sm-f4b">
         <name>_Zero</name>
         <value>0x7190</value>
         <object_component_ref idref="oc-5fe"/>
      </symbol>
      <symbol id="sm-f4c">
         <name>_Hugeval</name>
         <value>0x7138</value>
         <object_component_ref idref="oc-5fe"/>
      </symbol>
      <symbol id="sm-f4d">
         <name>_Snan</name>
         <value>0x7168</value>
         <object_component_ref idref="oc-5fe"/>
      </symbol>
      <symbol id="sm-f4e">
         <name>_Nan</name>
         <value>0x7158</value>
         <object_component_ref idref="oc-5fe"/>
      </symbol>
      <symbol id="sm-f4f">
         <name>_Inf</name>
         <value>0x7148</value>
         <object_component_ref idref="oc-5fe"/>
      </symbol>
      <symbol id="sm-f50">
         <name>_Xbig</name>
         <value>0x7188</value>
         <object_component_ref idref="oc-5fe"/>
      </symbol>
      <symbol id="sm-f51">
         <name>_Eps</name>
         <value>0x7128</value>
         <object_component_ref idref="oc-5fe"/>
      </symbol>
      <symbol id="sm-f52">
         <name>_Denorm</name>
         <value>0x7118</value>
         <object_component_ref idref="oc-5fe"/>
      </symbol>
      <symbol id="sm-f6a">
         <name>feraiseexcept</name>
         <value>0x147a0</value>
         <object_component_ref idref="oc-603"/>
      </symbol>
      <symbol id="sm-f6b">
         <name>_Tls_setup__Fenv</name>
         <value>0x7220</value>
         <object_component_ref idref="oc-631"/>
      </symbol>
      <symbol id="sm-f6c">
         <name>_Fenv</name>
         <value>0x721c</value>
         <object_component_ref idref="oc-631"/>
      </symbol>
      <symbol id="sm-f7b">
         <name>ltoa</name>
         <value>0x13d88</value>
         <object_component_ref idref="oc-521"/>
      </symbol>
      <symbol id="sm-f85">
         <name>abs</name>
         <value>0x14c32</value>
         <object_component_ref idref="oc-58b"/>
      </symbol>
      <symbol id="sm-f94">
         <name>memccpy</name>
         <value>0x14af8</value>
         <object_component_ref idref="oc-3ae"/>
      </symbol>
      <symbol id="sm-fa2">
         <name>memcpy</name>
         <value>0x14b88</value>
         <object_component_ref idref="oc-e6"/>
      </symbol>
      <symbol id="sm-fb0">
         <name>memset</name>
         <value>0x14b32</value>
         <object_component_ref idref="oc-2ad"/>
      </symbol>
      <symbol id="sm-fc5">
         <name>raise</name>
         <value>0x14806</value>
         <object_component_ref idref="oc-634"/>
      </symbol>
      <symbol id="sm-fda">
         <name>signal</name>
         <value>0x146c6</value>
         <object_component_ref idref="oc-64d"/>
      </symbol>
      <symbol id="sm-1001">
         <name>snprintf</name>
         <value>0x140f4</value>
         <object_component_ref idref="oc-2bd"/>
      </symbol>
      <symbol id="sm-1016">
         <name>strchr</name>
         <value>0x14b16</value>
         <object_component_ref idref="oc-5d2"/>
      </symbol>
      <symbol id="sm-1024">
         <name>strlen</name>
         <value>0x14c02</value>
         <object_component_ref idref="oc-303"/>
      </symbol>
      <symbol id="sm-103d">
         <name>toupper</name>
         <value>0x14bc0</value>
         <object_component_ref idref="oc-421"/>
      </symbol>
      <symbol id="sm-1064">
         <name>vsnprintf</name>
         <value>0x1420e</value>
         <object_component_ref idref="oc-385"/>
      </symbol>
      <symbol id="sm-1069">
         <name>__TI_INITARRAY_Base</name>
         <value>0x0</value>
      </symbol>
      <symbol id="sm-106a">
         <name>__TI_INITARRAY_Limit</name>
         <value>0x0</value>
      </symbol>
   </symbol_table>
   <title>Link successful</title>
</link_info>
