<?xml version="1.0"?>
<link_info>
   <banner>MSP430 Linker Unix v4.4.7</banner>
   <copyright>Copyright (c) 2003-2015 Texas Instruments Incorporated</copyright>
   <link_time>0x58474626</link_time>
   <link_errors>0x0</link_errors>
   <output_file>M906V1.out</output_file>
   <entry_point>
      <name>_c_int00_noargs_noexit</name>
      <address>0x7446</address>
   </entry_point>
   <input_file_list>
      <input_file id="fl-2">
         <path>./</path>
         <kind>object</kind>
         <file>bsp_card.obj</file>
         <name>bsp_card.obj</name>
      </input_file>
      <input_file id="fl-3">
         <path>./</path>
         <kind>object</kind>
         <file>bsp_latches.obj</file>
         <name>bsp_latches.obj</name>
      </input_file>
      <input_file id="fl-4">
         <path>./</path>
         <kind>object</kind>
         <file>bsp_pins.obj</file>
         <name>bsp_pins.obj</name>
      </input_file>
      <input_file id="fl-5">
         <path>./</path>
         <kind>object</kind>
         <file>bsp_uart.obj</file>
         <name>bsp_uart.obj</name>
      </input_file>
      <input_file id="fl-6">
         <path>./</path>
         <kind>object</kind>
         <file>do_stuff.obj</file>
         <name>do_stuff.obj</name>
      </input_file>
      <input_file id="fl-7">
         <path>./</path>
         <kind>object</kind>
         <file>drv_ds3234.obj</file>
         <name>drv_ds3234.obj</name>
      </input_file>
      <input_file id="fl-8">
         <path>./</path>
         <kind>object</kind>
         <file>drv_logger.obj</file>
         <name>drv_logger.obj</name>
      </input_file>
      <input_file id="fl-9">
         <path>./</path>
         <kind>object</kind>
         <file>drv_ow.obj</file>
         <name>drv_ow.obj</name>
      </input_file>
      <input_file id="fl-a">
         <path>./</path>
         <kind>object</kind>
         <file>main.obj</file>
         <name>main.obj</name>
      </input_file>
      <input_file id="fl-b">
         <path>./</path>
         <kind>object</kind>
         <file>ow_lnk.obj</file>
         <name>ow_lnk.obj</name>
      </input_file>
      <input_file id="fl-c">
         <path>./</path>
         <kind>object</kind>
         <file>taos_mode.obj</file>
         <name>taos_mode.obj</name>
      </input_file>
      <input_file id="fl-d">
         <path>./</path>
         <kind>object</kind>
         <file>util_log.obj</file>
         <name>util_log.obj</name>
      </input_file>
      <input_file id="fl-e">
         <path>./ow/</path>
         <kind>object</kind>
         <file>crcutil.obj</file>
         <name>crcutil.obj</name>
      </input_file>
      <input_file id="fl-f">
         <path>./ow/</path>
         <kind>object</kind>
         <file>ds2480ut.obj</file>
         <name>ds2480ut.obj</name>
      </input_file>
      <input_file id="fl-10">
         <path>./ow/</path>
         <kind>object</kind>
         <file>findtype.obj</file>
         <name>findtype.obj</name>
      </input_file>
      <input_file id="fl-11">
         <path>./ow/</path>
         <kind>object</kind>
         <file>mbnv.obj</file>
         <name>mbnv.obj</name>
      </input_file>
      <input_file id="fl-12">
         <path>./ow/</path>
         <kind>object</kind>
         <file>mbnvcrc.obj</file>
         <name>mbnvcrc.obj</name>
      </input_file>
      <input_file id="fl-13">
         <path>./ow/</path>
         <kind>object</kind>
         <file>mbscr.obj</file>
         <name>mbscr.obj</name>
      </input_file>
      <input_file id="fl-14">
         <path>./ow/</path>
         <kind>object</kind>
         <file>mbscrcrc.obj</file>
         <name>mbscrcrc.obj</name>
      </input_file>
      <input_file id="fl-15">
         <path>./ow/</path>
         <kind>object</kind>
         <file>mbscree.obj</file>
         <name>mbscree.obj</name>
      </input_file>
      <input_file id="fl-16">
         <path>./ow/</path>
         <kind>object</kind>
         <file>mbscrex.obj</file>
         <name>mbscrex.obj</name>
      </input_file>
      <input_file id="fl-17">
         <path>./ow/</path>
         <kind>object</kind>
         <file>mbsha.obj</file>
         <name>mbsha.obj</name>
      </input_file>
      <input_file id="fl-18">
         <path>./ow/</path>
         <kind>object</kind>
         <file>owerr.obj</file>
         <name>owerr.obj</name>
      </input_file>
      <input_file id="fl-19">
         <path>./ow/</path>
         <kind>object</kind>
         <file>owllu.obj</file>
         <name>owllu.obj</name>
      </input_file>
      <input_file id="fl-1a">
         <path>./ow/</path>
         <kind>object</kind>
         <file>ownetu.obj</file>
         <name>ownetu.obj</name>
      </input_file>
      <input_file id="fl-1b">
         <path>./ow/</path>
         <kind>object</kind>
         <file>owsesu.obj</file>
         <name>owsesu.obj</name>
      </input_file>
      <input_file id="fl-1c">
         <path>./ow/</path>
         <kind>object</kind>
         <file>owtrnu.obj</file>
         <name>owtrnu.obj</name>
      </input_file>
      <input_file id="fl-1d">
         <path>./driverlib/MSP430FR5xx_6xx/</path>
         <kind>object</kind>
         <file>adc12_b.obj</file>
         <name>adc12_b.obj</name>
      </input_file>
      <input_file id="fl-1e">
         <path>./driverlib/MSP430FR5xx_6xx/</path>
         <kind>object</kind>
         <file>aes256.obj</file>
         <name>aes256.obj</name>
      </input_file>
      <input_file id="fl-1f">
         <path>./driverlib/MSP430FR5xx_6xx/</path>
         <kind>object</kind>
         <file>comp_e.obj</file>
         <name>comp_e.obj</name>
      </input_file>
      <input_file id="fl-20">
         <path>./driverlib/MSP430FR5xx_6xx/</path>
         <kind>object</kind>
         <file>crc.obj</file>
         <name>crc.obj</name>
      </input_file>
      <input_file id="fl-21">
         <path>./driverlib/MSP430FR5xx_6xx/</path>
         <kind>object</kind>
         <file>crc32.obj</file>
         <name>crc32.obj</name>
      </input_file>
      <input_file id="fl-22">
         <path>./driverlib/MSP430FR5xx_6xx/</path>
         <kind>object</kind>
         <file>cs.obj</file>
         <name>cs.obj</name>
      </input_file>
      <input_file id="fl-23">
         <path>./driverlib/MSP430FR5xx_6xx/</path>
         <kind>object</kind>
         <file>dma.obj</file>
         <name>dma.obj</name>
      </input_file>
      <input_file id="fl-24">
         <path>./driverlib/MSP430FR5xx_6xx/</path>
         <kind>object</kind>
         <file>esi.obj</file>
         <name>esi.obj</name>
      </input_file>
      <input_file id="fl-25">
         <path>./driverlib/MSP430FR5xx_6xx/</path>
         <kind>object</kind>
         <file>eusci_a_spi.obj</file>
         <name>eusci_a_spi.obj</name>
      </input_file>
      <input_file id="fl-26">
         <path>./driverlib/MSP430FR5xx_6xx/</path>
         <kind>object</kind>
         <file>eusci_a_uart.obj</file>
         <name>eusci_a_uart.obj</name>
      </input_file>
      <input_file id="fl-27">
         <path>./driverlib/MSP430FR5xx_6xx/</path>
         <kind>object</kind>
         <file>eusci_b_i2c.obj</file>
         <name>eusci_b_i2c.obj</name>
      </input_file>
      <input_file id="fl-28">
         <path>./driverlib/MSP430FR5xx_6xx/</path>
         <kind>object</kind>
         <file>eusci_b_spi.obj</file>
         <name>eusci_b_spi.obj</name>
      </input_file>
      <input_file id="fl-29">
         <path>./driverlib/MSP430FR5xx_6xx/</path>
         <kind>object</kind>
         <file>framctl.obj</file>
         <name>framctl.obj</name>
      </input_file>
      <input_file id="fl-2a">
         <path>./driverlib/MSP430FR5xx_6xx/</path>
         <kind>object</kind>
         <file>gpio.obj</file>
         <name>gpio.obj</name>
      </input_file>
      <input_file id="fl-2b">
         <path>./driverlib/MSP430FR5xx_6xx/</path>
         <kind>object</kind>
         <file>lcd_c.obj</file>
         <name>lcd_c.obj</name>
      </input_file>
      <input_file id="fl-2c">
         <path>./driverlib/MSP430FR5xx_6xx/</path>
         <kind>object</kind>
         <file>mpu.obj</file>
         <name>mpu.obj</name>
      </input_file>
      <input_file id="fl-2d">
         <path>./driverlib/MSP430FR5xx_6xx/</path>
         <kind>object</kind>
         <file>mpy32.obj</file>
         <name>mpy32.obj</name>
      </input_file>
      <input_file id="fl-2e">
         <path>./driverlib/MSP430FR5xx_6xx/</path>
         <kind>object</kind>
         <file>pmm.obj</file>
         <name>pmm.obj</name>
      </input_file>
      <input_file id="fl-2f">
         <path>./driverlib/MSP430FR5xx_6xx/</path>
         <kind>object</kind>
         <file>ram.obj</file>
         <name>ram.obj</name>
      </input_file>
      <input_file id="fl-30">
         <path>./driverlib/MSP430FR5xx_6xx/</path>
         <kind>object</kind>
         <file>ref_a.obj</file>
         <name>ref_a.obj</name>
      </input_file>
      <input_file id="fl-31">
         <path>./driverlib/MSP430FR5xx_6xx/</path>
         <kind>object</kind>
         <file>rtc_b.obj</file>
         <name>rtc_b.obj</name>
      </input_file>
      <input_file id="fl-32">
         <path>./driverlib/MSP430FR5xx_6xx/</path>
         <kind>object</kind>
         <file>rtc_c.obj</file>
         <name>rtc_c.obj</name>
      </input_file>
      <input_file id="fl-33">
         <path>./driverlib/MSP430FR5xx_6xx/</path>
         <kind>object</kind>
         <file>sfr.obj</file>
         <name>sfr.obj</name>
      </input_file>
      <input_file id="fl-34">
         <path>./driverlib/MSP430FR5xx_6xx/</path>
         <kind>object</kind>
         <file>sysctl.obj</file>
         <name>sysctl.obj</name>
      </input_file>
      <input_file id="fl-35">
         <path>./driverlib/MSP430FR5xx_6xx/</path>
         <kind>object</kind>
         <file>timer_a.obj</file>
         <name>timer_a.obj</name>
      </input_file>
      <input_file id="fl-36">
         <path>./driverlib/MSP430FR5xx_6xx/</path>
         <kind>object</kind>
         <file>timer_b.obj</file>
         <name>timer_b.obj</name>
      </input_file>
      <input_file id="fl-37">
         <path>./driverlib/MSP430FR5xx_6xx/</path>
         <kind>object</kind>
         <file>tlv.obj</file>
         <name>tlv.obj</name>
      </input_file>
      <input_file id="fl-38">
         <path>./driverlib/MSP430FR5xx_6xx/</path>
         <kind>object</kind>
         <file>wdt_a.obj</file>
         <name>wdt_a.obj</name>
      </input_file>
      <input_file id="fl-6d">
         <path>/home/developer/ti/ccsv6/tools/compiler/ti-cgt-msp430_4.4.7/lib/</path>
         <kind>archive</kind>
         <file>rts430x_lc_rd_eabi.lib</file>
         <name>copy_decompress_none.obj</name>
      </input_file>
      <input_file id="fl-6e">
         <path>/home/developer/ti/ccsv6/tools/compiler/ti-cgt-msp430_4.4.7/lib/</path>
         <kind>archive</kind>
         <file>rts430x_lc_rd_eabi.lib</file>
         <name>copy_decompress_rle.obj</name>
      </input_file>
      <input_file id="fl-6f">
         <path>/home/developer/ti/ccsv6/tools/compiler/ti-cgt-msp430_4.4.7/lib/</path>
         <kind>archive</kind>
         <file>rts430x_lc_rd_eabi.lib</file>
         <name>int27.obj</name>
      </input_file>
      <input_file id="fl-70">
         <path>/home/developer/ti/ccsv6/tools/compiler/ti-cgt-msp430_4.4.7/lib/</path>
         <kind>archive</kind>
         <file>rts430x_lc_rd_eabi.lib</file>
         <name>isr_trap.obj</name>
      </input_file>
      <input_file id="fl-71">
         <path>/home/developer/ti/ccsv6/tools/compiler/ti-cgt-msp430_4.4.7/lib/</path>
         <kind>archive</kind>
         <file>rts430x_lc_rd_eabi.lib</file>
         <name>int29.obj</name>
      </input_file>
      <input_file id="fl-72">
         <path>/home/developer/ti/ccsv6/tools/compiler/ti-cgt-msp430_4.4.7/lib/</path>
         <kind>archive</kind>
         <file>rts430x_lc_rd_eabi.lib</file>
         <name>int30.obj</name>
      </input_file>
      <input_file id="fl-73">
         <path>/home/developer/ti/ccsv6/tools/compiler/ti-cgt-msp430_4.4.7/lib/</path>
         <kind>archive</kind>
         <file>rts430x_lc_rd_eabi.lib</file>
         <name>int31.obj</name>
      </input_file>
      <input_file id="fl-74">
         <path>/home/developer/ti/ccsv6/tools/compiler/ti-cgt-msp430_4.4.7/lib/</path>
         <kind>archive</kind>
         <file>rts430x_lc_rd_eabi.lib</file>
         <name>int32.obj</name>
      </input_file>
      <input_file id="fl-75">
         <path>/home/developer/ti/ccsv6/tools/compiler/ti-cgt-msp430_4.4.7/lib/</path>
         <kind>archive</kind>
         <file>rts430x_lc_rd_eabi.lib</file>
         <name>int33.obj</name>
      </input_file>
      <input_file id="fl-76">
         <path>/home/developer/ti/ccsv6/tools/compiler/ti-cgt-msp430_4.4.7/lib/</path>
         <kind>archive</kind>
         <file>rts430x_lc_rd_eabi.lib</file>
         <name>int34.obj</name>
      </input_file>
      <input_file id="fl-77">
         <path>/home/developer/ti/ccsv6/tools/compiler/ti-cgt-msp430_4.4.7/lib/</path>
         <kind>archive</kind>
         <file>rts430x_lc_rd_eabi.lib</file>
         <name>int35.obj</name>
      </input_file>
      <input_file id="fl-78">
         <path>/home/developer/ti/ccsv6/tools/compiler/ti-cgt-msp430_4.4.7/lib/</path>
         <kind>archive</kind>
         <file>rts430x_lc_rd_eabi.lib</file>
         <name>int36.obj</name>
      </input_file>
      <input_file id="fl-79">
         <path>/home/developer/ti/ccsv6/tools/compiler/ti-cgt-msp430_4.4.7/lib/</path>
         <kind>archive</kind>
         <file>rts430x_lc_rd_eabi.lib</file>
         <name>int37.obj</name>
      </input_file>
      <input_file id="fl-7a">
         <path>/home/developer/ti/ccsv6/tools/compiler/ti-cgt-msp430_4.4.7/lib/</path>
         <kind>archive</kind>
         <file>rts430x_lc_rd_eabi.lib</file>
         <name>int40.obj</name>
      </input_file>
      <input_file id="fl-7b">
         <path>/home/developer/ti/ccsv6/tools/compiler/ti-cgt-msp430_4.4.7/lib/</path>
         <kind>archive</kind>
         <file>rts430x_lc_rd_eabi.lib</file>
         <name>int41.obj</name>
      </input_file>
      <input_file id="fl-7c">
         <path>/home/developer/ti/ccsv6/tools/compiler/ti-cgt-msp430_4.4.7/lib/</path>
         <kind>archive</kind>
         <file>rts430x_lc_rd_eabi.lib</file>
         <name>int43.obj</name>
      </input_file>
      <input_file id="fl-7d">
         <path>/home/developer/ti/ccsv6/tools/compiler/ti-cgt-msp430_4.4.7/lib/</path>
         <kind>archive</kind>
         <file>rts430x_lc_rd_eabi.lib</file>
         <name>int45.obj</name>
      </input_file>
      <input_file id="fl-7e">
         <path>/home/developer/ti/ccsv6/tools/compiler/ti-cgt-msp430_4.4.7/lib/</path>
         <kind>archive</kind>
         <file>rts430x_lc_rd_eabi.lib</file>
         <name>int46.obj</name>
      </input_file>
      <input_file id="fl-7f">
         <path>/home/developer/ti/ccsv6/tools/compiler/ti-cgt-msp430_4.4.7/lib/</path>
         <kind>archive</kind>
         <file>rts430x_lc_rd_eabi.lib</file>
         <name>int48.obj</name>
      </input_file>
      <input_file id="fl-80">
         <path>/home/developer/ti/ccsv6/tools/compiler/ti-cgt-msp430_4.4.7/lib/</path>
         <kind>archive</kind>
         <file>rts430x_lc_rd_eabi.lib</file>
         <name>int49.obj</name>
      </input_file>
      <input_file id="fl-81">
         <path>/home/developer/ti/ccsv6/tools/compiler/ti-cgt-msp430_4.4.7/lib/</path>
         <kind>archive</kind>
         <file>rts430x_lc_rd_eabi.lib</file>
         <name>int50.obj</name>
      </input_file>
      <input_file id="fl-82">
         <path>/home/developer/ti/ccsv6/tools/compiler/ti-cgt-msp430_4.4.7/lib/</path>
         <kind>archive</kind>
         <file>rts430x_lc_rd_eabi.lib</file>
         <name>int51.obj</name>
      </input_file>
      <input_file id="fl-83">
         <path>/home/developer/ti/ccsv6/tools/compiler/ti-cgt-msp430_4.4.7/lib/</path>
         <kind>archive</kind>
         <file>rts430x_lc_rd_eabi.lib</file>
         <name>int52.obj</name>
      </input_file>
      <input_file id="fl-84">
         <path>/home/developer/ti/ccsv6/tools/compiler/ti-cgt-msp430_4.4.7/lib/</path>
         <kind>archive</kind>
         <file>rts430x_lc_rd_eabi.lib</file>
         <name>int53.obj</name>
      </input_file>
      <input_file id="fl-85">
         <path>/home/developer/ti/ccsv6/tools/compiler/ti-cgt-msp430_4.4.7/lib/</path>
         <kind>archive</kind>
         <file>rts430x_lc_rd_eabi.lib</file>
         <name>int54.obj</name>
      </input_file>
      <input_file id="fl-86">
         <path>/home/developer/ti/ccsv6/tools/compiler/ti-cgt-msp430_4.4.7/lib/</path>
         <kind>archive</kind>
         <file>rts430x_lc_rd_eabi.lib</file>
         <name>copy_zero_init.obj</name>
      </input_file>
      <input_file id="fl-87">
         <path>/home/developer/ti/ccsv6/tools/compiler/ti-cgt-msp430_4.4.7/lib/</path>
         <kind>archive</kind>
         <file>rts430x_lc_rd_eabi.lib</file>
         <name>div16s.obj</name>
      </input_file>
      <input_file id="fl-88">
         <path>/home/developer/ti/ccsv6/tools/compiler/ti-cgt-msp430_4.4.7/lib/</path>
         <kind>archive</kind>
         <file>rts430x_lc_rd_eabi.lib</file>
         <name>div32s.obj</name>
      </input_file>
      <input_file id="fl-89">
         <path>/home/developer/ti/ccsv6/tools/compiler/ti-cgt-msp430_4.4.7/lib/</path>
         <kind>archive</kind>
         <file>rts430x_lc_rd_eabi.lib</file>
         <name>div16u.obj</name>
      </input_file>
      <input_file id="fl-8a">
         <path>/home/developer/ti/ccsv6/tools/compiler/ti-cgt-msp430_4.4.7/lib/</path>
         <kind>archive</kind>
         <file>rts430x_lc_rd_eabi.lib</file>
         <name>div32u.obj</name>
      </input_file>
      <input_file id="fl-8b">
         <path>/home/developer/ti/ccsv6/tools/compiler/ti-cgt-msp430_4.4.7/lib/</path>
         <kind>archive</kind>
         <file>rts430x_lc_rd_eabi.lib</file>
         <name>mult16.obj</name>
      </input_file>
      <input_file id="fl-8c">
         <path>/home/developer/ti/ccsv6/tools/compiler/ti-cgt-msp430_4.4.7/lib/</path>
         <kind>archive</kind>
         <file>rts430x_lc_rd_eabi.lib</file>
         <name>mult16_f5hw.obj</name>
      </input_file>
      <input_file id="fl-8d">
         <path>/home/developer/ti/ccsv6/tools/compiler/ti-cgt-msp430_4.4.7/lib/</path>
         <kind>archive</kind>
         <file>rts430x_lc_rd_eabi.lib</file>
         <name>mult32_f5hw.obj</name>
      </input_file>
      <input_file id="fl-8e">
         <path>/home/developer/ti/ccsv6/tools/compiler/ti-cgt-msp430_4.4.7/lib/</path>
         <kind>archive</kind>
         <file>rts430x_lc_rd_eabi.lib</file>
         <name>mult64_f5hw.obj</name>
      </input_file>
      <input_file id="fl-8f">
         <path>/home/developer/ti/ccsv6/tools/compiler/ti-cgt-msp430_4.4.7/lib/</path>
         <kind>archive</kind>
         <file>rts430x_lc_rd_eabi.lib</file>
         <name>mult1632_f5hw.obj</name>
      </input_file>
      <input_file id="fl-90">
         <path>/home/developer/ti/ccsv6/tools/compiler/ti-cgt-msp430_4.4.7/lib/</path>
         <kind>archive</kind>
         <file>rts430x_lc_rd_eabi.lib</file>
         <name>mult3264_f5hw.obj</name>
      </input_file>
      <input_file id="fl-91">
         <path>/home/developer/ti/ccsv6/tools/compiler/ti-cgt-msp430_4.4.7/lib/</path>
         <kind>archive</kind>
         <file>rts430x_lc_rd_eabi.lib</file>
         <name>lsl16.obj</name>
      </input_file>
      <input_file id="fl-92">
         <path>/home/developer/ti/ccsv6/tools/compiler/ti-cgt-msp430_4.4.7/lib/</path>
         <kind>archive</kind>
         <file>rts430x_lc_rd_eabi.lib</file>
         <name>asr16.obj</name>
      </input_file>
      <input_file id="fl-93">
         <path>/home/developer/ti/ccsv6/tools/compiler/ti-cgt-msp430_4.4.7/lib/</path>
         <kind>archive</kind>
         <file>rts430x_lc_rd_eabi.lib</file>
         <name>lsr16.obj</name>
      </input_file>
      <input_file id="fl-94">
         <path>/home/developer/ti/ccsv6/tools/compiler/ti-cgt-msp430_4.4.7/lib/</path>
         <kind>archive</kind>
         <file>rts430x_lc_rd_eabi.lib</file>
         <name>vla_alloc.obj</name>
      </input_file>
      <input_file id="fl-95">
         <path>/home/developer/ti/ccsv6/tools/compiler/ti-cgt-msp430_4.4.7/lib/</path>
         <kind>archive</kind>
         <file>rts430x_lc_rd_eabi.lib</file>
         <name>error.obj</name>
      </input_file>
      <input_file id="fl-96">
         <path>/home/developer/ti/ccsv6/tools/compiler/ti-cgt-msp430_4.4.7/lib/</path>
         <kind>archive</kind>
         <file>rts430x_lc_rd_eabi.lib</file>
         <name>boot.obj</name>
      </input_file>
      <input_file id="fl-97">
         <path>/home/developer/ti/ccsv6/tools/compiler/ti-cgt-msp430_4.4.7/lib/</path>
         <kind>archive</kind>
         <file>rts430x_lc_rd_eabi.lib</file>
         <name>args_main.obj</name>
      </input_file>
      <input_file id="fl-98">
         <path>/home/developer/ti/ccsv6/tools/compiler/ti-cgt-msp430_4.4.7/lib/</path>
         <kind>archive</kind>
         <file>rts430x_lc_rd_eabi.lib</file>
         <name>autoinit_wdt.obj</name>
      </input_file>
      <input_file id="fl-99">
         <path>/home/developer/ti/ccsv6/tools/compiler/ti-cgt-msp430_4.4.7/lib/</path>
         <kind>archive</kind>
         <file>rts430x_lc_rd_eabi.lib</file>
         <name>boot_special.obj</name>
      </input_file>
      <input_file id="fl-9a">
         <path>/home/developer/ti/ccsv6/tools/compiler/ti-cgt-msp430_4.4.7/lib/</path>
         <kind>archive</kind>
         <file>rts430x_lc_rd_eabi.lib</file>
         <name>mpu_init.obj</name>
      </input_file>
      <input_file id="fl-9b">
         <path>/home/developer/ti/ccsv6/tools/compiler/ti-cgt-msp430_4.4.7/lib/</path>
         <kind>archive</kind>
         <file>rts430x_lc_rd_eabi.lib</file>
         <name>defs.obj</name>
      </input_file>
      <input_file id="fl-9c">
         <path>/home/developer/ti/ccsv6/tools/compiler/ti-cgt-msp430_4.4.7/lib/</path>
         <kind>archive</kind>
         <file>rts430x_lc_rd_eabi.lib</file>
         <name>pre_init.obj</name>
      </input_file>
      <input_file id="fl-9d">
         <path>/home/developer/ti/ccsv6/tools/compiler/ti-cgt-msp430_4.4.7/lib/</path>
         <kind>archive</kind>
         <file>rts430x_lc_rd_eabi.lib</file>
         <name>exit.obj</name>
      </input_file>
      <input_file id="fl-9e">
         <path>/home/developer/ti/ccsv6/tools/compiler/ti-cgt-msp430_4.4.7/lib/</path>
         <kind>archive</kind>
         <file>rts430x_lc_rd_eabi.lib</file>
         <name>exit_gvars.obj</name>
      </input_file>
      <input_file id="fl-9f">
         <path>/home/developer/ti/ccsv6/tools/compiler/ti-cgt-msp430_4.4.7/lib/</path>
         <kind>archive</kind>
         <file>rts430x_lc_rd_eabi.lib</file>
         <name>_lock.obj</name>
      </input_file>
      <input_file id="fl-a0">
         <path>/home/developer/ti/ccsv6/tools/compiler/ti-cgt-msp430_4.4.7/lib/</path>
         <kind>archive</kind>
         <file>rts430x_lc_rd_eabi.lib</file>
         <name>fprintf.obj</name>
      </input_file>
      <input_file id="fl-a1">
         <path>/home/developer/ti/ccsv6/tools/compiler/ti-cgt-msp430_4.4.7/lib/</path>
         <kind>archive</kind>
         <file>rts430x_lc_rd_eabi.lib</file>
         <name>_printfi.obj</name>
      </input_file>
      <input_file id="fl-a2">
         <path>/home/developer/ti/ccsv6/tools/compiler/ti-cgt-msp430_4.4.7/lib/</path>
         <kind>archive</kind>
         <file>rts430x_lc_rd_eabi.lib</file>
         <name>xdclass.obj</name>
      </input_file>
      <input_file id="fl-a3">
         <path>/home/developer/ti/ccsv6/tools/compiler/ti-cgt-msp430_4.4.7/lib/</path>
         <kind>archive</kind>
         <file>rts430x_lc_rd_eabi.lib</file>
         <name>cmpd.obj</name>
      </input_file>
      <input_file id="fl-a4">
         <path>/home/developer/ti/ccsv6/tools/compiler/ti-cgt-msp430_4.4.7/lib/</path>
         <kind>archive</kind>
         <file>rts430x_lc_rd_eabi.lib</file>
         <name>divd.obj</name>
      </input_file>
      <input_file id="fl-a5">
         <path>/home/developer/ti/ccsv6/tools/compiler/ti-cgt-msp430_4.4.7/lib/</path>
         <kind>archive</kind>
         <file>rts430x_lc_rd_eabi.lib</file>
         <name>frcdivd.obj</name>
      </input_file>
      <input_file id="fl-a6">
         <path>/home/developer/ti/ccsv6/tools/compiler/ti-cgt-msp430_4.4.7/lib/</path>
         <kind>archive</kind>
         <file>rts430x_lc_rd_eabi.lib</file>
         <name>div64u.obj</name>
      </input_file>
      <input_file id="fl-a7">
         <path>/home/developer/ti/ccsv6/tools/compiler/ti-cgt-msp430_4.4.7/lib/</path>
         <kind>archive</kind>
         <file>rts430x_lc_rd_eabi.lib</file>
         <name>fixdi.obj</name>
      </input_file>
      <input_file id="fl-a8">
         <path>/home/developer/ti/ccsv6/tools/compiler/ti-cgt-msp430_4.4.7/lib/</path>
         <kind>archive</kind>
         <file>rts430x_lc_rd_eabi.lib</file>
         <name>fixdli.obj</name>
      </input_file>
      <input_file id="fl-a9">
         <path>/home/developer/ti/ccsv6/tools/compiler/ti-cgt-msp430_4.4.7/lib/</path>
         <kind>archive</kind>
         <file>rts430x_lc_rd_eabi.lib</file>
         <name>fltid.obj</name>
      </input_file>
      <input_file id="fl-aa">
         <path>/home/developer/ti/ccsv6/tools/compiler/ti-cgt-msp430_4.4.7/lib/</path>
         <kind>archive</kind>
         <file>rts430x_lc_rd_eabi.lib</file>
         <name>fltlid.obj</name>
      </input_file>
      <input_file id="fl-ab">
         <path>/home/developer/ti/ccsv6/tools/compiler/ti-cgt-msp430_4.4.7/lib/</path>
         <kind>archive</kind>
         <file>rts430x_lc_rd_eabi.lib</file>
         <name>mpyd.obj</name>
      </input_file>
      <input_file id="fl-ac">
         <path>/home/developer/ti/ccsv6/tools/compiler/ti-cgt-msp430_4.4.7/lib/</path>
         <kind>archive</kind>
         <file>rts430x_lc_rd_eabi.lib</file>
         <name>frcmpyd.obj</name>
      </input_file>
      <input_file id="fl-ad">
         <path>/home/developer/ti/ccsv6/tools/compiler/ti-cgt-msp430_4.4.7/lib/</path>
         <kind>archive</kind>
         <file>rts430x_lc_rd_eabi.lib</file>
         <name>mult32.obj</name>
      </input_file>
      <input_file id="fl-ae">
         <path>/home/developer/ti/ccsv6/tools/compiler/ti-cgt-msp430_4.4.7/lib/</path>
         <kind>archive</kind>
         <file>rts430x_lc_rd_eabi.lib</file>
         <name>negd.obj</name>
      </input_file>
      <input_file id="fl-af">
         <path>/home/developer/ti/ccsv6/tools/compiler/ti-cgt-msp430_4.4.7/lib/</path>
         <kind>archive</kind>
         <file>rts430x_lc_rd_eabi.lib</file>
         <name>lsl32.obj</name>
      </input_file>
      <input_file id="fl-b0">
         <path>/home/developer/ti/ccsv6/tools/compiler/ti-cgt-msp430_4.4.7/lib/</path>
         <kind>archive</kind>
         <file>rts430x_lc_rd_eabi.lib</file>
         <name>lsl64.obj</name>
      </input_file>
      <input_file id="fl-b1">
         <path>/home/developer/ti/ccsv6/tools/compiler/ti-cgt-msp430_4.4.7/lib/</path>
         <kind>archive</kind>
         <file>rts430x_lc_rd_eabi.lib</file>
         <name>asr32.obj</name>
      </input_file>
      <input_file id="fl-b2">
         <path>/home/developer/ti/ccsv6/tools/compiler/ti-cgt-msp430_4.4.7/lib/</path>
         <kind>archive</kind>
         <file>rts430x_lc_rd_eabi.lib</file>
         <name>lsr32.obj</name>
      </input_file>
      <input_file id="fl-b3">
         <path>/home/developer/ti/ccsv6/tools/compiler/ti-cgt-msp430_4.4.7/lib/</path>
         <kind>archive</kind>
         <file>rts430x_lc_rd_eabi.lib</file>
         <name>lsr64.obj</name>
      </input_file>
      <input_file id="fl-b4">
         <path>/home/developer/ti/ccsv6/tools/compiler/ti-cgt-msp430_4.4.7/lib/</path>
         <kind>archive</kind>
         <file>rts430x_lc_rd_eabi.lib</file>
         <name>subd.obj</name>
      </input_file>
      <input_file id="fl-b5">
         <path>/home/developer/ti/ccsv6/tools/compiler/ti-cgt-msp430_4.4.7/lib/</path>
         <kind>archive</kind>
         <file>rts430x_lc_rd_eabi.lib</file>
         <name>addd.obj</name>
      </input_file>
      <input_file id="fl-b6">
         <path>/home/developer/ti/ccsv6/tools/compiler/ti-cgt-msp430_4.4.7/lib/</path>
         <kind>archive</kind>
         <file>rts430x_lc_rd_eabi.lib</file>
         <name>frcaddd.obj</name>
      </input_file>
      <input_file id="fl-b7">
         <path>/home/developer/ti/ccsv6/tools/compiler/ti-cgt-msp430_4.4.7/lib/</path>
         <kind>archive</kind>
         <file>rts430x_lc_rd_eabi.lib</file>
         <name>renormd.obj</name>
      </input_file>
      <input_file id="fl-b8">
         <path>/home/developer/ti/ccsv6/tools/compiler/ti-cgt-msp430_4.4.7/lib/</path>
         <kind>archive</kind>
         <file>rts430x_lc_rd_eabi.lib</file>
         <name>atoi.obj</name>
      </input_file>
      <input_file id="fl-b9">
         <path>/home/developer/ti/ccsv6/tools/compiler/ti-cgt-msp430_4.4.7/lib/</path>
         <kind>archive</kind>
         <file>rts430x_lc_rd_eabi.lib</file>
         <name>ctype.obj</name>
      </input_file>
      <input_file id="fl-ba">
         <path>/home/developer/ti/ccsv6/tools/compiler/ti-cgt-msp430_4.4.7/lib/</path>
         <kind>archive</kind>
         <file>rts430x_lc_rd_eabi.lib</file>
         <name>memory.obj</name>
      </input_file>
      <input_file id="fl-bb">
         <path>/home/developer/ti/ccsv6/tools/compiler/ti-cgt-msp430_4.4.7/lib/</path>
         <kind>archive</kind>
         <file>rts430x_lc_rd_eabi.lib</file>
         <name>frexp.obj</name>
      </input_file>
      <input_file id="fl-bc">
         <path>/home/developer/ti/ccsv6/tools/compiler/ti-cgt-msp430_4.4.7/lib/</path>
         <kind>archive</kind>
         <file>rts430x_lc_rd_eabi.lib</file>
         <name>xdunscal.obj</name>
      </input_file>
      <input_file id="fl-bd">
         <path>/home/developer/ti/ccsv6/tools/compiler/ti-cgt-msp430_4.4.7/lib/</path>
         <kind>archive</kind>
         <file>rts430x_lc_rd_eabi.lib</file>
         <name>xdnorm.obj</name>
      </input_file>
      <input_file id="fl-be">
         <path>/home/developer/ti/ccsv6/tools/compiler/ti-cgt-msp430_4.4.7/lib/</path>
         <kind>archive</kind>
         <file>rts430x_lc_rd_eabi.lib</file>
         <name>ldexp.obj</name>
      </input_file>
      <input_file id="fl-bf">
         <path>/home/developer/ti/ccsv6/tools/compiler/ti-cgt-msp430_4.4.7/lib/</path>
         <kind>archive</kind>
         <file>rts430x_lc_rd_eabi.lib</file>
         <name>xdscale.obj</name>
      </input_file>
      <input_file id="fl-c0">
         <path>/home/developer/ti/ccsv6/tools/compiler/ti-cgt-msp430_4.4.7/lib/</path>
         <kind>archive</kind>
         <file>rts430x_lc_rd_eabi.lib</file>
         <name>xferaise.obj</name>
      </input_file>
      <input_file id="fl-c1">
         <path>/home/developer/ti/ccsv6/tools/compiler/ti-cgt-msp430_4.4.7/lib/</path>
         <kind>archive</kind>
         <file>rts430x_lc_rd_eabi.lib</file>
         <name>errno.obj</name>
      </input_file>
      <input_file id="fl-c2">
         <path>/home/developer/ti/ccsv6/tools/compiler/ti-cgt-msp430_4.4.7/lib/</path>
         <kind>archive</kind>
         <file>rts430x_lc_rd_eabi.lib</file>
         <name>xvalues.obj</name>
      </input_file>
      <input_file id="fl-c3">
         <path>/home/developer/ti/ccsv6/tools/compiler/ti-cgt-msp430_4.4.7/lib/</path>
         <kind>archive</kind>
         <file>rts430x_lc_rd_eabi.lib</file>
         <name>feraiseexcept.obj</name>
      </input_file>
      <input_file id="fl-c4">
         <path>/home/developer/ti/ccsv6/tools/compiler/ti-cgt-msp430_4.4.7/lib/</path>
         <kind>archive</kind>
         <file>rts430x_lc_rd_eabi.lib</file>
         <name>ltoa.obj</name>
      </input_file>
      <input_file id="fl-c5">
         <path>/home/developer/ti/ccsv6/tools/compiler/ti-cgt-msp430_4.4.7/lib/</path>
         <kind>archive</kind>
         <file>rts430x_lc_rd_eabi.lib</file>
         <name>abs.obj</name>
      </input_file>
      <input_file id="fl-c6">
         <path>/home/developer/ti/ccsv6/tools/compiler/ti-cgt-msp430_4.4.7/lib/</path>
         <kind>archive</kind>
         <file>rts430x_lc_rd_eabi.lib</file>
         <name>memccpy.obj</name>
      </input_file>
      <input_file id="fl-c7">
         <path>/home/developer/ti/ccsv6/tools/compiler/ti-cgt-msp430_4.4.7/lib/</path>
         <kind>archive</kind>
         <file>rts430x_lc_rd_eabi.lib</file>
         <name>memcpy.obj</name>
      </input_file>
      <input_file id="fl-c8">
         <path>/home/developer/ti/ccsv6/tools/compiler/ti-cgt-msp430_4.4.7/lib/</path>
         <kind>archive</kind>
         <file>rts430x_lc_rd_eabi.lib</file>
         <name>memset.obj</name>
      </input_file>
      <input_file id="fl-c9">
         <path>/home/developer/ti/ccsv6/tools/compiler/ti-cgt-msp430_4.4.7/lib/</path>
         <kind>archive</kind>
         <file>rts430x_lc_rd_eabi.lib</file>
         <name>printf.obj</name>
      </input_file>
      <input_file id="fl-ca">
         <path>/home/developer/ti/ccsv6/tools/compiler/ti-cgt-msp430_4.4.7/lib/</path>
         <kind>archive</kind>
         <file>rts430x_lc_rd_eabi.lib</file>
         <name>raise.obj</name>
      </input_file>
      <input_file id="fl-cb">
         <path>/home/developer/ti/ccsv6/tools/compiler/ti-cgt-msp430_4.4.7/lib/</path>
         <kind>archive</kind>
         <file>rts430x_lc_rd_eabi.lib</file>
         <name>signal.obj</name>
      </input_file>
      <input_file id="fl-cc">
         <path>/home/developer/ti/ccsv6/tools/compiler/ti-cgt-msp430_4.4.7/lib/</path>
         <kind>archive</kind>
         <file>rts430x_lc_rd_eabi.lib</file>
         <name>snprintf.obj</name>
      </input_file>
      <input_file id="fl-cd">
         <path>/home/developer/ti/ccsv6/tools/compiler/ti-cgt-msp430_4.4.7/lib/</path>
         <kind>archive</kind>
         <file>rts430x_lc_rd_eabi.lib</file>
         <name>sprintf.obj</name>
      </input_file>
      <input_file id="fl-ce">
         <path>/home/developer/ti/ccsv6/tools/compiler/ti-cgt-msp430_4.4.7/lib/</path>
         <kind>archive</kind>
         <file>rts430x_lc_rd_eabi.lib</file>
         <name>sscanf.obj</name>
      </input_file>
      <input_file id="fl-cf">
         <path>/home/developer/ti/ccsv6/tools/compiler/ti-cgt-msp430_4.4.7/lib/</path>
         <kind>archive</kind>
         <file>rts430x_lc_rd_eabi.lib</file>
         <name>_scanfi.obj</name>
      </input_file>
      <input_file id="fl-d0">
         <path>/home/developer/ti/ccsv6/tools/compiler/ti-cgt-msp430_4.4.7/lib/</path>
         <kind>archive</kind>
         <file>rts430x_lc_rd_eabi.lib</file>
         <name>cvtdf.obj</name>
      </input_file>
      <input_file id="fl-d1">
         <path>/home/developer/ti/ccsv6/tools/compiler/ti-cgt-msp430_4.4.7/lib/</path>
         <kind>archive</kind>
         <file>rts430x_lc_rd_eabi.lib</file>
         <name>isspace.obj</name>
      </input_file>
      <input_file id="fl-d2">
         <path>/home/developer/ti/ccsv6/tools/compiler/ti-cgt-msp430_4.4.7/lib/</path>
         <kind>archive</kind>
         <file>rts430x_lc_rd_eabi.lib</file>
         <name>isxdigit.obj</name>
      </input_file>
      <input_file id="fl-d3">
         <path>/home/developer/ti/ccsv6/tools/compiler/ti-cgt-msp430_4.4.7/lib/</path>
         <kind>archive</kind>
         <file>rts430x_lc_rd_eabi.lib</file>
         <name>strchr.obj</name>
      </input_file>
      <input_file id="fl-d4">
         <path>/home/developer/ti/ccsv6/tools/compiler/ti-cgt-msp430_4.4.7/lib/</path>
         <kind>archive</kind>
         <file>rts430x_lc_rd_eabi.lib</file>
         <name>strcpy.obj</name>
      </input_file>
      <input_file id="fl-d5">
         <path>/home/developer/ti/ccsv6/tools/compiler/ti-cgt-msp430_4.4.7/lib/</path>
         <kind>archive</kind>
         <file>rts430x_lc_rd_eabi.lib</file>
         <name>strlen.obj</name>
      </input_file>
      <input_file id="fl-d6">
         <path>/home/developer/ti/ccsv6/tools/compiler/ti-cgt-msp430_4.4.7/lib/</path>
         <kind>archive</kind>
         <file>rts430x_lc_rd_eabi.lib</file>
         <name>strncat.obj</name>
      </input_file>
      <input_file id="fl-d7">
         <path>/home/developer/ti/ccsv6/tools/compiler/ti-cgt-msp430_4.4.7/lib/</path>
         <kind>archive</kind>
         <file>rts430x_lc_rd_eabi.lib</file>
         <name>strncmp.obj</name>
      </input_file>
      <input_file id="fl-d8">
         <path>/home/developer/ti/ccsv6/tools/compiler/ti-cgt-msp430_4.4.7/lib/</path>
         <kind>archive</kind>
         <file>rts430x_lc_rd_eabi.lib</file>
         <name>strncpy.obj</name>
      </input_file>
      <input_file id="fl-d9">
         <path>/home/developer/ti/ccsv6/tools/compiler/ti-cgt-msp430_4.4.7/lib/</path>
         <kind>archive</kind>
         <file>rts430x_lc_rd_eabi.lib</file>
         <name>strrchr.obj</name>
      </input_file>
      <input_file id="fl-da">
         <path>/home/developer/ti/ccsv6/tools/compiler/ti-cgt-msp430_4.4.7/lib/</path>
         <kind>archive</kind>
         <file>rts430x_lc_rd_eabi.lib</file>
         <name>strtod.obj</name>
      </input_file>
      <input_file id="fl-db">
         <path>/home/developer/ti/ccsv6/tools/compiler/ti-cgt-msp430_4.4.7/lib/</path>
         <kind>archive</kind>
         <file>rts430x_lc_rd_eabi.lib</file>
         <name>strtol.obj</name>
      </input_file>
      <input_file id="fl-dc">
         <path>/home/developer/ti/ccsv6/tools/compiler/ti-cgt-msp430_4.4.7/lib/</path>
         <kind>archive</kind>
         <file>rts430x_lc_rd_eabi.lib</file>
         <name>strtoll.obj</name>
      </input_file>
      <input_file id="fl-dd">
         <path>/home/developer/ti/ccsv6/tools/compiler/ti-cgt-msp430_4.4.7/lib/</path>
         <kind>archive</kind>
         <file>rts430x_lc_rd_eabi.lib</file>
         <name>mult64.obj</name>
      </input_file>
      <input_file id="fl-de">
         <path>/home/developer/ti/ccsv6/tools/compiler/ti-cgt-msp430_4.4.7/lib/</path>
         <kind>archive</kind>
         <file>rts430x_lc_rd_eabi.lib</file>
         <name>mult1632.obj</name>
      </input_file>
      <input_file id="fl-df">
         <path>/home/developer/ti/ccsv6/tools/compiler/ti-cgt-msp430_4.4.7/lib/</path>
         <kind>archive</kind>
         <file>rts430x_lc_rd_eabi.lib</file>
         <name>rem64u.obj</name>
      </input_file>
      <input_file id="fl-e0">
         <path>/home/developer/ti/ccsv6/tools/compiler/ti-cgt-msp430_4.4.7/lib/</path>
         <kind>archive</kind>
         <file>rts430x_lc_rd_eabi.lib</file>
         <name>strtoul.obj</name>
      </input_file>
      <input_file id="fl-e1">
         <path>/home/developer/ti/ccsv6/tools/compiler/ti-cgt-msp430_4.4.7/lib/</path>
         <kind>archive</kind>
         <file>rts430x_lc_rd_eabi.lib</file>
         <name>strtoull.obj</name>
      </input_file>
      <input_file id="fl-e2">
         <path>/home/developer/ti/ccsv6/tools/compiler/ti-cgt-msp430_4.4.7/lib/</path>
         <kind>archive</kind>
         <file>rts430x_lc_rd_eabi.lib</file>
         <name>toupper.obj</name>
      </input_file>
      <input_file id="fl-e3">
         <path>/home/developer/ti/ccsv6/tools/compiler/ti-cgt-msp430_4.4.7/lib/</path>
         <kind>archive</kind>
         <file>rts430x_lc_rd_eabi.lib</file>
         <name>vsnprintf.obj</name>
      </input_file>
   </input_file_list>
   <object_component_list>
      <object_component id="oc-e3">
         <name>.sysmem</name>
         <uninitialized>true</uninitialized>
         <run_address>0x4400</run_address>
         <size>0x6</size>
         <input_file_ref idref="fl-ba"/>
      </object_component>
      <object_component id="oc-748">
         <name>.sysmem</name>
         <uninitialized>true</uninitialized>
         <run_address>0x4400</run_address>
         <size>0x0</size>
      </object_component>
      <object_component id="oc-746">
         <name>.cinit..data.load</name>
         <load_address>0x81b6</load_address>
         <run_address>0x81b6</run_address>
         <size>0x8b</size>
      </object_component>
      <object_component id="oc-743">
         <name>__TI_handler_table</name>
         <load_address>0x8242</load_address>
         <run_address>0x8242</run_address>
         <size>0xc</size>
      </object_component>
      <object_component id="oc-745">
         <name>.cinit..bss.load</name>
         <load_address>0x824e</load_address>
         <run_address>0x824e</run_address>
         <size>0x6</size>
      </object_component>
      <object_component id="oc-744">
         <name>__TI_cinit_table</name>
         <load_address>0x8254</load_address>
         <run_address>0x8254</run_address>
         <size>0x10</size>
      </object_component>
      <object_component id="oc-2c2">
         <name>.const</name>
         <load_address>0x762e</load_address>
         <run_address>0x762e</run_address>
         <size>0x42c</size>
         <input_file_ref idref="fl-3"/>
      </object_component>
      <object_component id="oc-29a">
         <name>.const:init_pin_table$1</name>
         <load_address>0x7a5a</load_address>
         <run_address>0x7a5a</run_address>
         <size>0x41a</size>
         <input_file_ref idref="fl-4"/>
      </object_component>
      <object_component id="oc-2aa">
         <name>.const:.string</name>
         <load_address>0x7e74</load_address>
         <run_address>0x7e74</run_address>
         <size>0x108</size>
         <input_file_ref idref="fl-3"/>
      </object_component>
      <object_component id="oc-4e6">
         <name>.const:.string:_ctypes_</name>
         <load_address>0x7f7c</load_address>
         <run_address>0x7f7c</run_address>
         <size>0x101</size>
         <input_file_ref idref="fl-b9"/>
      </object_component>
      <object_component id="oc-351">
         <name>.const:.string</name>
         <load_address>0x807e</load_address>
         <run_address>0x807e</run_address>
         <size>0x48</size>
         <input_file_ref idref="fl-2"/>
      </object_component>
      <object_component id="oc-423">
         <name>.const:.string</name>
         <load_address>0x80c6</load_address>
         <run_address>0x80c6</run_address>
         <size>0x36</size>
         <input_file_ref idref="fl-94"/>
      </object_component>
      <object_component id="oc-346">
         <name>.const:.string</name>
         <load_address>0x80fc</load_address>
         <run_address>0x80fc</run_address>
         <size>0x32</size>
         <input_file_ref idref="fl-d"/>
      </object_component>
      <object_component id="oc-4b3">
         <name>.const:.string</name>
         <load_address>0x812e</load_address>
         <run_address>0x812e</run_address>
         <size>0x26</size>
         <input_file_ref idref="fl-a1"/>
      </object_component>
      <object_component id="oc-3c4">
         <name>.const:.string</name>
         <load_address>0x8154</load_address>
         <run_address>0x8154</run_address>
         <size>0x22</size>
         <input_file_ref idref="fl-5"/>
      </object_component>
      <object_component id="oc-1ad">
         <name>.const</name>
         <load_address>0x8176</load_address>
         <run_address>0x8176</run_address>
         <size>0x22</size>
         <input_file_ref idref="fl-5"/>
      </object_component>
      <object_component id="oc-281">
         <name>.const:.string</name>
         <load_address>0x8198</load_address>
         <run_address>0x8198</run_address>
         <size>0x12</size>
         <input_file_ref idref="fl-8"/>
      </object_component>
      <object_component id="oc-347">
         <name>.const:LEVEL_STRINGS</name>
         <load_address>0x81aa</load_address>
         <run_address>0x81aa</run_address>
         <size>0xc</size>
         <input_file_ref idref="fl-d"/>
      </object_component>
      <object_component id="oc-10b">
         <name>.text:_isr:TA0IV_ISR</name>
         <load_address>0x7242</load_address>
         <run_address>0x7242</run_address>
         <size>0x10e</size>
         <input_file_ref idref="fl-6"/>
      </object_component>
      <object_component id="oc-11d">
         <name>.text:_isr:TIMER0_A0_ISR</name>
         <load_address>0x7350</load_address>
         <run_address>0x7350</run_address>
         <size>0x6a</size>
         <input_file_ref idref="fl-6"/>
      </object_component>
      <object_component id="oc-117">
         <name>.text:_isr:USCI_A1_ISR</name>
         <load_address>0x73ba</load_address>
         <run_address>0x73ba</run_address>
         <size>0x5a</size>
         <input_file_ref idref="fl-5"/>
      </object_component>
      <object_component id="oc-123">
         <name>.text:_isr:USCI_A0_ISR</name>
         <load_address>0x7414</load_address>
         <run_address>0x7414</run_address>
         <size>0x32</size>
         <input_file_ref idref="fl-5"/>
      </object_component>
      <object_component id="oc-bb">
         <name>.text:_isr:_c_int00_noargs_noexit</name>
         <load_address>0x7446</load_address>
         <run_address>0x7446</run_address>
         <size>0x1a</size>
         <input_file_ref idref="fl-99"/>
      </object_component>
      <object_component id="oc-105">
         <name>.text:_isr:RTC_ISR</name>
         <load_address>0x7460</load_address>
         <run_address>0x7460</run_address>
         <size>0x12</size>
         <input_file_ref idref="fl-6"/>
      </object_component>
      <object_component id="oc-100">
         <name>.text:_isr:__TI_ISR_TRAP</name>
         <load_address>0x7472</load_address>
         <run_address>0x7472</run_address>
         <size>0x6</size>
         <input_file_ref idref="fl-70"/>
      </object_component>
      <object_component id="oc-111">
         <name>.text:_isr:TACCR1_ISR</name>
         <load_address>0x7478</load_address>
         <run_address>0x7478</run_address>
         <size>0x2</size>
         <input_file_ref idref="fl-6"/>
      </object_component>
      <object_component id="oc-5c5">
         <name>.text:__TI_frcdivd</name>
         <load_address>0x10000</load_address>
         <run_address>0x10000</run_address>
         <size>0x452</size>
         <input_file_ref idref="fl-a5"/>
      </object_component>
      <object_component id="oc-591">
         <name>.text:__mspabi_divull</name>
         <load_address>0x10452</load_address>
         <run_address>0x10452</run_address>
         <size>0x39a</size>
         <input_file_ref idref="fl-a6"/>
      </object_component>
      <object_component id="oc-5bd">
         <name>.text:__TI_frcmpyd</name>
         <load_address>0x107ec</load_address>
         <run_address>0x107ec</run_address>
         <size>0x2e4</size>
         <input_file_ref idref="fl-ac"/>
      </object_component>
      <object_component id="oc-616">
         <name>.text:__mspabi_addd</name>
         <load_address>0x10ad0</load_address>
         <run_address>0x10ad0</run_address>
         <size>0x2d8</size>
         <input_file_ref idref="fl-b5"/>
      </object_component>
      <object_component id="oc-562">
         <name>.text:__mspabi_mpyd</name>
         <load_address>0x10da8</load_address>
         <run_address>0x10da8</run_address>
         <size>0x282</size>
         <input_file_ref idref="fl-ab"/>
      </object_component>
      <object_component id="oc-327">
         <name>.text:bsp_pin_set_alt_funct</name>
         <load_address>0x1102a</load_address>
         <run_address>0x1102a</run_address>
         <size>0x27c</size>
         <input_file_ref idref="fl-4"/>
      </object_component>
      <object_component id="oc-44e">
         <name>.text:_setfield</name>
         <load_address>0x112a6</load_address>
         <run_address>0x112a6</run_address>
         <size>0x262</size>
         <input_file_ref idref="fl-a1"/>
      </object_component>
      <object_component id="oc-65e">
         <name>.text:__TI_frcaddd</name>
         <load_address>0x11508</load_address>
         <run_address>0x11508</run_address>
         <size>0x252</size>
         <input_file_ref idref="fl-b6"/>
      </object_component>
      <object_component id="oc-568">
         <name>.text:__mspabi_divd</name>
         <load_address>0x1175a</load_address>
         <run_address>0x1175a</run_address>
         <size>0x222</size>
         <input_file_ref idref="fl-a4"/>
      </object_component>
      <object_component id="oc-4ba">
         <name>.text:_pproc_fgea</name>
         <load_address>0x1197c</load_address>
         <run_address>0x1197c</run_address>
         <size>0x218</size>
         <input_file_ref idref="fl-a1"/>
      </object_component>
      <object_component id="oc-542">
         <name>.text:ecvt</name>
         <load_address>0x11b94</load_address>
         <run_address>0x11b94</run_address>
         <size>0x218</size>
         <input_file_ref idref="fl-a1"/>
      </object_component>
      <object_component id="oc-575">
         <name>.text:acvt</name>
         <load_address>0x11dac</load_address>
         <run_address>0x11dac</run_address>
         <size>0x212</size>
         <input_file_ref idref="fl-a1"/>
      </object_component>
      <object_component id="oc-3b2">
         <name>.text:__TI_printfi</name>
         <load_address>0x11fbe</load_address>
         <run_address>0x11fbe</run_address>
         <size>0x202</size>
         <input_file_ref idref="fl-a1"/>
      </object_component>
      <object_component id="oc-555">
         <name>.text:fcvt</name>
         <load_address>0x121c0</load_address>
         <run_address>0x121c0</run_address>
         <size>0x202</size>
         <input_file_ref idref="fl-a1"/>
      </object_component>
      <object_component id="oc-516">
         <name>.text:_pconv_e</name>
         <load_address>0x123c2</load_address>
         <run_address>0x123c2</run_address>
         <size>0x1a4</size>
         <input_file_ref idref="fl-a1"/>
      </object_component>
      <object_component id="oc-63b">
         <name>.text:_Dscale</name>
         <load_address>0x12566</load_address>
         <run_address>0x12566</run_address>
         <size>0x19e</size>
         <input_file_ref idref="fl-bf"/>
      </object_component>
      <object_component id="oc-33a">
         <name>.text:__vla_alloc</name>
         <load_address>0x12704</load_address>
         <run_address>0x12704</run_address>
         <size>0x198</size>
         <input_file_ref idref="fl-94"/>
      </object_component>
      <object_component id="oc-4eb">
         <name>.text:_getarg_diouxp</name>
         <load_address>0x1289c</load_address>
         <run_address>0x1289c</run_address>
         <size>0x188</size>
         <input_file_ref idref="fl-a1"/>
      </object_component>
      <object_component id="oc-51c">
         <name>.text:_pconv_a</name>
         <load_address>0x12a24</load_address>
         <run_address>0x12a24</run_address>
         <size>0x16e</size>
         <input_file_ref idref="fl-a1"/>
      </object_component>
      <object_component id="oc-4b4">
         <name>.text:_pproc_diouxp</name>
         <load_address>0x12b92</load_address>
         <run_address>0x12b92</run_address>
         <size>0x148</size>
         <input_file_ref idref="fl-a1"/>
      </object_component>
      <object_component id="oc-47d">
         <name>.text:realloc</name>
         <load_address>0x12cda</load_address>
         <run_address>0x12cda</run_address>
         <size>0x144</size>
         <input_file_ref idref="fl-ba"/>
      </object_component>
      <object_component id="oc-1e6">
         <name>.text:bsp_set_valve_power</name>
         <load_address>0x12e1e</load_address>
         <run_address>0x12e1e</run_address>
         <size>0x114</size>
         <input_file_ref idref="fl-3"/>
      </object_component>
      <object_component id="oc-2ab">
         <name>.text:util_log</name>
         <load_address>0x12f32</load_address>
         <run_address>0x12f32</run_address>
         <size>0x10c</size>
         <input_file_ref idref="fl-d"/>
      </object_component>
      <object_component id="oc-2c5">
         <name>.text:bsp_pin_digital_write</name>
         <load_address>0x1303e</load_address>
         <run_address>0x1303e</run_address>
         <size>0x104</size>
         <input_file_ref idref="fl-4"/>
      </object_component>
      <object_component id="oc-631">
         <name>.text:_Dnorm</name>
         <load_address>0x13142</load_address>
         <run_address>0x13142</run_address>
         <size>0x100</size>
         <input_file_ref idref="fl-bd"/>
      </object_component>
      <object_component id="oc-50a">
         <name>.text:_pconv_g</name>
         <load_address>0x13242</load_address>
         <run_address>0x13242</run_address>
         <size>0xfc</size>
         <input_file_ref idref="fl-a1"/>
      </object_component>
      <object_component id="oc-448">
         <name>.text:_pproc_fwp</name>
         <load_address>0x1333e</load_address>
         <run_address>0x1333e</run_address>
         <size>0xfa</size>
         <input_file_ref idref="fl-a1"/>
      </object_component>
      <object_component id="oc-321">
         <name>.text:bsp_pin_set_mode</name>
         <load_address>0x13438</load_address>
         <run_address>0x13438</run_address>
         <size>0xec</size>
         <input_file_ref idref="fl-4"/>
      </object_component>
      <object_component id="oc-522">
         <name>.text:__mspabi_cmpd</name>
         <load_address>0x13524</load_address>
         <run_address>0x13524</run_address>
         <size>0xd8</size>
         <input_file_ref idref="fl-a3"/>
      </object_component>
      <object_component id="oc-1f8">
         <name>.text:bsp_set_cal_cell_power</name>
         <load_address>0x135fc</load_address>
         <run_address>0x135fc</run_address>
         <size>0xce</size>
         <input_file_ref idref="fl-3"/>
      </object_component>
      <object_component id="oc-34a">
         <name>.text:__vla_dealloc</name>
         <load_address>0x136ca</load_address>
         <run_address>0x136ca</run_address>
         <size>0xc6</size>
         <input_file_ref idref="fl-94"/>
      </object_component>
      <object_component id="oc-3f7">
         <name>.text:malloc</name>
         <load_address>0x13790</load_address>
         <run_address>0x13790</run_address>
         <size>0xba</size>
         <input_file_ref idref="fl-ba"/>
      </object_component>
      <object_component id="oc-692">
         <name>.text:__TI_renormd</name>
         <load_address>0x1384a</load_address>
         <run_address>0x1384a</run_address>
         <size>0xb2</size>
         <input_file_ref idref="fl-b7"/>
      </object_component>
      <object_component id="oc-3e5">
         <name>.text:_Z21free_dead_allocationsPv</name>
         <load_address>0x138fc</load_address>
         <run_address>0x138fc</run_address>
         <size>0xa8</size>
         <input_file_ref idref="fl-94"/>
      </object_component>
      <object_component id="oc-454">
         <name>.text:_pproc_str</name>
         <load_address>0x139a4</load_address>
         <run_address>0x139a4</run_address>
         <size>0xa8</size>
         <input_file_ref idref="fl-a1"/>
      </object_component>
      <object_component id="oc-1f2">
         <name>.text:bsp_set_card_power</name>
         <load_address>0x13a4c</load_address>
         <run_address>0x13a4c</run_address>
         <size>0xa4</size>
         <input_file_ref idref="fl-3"/>
      </object_component>
      <object_component id="oc-4f1">
         <name>.text:_ltostr</name>
         <load_address>0x13af0</load_address>
         <run_address>0x13af0</run_address>
         <size>0x9e</size>
         <input_file_ref idref="fl-a1"/>
      </object_component>
      <object_component id="oc-2ea">
         <name>.text:EUSCI_A_UART_init</name>
         <load_address>0x13b8e</load_address>
         <run_address>0x13b8e</run_address>
         <size>0x9a</size>
         <input_file_ref idref="fl-26"/>
      </object_component>
      <object_component id="oc-5a0">
         <name>.text:__mspabi_fltlid</name>
         <load_address>0x13c28</load_address>
         <run_address>0x13c28</run_address>
         <size>0x94</size>
         <input_file_ref idref="fl-aa"/>
      </object_component>
      <object_component id="oc-548">
         <name>.text:_ecpy</name>
         <load_address>0x13cbc</load_address>
         <run_address>0x13cbc</run_address>
         <size>0x94</size>
         <input_file_ref idref="fl-a1"/>
      </object_component>
      <object_component id="oc-26f">
         <name>.text:init_uart</name>
         <load_address>0x13d50</load_address>
         <run_address>0x13d50</run_address>
         <size>0x92</size>
         <input_file_ref idref="fl-5"/>
      </object_component>
      <object_component id="oc-54e">
         <name>.text:_mcpy</name>
         <load_address>0x13de2</load_address>
         <run_address>0x13de2</run_address>
         <size>0x90</size>
         <input_file_ref idref="fl-a1"/>
      </object_component>
      <object_component id="oc-41d">
         <name>.text:free</name>
         <load_address>0x13e72</load_address>
         <run_address>0x13e72</run_address>
         <size>0x8e</size>
         <input_file_ref idref="fl-ba"/>
      </object_component>
      <object_component id="oc-537">
         <name>.text:_div</name>
         <load_address>0x13f00</load_address>
         <run_address>0x13f00</run_address>
         <size>0x88</size>
         <input_file_ref idref="fl-a1"/>
      </object_component>
      <object_component id="oc-150">
         <name>.text:main</name>
         <load_address>0x13f88</load_address>
         <run_address>0x13f88</run_address>
         <size>0x88</size>
         <input_file_ref idref="fl-a"/>
      </object_component>
      <object_component id="oc-5d5">
         <name>.text:ldexp</name>
         <load_address>0x14010</load_address>
         <run_address>0x14010</run_address>
         <size>0x86</size>
         <input_file_ref idref="fl-be"/>
      </object_component>
      <object_component id="oc-59a">
         <name>.text:ltoa</name>
         <load_address>0x14096</load_address>
         <run_address>0x14096</run_address>
         <size>0x80</size>
         <input_file_ref idref="fl-c4"/>
      </object_component>
      <object_component id="oc-510">
         <name>.text:_pconv_f</name>
         <load_address>0x14116</load_address>
         <run_address>0x14116</run_address>
         <size>0x78</size>
         <input_file_ref idref="fl-a1"/>
      </object_component>
      <object_component id="oc-5cd">
         <name>.text:_Dunscale</name>
         <load_address>0x1418e</load_address>
         <run_address>0x1418e</run_address>
         <size>0x72</size>
         <input_file_ref idref="fl-bc"/>
      </object_component>
      <object_component id="oc-2cb">
         <name>.text:send_address</name>
         <load_address>0x14200</load_address>
         <run_address>0x14200</run_address>
         <size>0x70</size>
         <input_file_ref idref="fl-3"/>
      </object_component>
      <object_component id="oc-2b1">
         <name>.text:bsp_card_get_card_location</name>
         <load_address>0x14270</load_address>
         <run_address>0x14270</run_address>
         <size>0x6e</size>
         <input_file_ref idref="fl-2"/>
      </object_component>
      <object_component id="oc-136">
         <name>.text:_auto_init_hold_wdt</name>
         <load_address>0x142de</load_address>
         <run_address>0x142de</run_address>
         <size>0x6c</size>
         <input_file_ref idref="fl-98"/>
      </object_component>
      <object_component id="oc-f3">
         <name>.text:__TI_decompress_rle_core</name>
         <load_address>0x1434a</load_address>
         <run_address>0x1434a</run_address>
         <size>0x68</size>
         <input_file_ref idref="fl-6e"/>
      </object_component>
      <object_component id="oc-268">
         <name>.text:CS_initClockSignal</name>
         <load_address>0x143b2</load_address>
         <run_address>0x143b2</run_address>
         <size>0x66</size>
         <input_file_ref idref="fl-22"/>
      </object_component>
      <object_component id="oc-5b2">
         <name>.text:__mspabi_fixdli</name>
         <load_address>0x14418</load_address>
         <run_address>0x14418</run_address>
         <size>0x66</size>
         <input_file_ref idref="fl-a8"/>
      </object_component>
      <object_component id="oc-4ac">
         <name>.text:atoi</name>
         <load_address>0x1447e</load_address>
         <run_address>0x1447e</run_address>
         <size>0x62</size>
         <input_file_ref idref="fl-b8"/>
      </object_component>
      <object_component id="oc-30c">
         <name>.text:snprintf</name>
         <load_address>0x144e0</load_address>
         <run_address>0x144e0</run_address>
         <size>0x62</size>
         <input_file_ref idref="fl-cc"/>
      </object_component>
      <object_component id="oc-314">
         <name>.text:cout_data_channel</name>
         <load_address>0x14542</load_address>
         <run_address>0x14542</run_address>
         <size>0x60</size>
         <input_file_ref idref="fl-5"/>
      </object_component>
      <object_component id="oc-42e">
         <name>.text</name>
         <load_address>0x145a2</load_address>
         <run_address>0x145a2</run_address>
         <size>0x58</size>
         <input_file_ref idref="fl-8a"/>
      </object_component>
      <object_component id="oc-358">
         <name>.text:EUSCI_B_SPI_initMaster</name>
         <load_address>0x145fa</load_address>
         <run_address>0x145fa</run_address>
         <size>0x56</size>
         <input_file_ref idref="fl-28"/>
      </object_component>
      <object_component id="oc-340">
         <name>.text:vsnprintf</name>
         <load_address>0x14650</load_address>
         <run_address>0x14650</run_address>
         <size>0x56</size>
         <input_file_ref idref="fl-e3"/>
      </object_component>
      <object_component id="oc-4fe">
         <name>.text:_Dclass</name>
         <load_address>0x146a6</load_address>
         <run_address>0x146a6</run_address>
         <size>0x50</size>
         <input_file_ref idref="fl-a2"/>
      </object_component>
      <object_component id="oc-427">
         <name>.text:fprintf</name>
         <load_address>0x146f6</load_address>
         <run_address>0x146f6</run_address>
         <size>0x50</size>
         <input_file_ref idref="fl-a0"/>
      </object_component>
      <object_component id="oc-55b">
         <name>.text:_fcpy</name>
         <load_address>0x14746</load_address>
         <run_address>0x14746</run_address>
         <size>0x4e</size>
         <input_file_ref idref="fl-a1"/>
      </object_component>
      <object_component id="oc-442">
         <name>.text:_pproc_fflags</name>
         <load_address>0x14794</load_address>
         <run_address>0x14794</run_address>
         <size>0x46</size>
         <input_file_ref idref="fl-a1"/>
      </object_component>
      <object_component id="oc-3eb">
         <name>.text:_Z18init_curr_vla_poolv</name>
         <load_address>0x147da</load_address>
         <run_address>0x147da</run_address>
         <size>0x44</size>
         <input_file_ref idref="fl-94"/>
      </object_component>
      <object_component id="oc-3f1">
         <name>.text:_Z31increase_curr_vla_pool_capacityv</name>
         <load_address>0x1481e</load_address>
         <run_address>0x1481e</run_address>
         <size>0x44</size>
         <input_file_ref idref="fl-94"/>
      </object_component>
      <object_component id="oc-56f">
         <name>.text:frexp</name>
         <load_address>0x14862</load_address>
         <run_address>0x14862</run_address>
         <size>0x42</size>
         <input_file_ref idref="fl-bb"/>
      </object_component>
      <object_component id="oc-487">
         <name>.text:minit</name>
         <load_address>0x148a4</load_address>
         <run_address>0x148a4</run_address>
         <size>0x42</size>
         <input_file_ref idref="fl-ba"/>
      </object_component>
      <object_component id="oc-5fd">
         <name>.text</name>
         <load_address>0x148e6</load_address>
         <run_address>0x148e6</run_address>
         <size>0x40</size>
         <input_file_ref idref="fl-88"/>
      </object_component>
      <object_component id="oc-5e1">
         <name>.text:incr_hex</name>
         <load_address>0x14926</load_address>
         <run_address>0x14926</run_address>
         <size>0x3e</size>
         <input_file_ref idref="fl-a1"/>
      </object_component>
      <object_component id="oc-624">
         <name>.text:l_asr_const</name>
         <load_address>0x14964</load_address>
         <run_address>0x14964</run_address>
         <size>0x3e</size>
         <input_file_ref idref="fl-b1"/>
      </object_component>
      <object_component id="oc-60a">
         <name>.text:l_lsl_const</name>
         <load_address>0x149a2</load_address>
         <run_address>0x149a2</run_address>
         <size>0x3e</size>
         <input_file_ref idref="fl-af"/>
      </object_component>
      <object_component id="oc-60f">
         <name>.text:l_lsr_const</name>
         <load_address>0x149e0</load_address>
         <run_address>0x149e0</run_address>
         <size>0x3e</size>
         <input_file_ref idref="fl-b2"/>
      </object_component>
      <object_component id="oc-303">
         <name>.text:fputs</name>
         <load_address>0x14a1e</load_address>
         <run_address>0x14a1e</run_address>
         <size>0x3c</size>
         <input_file_ref idref="fl-5"/>
      </object_component>
      <object_component id="oc-5f5">
         <name>.text:__mspabi_sllll</name>
         <load_address>0x14a5a</load_address>
         <run_address>0x14a5a</run_address>
         <size>0x3a</size>
         <input_file_ref idref="fl-b0"/>
      </object_component>
      <object_component id="oc-586">
         <name>.text:__mspabi_srlll</name>
         <load_address>0x14a94</load_address>
         <run_address>0x14a94</run_address>
         <size>0x3a</size>
         <input_file_ref idref="fl-b3"/>
      </object_component>
      <object_component id="oc-2bc">
         <name>.text:modify_bitfield</name>
         <load_address>0x14ace</load_address>
         <run_address>0x14ace</run_address>
         <size>0x3a</size>
         <input_file_ref idref="fl-3"/>
      </object_component>
      <object_component id="oc-6c4">
         <name>.text:signal</name>
         <load_address>0x14b08</load_address>
         <run_address>0x14b08</run_address>
         <size>0x38</size>
         <input_file_ref idref="fl-cb"/>
      </object_component>
      <object_component id="oc-641">
         <name>.text:_Feraise</name>
         <load_address>0x14b40</load_address>
         <run_address>0x14b40</run_address>
         <size>0x36</size>
         <input_file_ref idref="fl-c0"/>
      </object_component>
      <object_component id="oc-3a6">
         <name>.text:_outs</name>
         <load_address>0x14b76</load_address>
         <run_address>0x14b76</run_address>
         <size>0x36</size>
         <input_file_ref idref="fl-cc"/>
      </object_component>
      <object_component id="oc-408">
         <name>.text:_outs</name>
         <load_address>0x14bac</load_address>
         <run_address>0x14bac</run_address>
         <size>0x36</size>
         <input_file_ref idref="fl-e3"/>
      </object_component>
      <object_component id="oc-67a">
         <name>.text:feraiseexcept</name>
         <load_address>0x14be2</load_address>
         <run_address>0x14be2</run_address>
         <size>0x34</size>
         <input_file_ref idref="fl-c3"/>
      </object_component>
      <object_component id="oc-5a6">
         <name>.text:__mspabi_subd</name>
         <load_address>0x14c16</load_address>
         <run_address>0x14c16</run_address>
         <size>0x32</size>
         <input_file_ref idref="fl-b4"/>
      </object_component>
      <object_component id="oc-6ab">
         <name>.text:raise</name>
         <load_address>0x14c48</load_address>
         <run_address>0x14c48</run_address>
         <size>0x32</size>
         <input_file_ref idref="fl-ca"/>
      </object_component>
      <object_component id="oc-1da">
         <name>.text:logger_init</name>
         <load_address>0x14c7a</load_address>
         <run_address>0x14c7a</run_address>
         <size>0x30</size>
         <input_file_ref idref="fl-8"/>
      </object_component>
      <object_component id="oc-504">
         <name>.text:__mspabi_negd</name>
         <load_address>0x14caa</load_address>
         <run_address>0x14caa</run_address>
         <size>0x2e</size>
         <input_file_ref idref="fl-ae"/>
      </object_component>
      <object_component id="oc-1e0">
         <name>.text:bsp_pins_initalize</name>
         <load_address>0x14cd8</load_address>
         <run_address>0x14cd8</run_address>
         <size>0x2c</size>
         <input_file_ref idref="fl-4"/>
      </object_component>
      <object_component id="oc-28e">
         <name>.text:util_log_init</name>
         <load_address>0x14d04</load_address>
         <run_address>0x14d04</run_address>
         <size>0x2a</size>
         <input_file_ref idref="fl-d"/>
      </object_component>
      <object_component id="oc-5ac">
         <name>.text:__mspabi_fixdi</name>
         <load_address>0x14d2e</load_address>
         <run_address>0x14d2e</run_address>
         <size>0x28</size>
         <input_file_ref idref="fl-a7"/>
      </object_component>
      <object_component id="oc-1ec">
         <name>.text:sw_delay</name>
         <load_address>0x14d56</load_address>
         <run_address>0x14d56</run_address>
         <size>0x28</size>
         <input_file_ref idref="fl-a"/>
      </object_component>
      <object_component id="oc-29b">
         <name>.text:bsp_pin_setup</name>
         <load_address>0x14d7e</load_address>
         <run_address>0x14d7e</run_address>
         <size>0x26</size>
         <input_file_ref idref="fl-4"/>
      </object_component>
      <object_component id="oc-1d4">
         <name>.text:Init_Clock</name>
         <load_address>0x14da4</load_address>
         <run_address>0x14da4</run_address>
         <size>0x24</size>
         <input_file_ref idref="fl-a"/>
      </object_component>
      <object_component id="oc-9d">
         <name>.text:decompress:ZI:__TI_zero_init</name>
         <load_address>0x14dc8</load_address>
         <run_address>0x14dc8</run_address>
         <size>0x24</size>
         <input_file_ref idref="fl-86"/>
      </object_component>
      <object_component id="oc-27b">
         <name>.text:get_time</name>
         <load_address>0x14dec</load_address>
         <run_address>0x14dec</run_address>
         <size>0x24</size>
         <input_file_ref idref="fl-8"/>
      </object_component>
      <object_component id="oc-1b0">
         <name>.text:EUSCI_A_UART_disableInterrupt</name>
         <load_address>0x14e10</load_address>
         <run_address>0x14e10</run_address>
         <size>0x22</size>
         <input_file_ref idref="fl-26"/>
      </object_component>
      <object_component id="oc-2f6">
         <name>.text:EUSCI_A_UART_enableInterrupt</name>
         <load_address>0x14e32</load_address>
         <run_address>0x14e32</run_address>
         <size>0x22</size>
         <input_file_ref idref="fl-26"/>
      </object_component>
      <object_component id="oc-39d">
         <name>.text:EUSCI_A_UART_transmitData</name>
         <load_address>0x14e54</load_address>
         <run_address>0x14e54</run_address>
         <size>0x22</size>
         <input_file_ref idref="fl-26"/>
      </object_component>
      <object_component id="oc-4dd">
         <name>.text:fputc</name>
         <load_address>0x14e76</load_address>
         <run_address>0x14e76</run_address>
         <size>0x22</size>
         <input_file_ref idref="fl-5"/>
      </object_component>
      <object_component id="oc-61f">
         <name>.text</name>
         <load_address>0x14e98</load_address>
         <run_address>0x14e98</run_address>
         <size>0x22</size>
         <input_file_ref idref="fl-8d"/>
      </object_component>
      <object_component id="oc-1a4">
         <name>.text:EUSCI_A_UART_receiveData</name>
         <load_address>0x14eba</load_address>
         <run_address>0x14eba</run_address>
         <size>0x20</size>
         <input_file_ref idref="fl-26"/>
      </object_component>
      <object_component id="oc-3ac">
         <name>.text:_outc</name>
         <load_address>0x14eda</load_address>
         <run_address>0x14eda</run_address>
         <size>0x20</size>
         <input_file_ref idref="fl-cc"/>
      </object_component>
      <object_component id="oc-40e">
         <name>.text:_outc</name>
         <load_address>0x14efa</load_address>
         <run_address>0x14efa</run_address>
         <size>0x20</size>
         <input_file_ref idref="fl-e3"/>
      </object_component>
      <object_component id="oc-5db">
         <name>.text:val_hex</name>
         <load_address>0x14f1a</load_address>
         <run_address>0x14f1a</run_address>
         <size>0x20</size>
         <input_file_ref idref="fl-a1"/>
      </object_component>
      <object_component id="oc-4c0">
         <name>.text:memccpy</name>
         <load_address>0x14f3a</load_address>
         <run_address>0x14f3a</run_address>
         <size>0x1e</size>
         <input_file_ref idref="fl-c6"/>
      </object_component>
      <object_component id="oc-649">
         <name>.text:strchr</name>
         <load_address>0x14f58</load_address>
         <run_address>0x14f58</run_address>
         <size>0x1c</size>
         <input_file_ref idref="fl-d3"/>
      </object_component>
      <object_component id="oc-2fc">
         <name>.text:memset</name>
         <load_address>0x14f74</load_address>
         <run_address>0x14f74</run_address>
         <size>0x16</size>
         <input_file_ref idref="fl-c8"/>
      </object_component>
      <object_component id="oc-58c">
         <name>.text</name>
         <load_address>0x14f8a</load_address>
         <run_address>0x14f8a</run_address>
         <size>0x16</size>
         <input_file_ref idref="fl-89"/>
      </object_component>
      <object_component id="oc-295">
         <name>.text</name>
         <load_address>0x14fa0</load_address>
         <run_address>0x14fa0</run_address>
         <size>0x16</size>
         <input_file_ref idref="fl-8c"/>
      </object_component>
      <object_component id="oc-288">
         <name>.text:info_logger_log</name>
         <load_address>0x14fb6</load_address>
         <run_address>0x14fb6</run_address>
         <size>0x14</size>
         <input_file_ref idref="fl-8"/>
      </object_component>
      <object_component id="oc-e6">
         <name>.text:memcpy</name>
         <load_address>0x14fca</load_address>
         <run_address>0x14fca</run_address>
         <size>0x14</size>
         <input_file_ref idref="fl-c7"/>
      </object_component>
      <object_component id="oc-262">
         <name>.text:CS_setDCOFreq</name>
         <load_address>0x14fde</load_address>
         <run_address>0x14fde</run_address>
         <size>0x12</size>
         <input_file_ref idref="fl-22"/>
      </object_component>
      <object_component id="oc-75">
         <name>.text:decompress:none:__TI_decompress_none</name>
         <load_address>0x14ff0</load_address>
         <run_address>0x14ff0</run_address>
         <size>0x12</size>
         <input_file_ref idref="fl-6d"/>
      </object_component>
      <object_component id="oc-4f8">
         <name>.text:toupper</name>
         <load_address>0x15002</load_address>
         <run_address>0x15002</run_address>
         <size>0x12</size>
         <input_file_ref idref="fl-e2"/>
      </object_component>
      <object_component id="oc-68d">
         <name>.text:l_asr</name>
         <load_address>0x15014</load_address>
         <run_address>0x15014</run_address>
         <size>0x10</size>
         <input_file_ref idref="fl-b1"/>
      </object_component>
      <object_component id="oc-688">
         <name>.text:l_lsl</name>
         <load_address>0x15024</load_address>
         <run_address>0x15024</run_address>
         <size>0x10</size>
         <input_file_ref idref="fl-af"/>
      </object_component>
      <object_component id="oc-5f0">
         <name>.text:l_lsr</name>
         <load_address>0x15034</load_address>
         <run_address>0x15034</run_address>
         <size>0x10</size>
         <input_file_ref idref="fl-b2"/>
      </object_component>
      <object_component id="oc-391">
         <name>.text:strlen</name>
         <load_address>0x15044</load_address>
         <run_address>0x15044</run_address>
         <size>0xe</size>
         <input_file_ref idref="fl-d5"/>
      </object_component>
      <object_component id="oc-36a">
         <name>.text:EUSCI_B_SPI_transmitData</name>
         <load_address>0x15052</load_address>
         <run_address>0x15052</run_address>
         <size>0xc</size>
         <input_file_ref idref="fl-28"/>
      </object_component>
      <object_component id="oc-18b">
         <name>.text:Timer_A_disableCaptureCompareInterrupt</name>
         <load_address>0x1505e</load_address>
         <run_address>0x1505e</run_address>
         <size>0xc</size>
         <input_file_ref idref="fl-35"/>
      </object_component>
      <object_component id="oc-5e7">
         <name>.text:__mspabi_fltid</name>
         <load_address>0x1506a</load_address>
         <run_address>0x1506a</run_address>
         <size>0xc</size>
         <input_file_ref idref="fl-a9"/>
      </object_component>
      <object_component id="oc-397">
         <name>.text:EUSCI_A_UART_getInterruptStatus</name>
         <load_address>0x15076</load_address>
         <run_address>0x15076</run_address>
         <size>0xa</size>
         <input_file_ref idref="fl-26"/>
      </object_component>
      <object_component id="oc-364">
         <name>.text:EUSCI_B_SPI_isBusy</name>
         <load_address>0x15080</load_address>
         <run_address>0x15080</run_address>
         <size>0xa</size>
         <input_file_ref idref="fl-28"/>
      </object_component>
      <object_component id="oc-602">
         <name>.text:abs</name>
         <load_address>0x1508a</load_address>
         <run_address>0x1508a</run_address>
         <size>0xa</size>
         <input_file_ref idref="fl-c5"/>
      </object_component>
      <object_component id="oc-2b7">
         <name>.text</name>
         <load_address>0x15094</load_address>
         <run_address>0x15094</run_address>
         <size>0xa</size>
         <input_file_ref idref="fl-91"/>
      </object_component>
      <object_component id="oc-670">
         <name>.text</name>
         <load_address>0x1509e</load_address>
         <run_address>0x1509e</run_address>
         <size>0xa</size>
         <input_file_ref idref="fl-93"/>
      </object_component>
      <object_component id="oc-185">
         <name>.text:Timer_A_stop</name>
         <load_address>0x150a8</load_address>
         <run_address>0x150a8</run_address>
         <size>0x8</size>
         <input_file_ref idref="fl-35"/>
      </object_component>
      <object_component id="oc-282">
         <name>.text:error_logger_log</name>
         <load_address>0x150b0</load_address>
         <run_address>0x150b0</run_address>
         <size>0x8</size>
         <input_file_ref idref="fl-8"/>
      </object_component>
      <object_component id="oc-275">
         <name>.text:trace_logger_log</name>
         <load_address>0x150b8</load_address>
         <run_address>0x150b8</run_address>
         <size>0x8</size>
[...]
         <name>__mspabi_divul</name>
         <value>0x145a2</value>
         <object_component_ref idref="oc-42e"/>
      </symbol>
      <symbol id="sm-9e9">
         <name>__mspabi_mpyi_f5hw</name>
         <value>0x14fa0</value>
         <object_component_ref idref="oc-295"/>
      </symbol>
      <symbol id="sm-9fb">
         <name>__mspabi_mpyl_f5hw</name>
         <value>0x14e98</value>
         <object_component_ref idref="oc-61f"/>
      </symbol>
      <symbol id="sm-a28">
         <name>__mspabi_slli</name>
         <value>0x15094</value>
         <object_component_ref idref="oc-2b7"/>
      </symbol>
      <symbol id="sm-a32">
         <name>__mspabi_srli</name>
         <value>0x1509e</value>
         <object_component_ref idref="oc-670"/>
      </symbol>
      <symbol id="sm-aa9">
         <name>__vla_dealloc</name>
         <value>0x136ca</value>
         <object_component_ref idref="oc-34a"/>
      </symbol>
      <symbol id="sm-aaa">
         <name>__vla_alloc</name>
         <value>0x12704</value>
         <object_component_ref idref="oc-33a"/>
      </symbol>
      <symbol id="sm-ab3">
         <name>__abort_execution</name>
         <value>0x150e4</value>
         <object_component_ref idref="oc-3dc"/>
      </symbol>
      <symbol id="sm-abc">
         <name>_stack</name>
         <value>0x6000</value>
         <object_component_ref idref="oc-df"/>
      </symbol>
      <symbol id="sm-abd">
         <name>_reset_vector</name>
         <value>0xfffe</value>
         <object_component_ref idref="oc-e2"/>
      </symbol>
      <symbol id="sm-adb">
         <name>_auto_init_hold_wdt</name>
         <value>0x142de</value>
         <object_component_ref idref="oc-136"/>
      </symbol>
      <symbol id="sm-ae6">
         <name>_c_int00_noargs_noexit</name>
         <value>0x7446</value>
         <object_component_ref idref="oc-bb"/>
      </symbol>
      <symbol id="sm-af7">
         <name>_ftable</name>
         <value>0x6fa0</value>
         <object_component_ref idref="oc-424"/>
      </symbol>
      <symbol id="sm-b00">
         <name>_system_pre_init</name>
         <value>0x150ec</value>
         <object_component_ref idref="oc-130"/>
      </symbol>
      <symbol id="sm-b0b">
         <name>C$$EXIT</name>
         <value>0x150f0</value>
         <object_component_ref idref="oc-158"/>
      </symbol>
      <symbol id="sm-b0c">
         <name>abort</name>
         <value>0x150f0</value>
         <object_component_ref idref="oc-158"/>
      </symbol>
      <symbol id="sm-b23">
         <name>_nop</name>
         <value>0x150f4</value>
         <object_component_ref idref="oc-250"/>
      </symbol>
      <symbol id="sm-b24">
         <name>_lock</name>
         <value>0x7232</value>
         <object_component_ref idref="oc-1c5"/>
      </symbol>
      <symbol id="sm-b25">
         <name>_unlock</name>
         <value>0x7236</value>
         <object_component_ref idref="oc-1ce"/>
      </symbol>
      <symbol id="sm-b43">
         <name>fprintf</name>
         <value>0x146f6</value>
         <object_component_ref idref="oc-427"/>
      </symbol>
      <symbol id="sm-d11">
         <name>__TI_printfi</name>
         <value>0x11fbe</value>
         <object_component_ref idref="oc-3b2"/>
      </symbol>
      <symbol id="sm-d1f">
         <name>_Dclass</name>
         <value>0x146a6</value>
         <object_component_ref idref="oc-4fe"/>
      </symbol>
      <symbol id="sm-d3e">
         <name>__mspabi_cmpd</name>
         <value>0x13524</value>
         <object_component_ref idref="oc-522"/>
      </symbol>
      <symbol id="sm-d5f">
         <name>__mspabi_divd</name>
         <value>0x1175a</value>
         <object_component_ref idref="oc-568"/>
      </symbol>
      <symbol id="sm-d7a">
         <name>__TI_frcdivd</name>
         <value>0x10000</value>
         <object_component_ref idref="oc-5c5"/>
      </symbol>
      <symbol id="sm-dac">
         <name>__mspabi_divull</name>
         <value>0x10452</value>
         <object_component_ref idref="oc-591"/>
      </symbol>
      <symbol id="sm-db9">
         <name>__mspabi_fixdi</name>
         <value>0x14d2e</value>
         <object_component_ref idref="oc-5ac"/>
      </symbol>
      <symbol id="sm-dc8">
         <name>__mspabi_fixdli</name>
         <value>0x14418</value>
         <object_component_ref idref="oc-5b2"/>
      </symbol>
      <symbol id="sm-dd1">
         <name>__mspabi_fltid</name>
         <value>0x1506a</value>
         <object_component_ref idref="oc-5e7"/>
      </symbol>
      <symbol id="sm-de9">
         <name>__mspabi_fltlid</name>
         <value>0x13c28</value>
         <object_component_ref idref="oc-5a0"/>
      </symbol>
      <symbol id="sm-e09">
         <name>__mspabi_mpyd</name>
         <value>0x10da8</value>
         <object_component_ref idref="oc-562"/>
      </symbol>
      <symbol id="sm-e1a">
         <name>__TI_frcmpyd</name>
         <value>0x107ec</value>
         <object_component_ref idref="oc-5bd"/>
      </symbol>
      <symbol id="sm-e24">
         <name>__mspabi_negd</name>
         <value>0x14caa</value>
         <object_component_ref idref="oc-504"/>
      </symbol>
      <symbol id="sm-e34">
         <name>__mspabi_slll_9</name>
         <value>0x149ba</value>
         <object_component_ref idref="oc-60a"/>
      </symbol>
      <symbol id="sm-e35">
         <name>__mspabi_slll_8</name>
         <value>0x149be</value>
         <object_component_ref idref="oc-60a"/>
      </symbol>
      <symbol id="sm-e36">
         <name>__mspabi_slll_7</name>
         <value>0x149c2</value>
         <object_component_ref idref="oc-60a"/>
      </symbol>
      <symbol id="sm-e37">
         <name>__mspabi_slll_6</name>
         <value>0x149c6</value>
         <object_component_ref idref="oc-60a"/>
      </symbol>
      <symbol id="sm-e38">
         <name>__mspabi_slll_5</name>
         <value>0x149ca</value>
         <object_component_ref idref="oc-60a"/>
      </symbol>
      <symbol id="sm-e39">
         <name>__mspabi_slll_4</name>
         <value>0x149ce</value>
         <object_component_ref idref="oc-60a"/>
      </symbol>
      <symbol id="sm-e3a">
         <name>__mspabi_slll_3</name>
         <value>0x149d2</value>
         <object_component_ref idref="oc-60a"/>
      </symbol>
      <symbol id="sm-e3b">
         <name>__mspabi_slll_2</name>
         <value>0x149d6</value>
         <object_component_ref idref="oc-60a"/>
      </symbol>
      <symbol id="sm-e3c">
         <name>__mspabi_slll_1</name>
         <value>0x149da</value>
         <object_component_ref idref="oc-60a"/>
      </symbol>
      <symbol id="sm-e3d">
         <name>__mspabi_slll</name>
         <value>0x15024</value>
         <object_component_ref idref="oc-688"/>
      </symbol>
      <symbol id="sm-e3e">
         <name>__mspabi_slll_15</name>
         <value>0x149a2</value>
         <object_component_ref idref="oc-60a"/>
      </symbol>
      <symbol id="sm-e3f">
         <name>__mspabi_slll_14</name>
         <value>0x149a6</value>
         <object_component_ref idref="oc-60a"/>
      </symbol>
      <symbol id="sm-e40">
         <name>__mspabi_slll_13</name>
         <value>0x149aa</value>
         <object_component_ref idref="oc-60a"/>
      </symbol>
      <symbol id="sm-e41">
         <name>__mspabi_slll_12</name>
         <value>0x149ae</value>
         <object_component_ref idref="oc-60a"/>
      </symbol>
      <symbol id="sm-e42">
         <name>__mspabi_slll_11</name>
         <value>0x149b2</value>
         <object_component_ref idref="oc-60a"/>
      </symbol>
      <symbol id="sm-e43">
         <name>__mspabi_slll_10</name>
         <value>0x149b6</value>
         <object_component_ref idref="oc-60a"/>
      </symbol>
      <symbol id="sm-e50">
         <name>__mspabi_sllll</name>
         <value>0x14a5a</value>
         <object_component_ref idref="oc-5f5"/>
      </symbol>
      <symbol id="sm-e60">
         <name>__mspabi_sral</name>
         <value>0x15014</value>
         <object_component_ref idref="oc-68d"/>
      </symbol>
      <symbol id="sm-e61">
         <name>__mspabi_sral_15</name>
         <value>0x14964</value>
         <object_component_ref idref="oc-624"/>
      </symbol>
      <symbol id="sm-e62">
         <name>__mspabi_sral_14</name>
         <value>0x14968</value>
         <object_component_ref idref="oc-624"/>
      </symbol>
      <symbol id="sm-e63">
         <name>__mspabi_sral_13</name>
         <value>0x1496c</value>
         <object_component_ref idref="oc-624"/>
      </symbol>
      <symbol id="sm-e64">
         <name>__mspabi_sral_12</name>
         <value>0x14970</value>
         <object_component_ref idref="oc-624"/>
      </symbol>
      <symbol id="sm-e65">
         <name>__mspabi_sral_11</name>
         <value>0x14974</value>
         <object_component_ref idref="oc-624"/>
      </symbol>
      <symbol id="sm-e66">
         <name>__mspabi_sral_10</name>
         <value>0x14978</value>
         <object_component_ref idref="oc-624"/>
      </symbol>
      <symbol id="sm-e67">
         <name>__mspabi_sral_8</name>
         <value>0x14980</value>
         <object_component_ref idref="oc-624"/>
      </symbol>
      <symbol id="sm-e68">
         <name>__mspabi_sral_9</name>
         <value>0x1497c</value>
         <object_component_ref idref="oc-624"/>
      </symbol>
      <symbol id="sm-e69">
         <name>__mspabi_sral_6</name>
         <value>0x14988</value>
         <object_component_ref idref="oc-624"/>
      </symbol>
      <symbol id="sm-e6a">
         <name>__mspabi_sral_7</name>
         <value>0x14984</value>
         <object_component_ref idref="oc-624"/>
      </symbol>
      <symbol id="sm-e6b">
         <name>__mspabi_sral_4</name>
         <value>0x14990</value>
         <object_component_ref idref="oc-624"/>
      </symbol>
      <symbol id="sm-e6c">
         <name>__mspabi_sral_5</name>
         <value>0x1498c</value>
         <object_component_ref idref="oc-624"/>
      </symbol>
      <symbol id="sm-e6d">
         <name>__mspabi_sral_2</name>
         <value>0x14998</value>
         <object_component_ref idref="oc-624"/>
      </symbol>
      <symbol id="sm-e6e">
         <name>__mspabi_sral_3</name>
         <value>0x14994</value>
         <object_component_ref idref="oc-624"/>
      </symbol>
      <symbol id="sm-e6f">
         <name>__mspabi_sral_1</name>
         <value>0x1499c</value>
         <object_component_ref idref="oc-624"/>
      </symbol>
      <symbol id="sm-e7f">
         <name>__mspabi_srll_8</name>
         <value>0x149fc</value>
         <object_component_ref idref="oc-60f"/>
      </symbol>
      <symbol id="sm-e80">
         <name>__mspabi_srll_9</name>
         <value>0x149f8</value>
         <object_component_ref idref="oc-60f"/>
      </symbol>
      <symbol id="sm-e81">
         <name>__mspabi_srll_6</name>
         <value>0x14a04</value>
         <object_component_ref idref="oc-60f"/>
      </symbol>
      <symbol id="sm-e82">
         <name>__mspabi_srll_7</name>
         <value>0x14a00</value>
         <object_component_ref idref="oc-60f"/>
      </symbol>
      <symbol id="sm-e83">
         <name>__mspabi_srll_4</name>
         <value>0x14a0c</value>
         <object_component_ref idref="oc-60f"/>
      </symbol>
      <symbol id="sm-e84">
         <name>__mspabi_srll_5</name>
         <value>0x14a08</value>
         <object_component_ref idref="oc-60f"/>
      </symbol>
      <symbol id="sm-e85">
         <name>__mspabi_srll_2</name>
         <value>0x14a14</value>
         <object_component_ref idref="oc-60f"/>
      </symbol>
      <symbol id="sm-e86">
         <name>__mspabi_srll_3</name>
         <value>0x14a10</value>
         <object_component_ref idref="oc-60f"/>
      </symbol>
      <symbol id="sm-e87">
         <name>__mspabi_srll_1</name>
         <value>0x14a18</value>
         <object_component_ref idref="oc-60f"/>
      </symbol>
      <symbol id="sm-e88">
         <name>__mspabi_srll_15</name>
         <value>0x149e0</value>
         <object_component_ref idref="oc-60f"/>
      </symbol>
      <symbol id="sm-e89">
         <name>__mspabi_srll_14</name>
         <value>0x149e4</value>
         <object_component_ref idref="oc-60f"/>
      </symbol>
      <symbol id="sm-e8a">
         <name>__mspabi_srll_13</name>
         <value>0x149e8</value>
         <object_component_ref idref="oc-60f"/>
      </symbol>
      <symbol id="sm-e8b">
         <name>__mspabi_srll_12</name>
         <value>0x149ec</value>
         <object_component_ref idref="oc-60f"/>
      </symbol>
      <symbol id="sm-e8c">
         <name>__mspabi_srll_11</name>
         <value>0x149f0</value>
         <object_component_ref idref="oc-60f"/>
      </symbol>
      <symbol id="sm-e8d">
         <name>__mspabi_srll_10</name>
         <value>0x149f4</value>
         <object_component_ref idref="oc-60f"/>
      </symbol>
      <symbol id="sm-e8e">
         <name>__mspabi_srll</name>
         <value>0x15034</value>
         <object_component_ref idref="oc-5f0"/>
      </symbol>
      <symbol id="sm-e9b">
         <name>__mspabi_srlll</name>
         <value>0x14a94</value>
         <object_component_ref idref="oc-586"/>
      </symbol>
      <symbol id="sm-ea4">
         <name>__mspabi_subd</name>
         <value>0x14c16</value>
         <object_component_ref idref="oc-5a6"/>
      </symbol>
      <symbol id="sm-ec6">
         <name>__mspabi_addd</name>
         <value>0x10ad0</value>
         <object_component_ref idref="oc-616"/>
      </symbol>
      <symbol id="sm-ee7">
         <name>__TI_frcaddd</name>
         <value>0x11508</value>
         <object_component_ref idref="oc-65e"/>
      </symbol>
      <symbol id="sm-efb">
         <name>__TI_renormd</name>
         <value>0x1384a</value>
         <object_component_ref idref="oc-692"/>
      </symbol>
      <symbol id="sm-f0e">
         <name>atoi</name>
         <value>0x1447e</value>
         <object_component_ref idref="oc-4ac"/>
      </symbol>
      <symbol id="sm-f18">
         <name>_ctypes_</name>
         <value>0x7f7c</value>
         <object_component_ref idref="oc-4e6"/>
      </symbol>
      <symbol id="sm-f7e">
         <name>_sys_memory</name>
         <value>0x4400</value>
         <object_component_ref idref="oc-e3"/>
      </symbol>
      <symbol id="sm-f7f">
         <name>free</name>
         <value>0x13e72</value>
         <object_component_ref idref="oc-41d"/>
      </symbol>
      <symbol id="sm-f80">
         <name>realloc</name>
         <value>0x12cda</value>
         <object_component_ref idref="oc-47d"/>
      </symbol>
      <symbol id="sm-f81">
         <name>malloc</name>
         <value>0x13790</value>
         <object_component_ref idref="oc-3f7"/>
      </symbol>
      <symbol id="sm-f82">
         <name>minit</name>
         <value>0x148a4</value>
         <object_component_ref idref="oc-487"/>
      </symbol>
      <symbol id="sm-f8e">
         <name>frexp</name>
         <value>0x14862</value>
         <object_component_ref idref="oc-56f"/>
      </symbol>
      <symbol id="sm-fa0">
         <name>_Dunscale</name>
         <value>0x1418e</value>
         <object_component_ref idref="oc-5cd"/>
      </symbol>
      <symbol id="sm-fb3">
         <name>_Dnorm</name>
         <value>0x13142</value>
         <object_component_ref idref="oc-631"/>
      </symbol>
      <symbol id="sm-fc3">
         <name>ldexp</name>
         <value>0x14010</value>
         <object_component_ref idref="oc-5d5"/>
      </symbol>
      <symbol id="sm-fe7">
         <name>_Dscale</name>
         <value>0x12566</value>
         <object_component_ref idref="oc-63b"/>
      </symbol>
      <symbol id="sm-ff3">
         <name>_Feraise</name>
         <value>0x14b40</value>
         <object_component_ref idref="oc-641"/>
      </symbol>
      <symbol id="sm-ffa">
         <name>_Errno</name>
         <value>0x723e</value>
         <object_component_ref idref="oc-680"/>
      </symbol>
      <symbol id="sm-1001">
         <name>_Rteps</name>
         <value>0x7178</value>
         <object_component_ref idref="oc-675"/>
      </symbol>
      <symbol id="sm-1002">
         <name>_Zero</name>
         <value>0x7190</value>
         <object_component_ref idref="oc-675"/>
      </symbol>
      <symbol id="sm-1003">
         <name>_Hugeval</name>
         <value>0x7138</value>
         <object_component_ref idref="oc-675"/>
      </symbol>
      <symbol id="sm-1004">
         <name>_Snan</name>
         <value>0x7168</value>
         <object_component_ref idref="oc-675"/>
      </symbol>
      <symbol id="sm-1005">
         <name>_Nan</name>
         <value>0x7158</value>
         <object_component_ref idref="oc-675"/>
      </symbol>
      <symbol id="sm-1006">
         <name>_Inf</name>
         <value>0x7148</value>
         <object_component_ref idref="oc-675"/>
      </symbol>
      <symbol id="sm-1007">
         <name>_Xbig</name>
         <value>0x7188</value>
         <object_component_ref idref="oc-675"/>
      </symbol>
      <symbol id="sm-1008">
         <name>_Eps</name>
         <value>0x7128</value>
         <object_component_ref idref="oc-675"/>
      </symbol>
      <symbol id="sm-1009">
         <name>_Denorm</name>
         <value>0x7118</value>
         <object_component_ref idref="oc-675"/>
      </symbol>
      <symbol id="sm-1021">
         <name>feraiseexcept</name>
         <value>0x14be2</value>
         <object_component_ref idref="oc-67a"/>
      </symbol>
      <symbol id="sm-1022">
         <name>_Tls_setup__Fenv</name>
         <value>0x722e</value>
         <object_component_ref idref="oc-6a8"/>
      </symbol>
      <symbol id="sm-1023">
         <name>_Fenv</name>
         <value>0x722a</value>
         <object_component_ref idref="oc-6a8"/>
      </symbol>
      <symbol id="sm-1032">
         <name>ltoa</name>
         <value>0x14096</value>
         <object_component_ref idref="oc-59a"/>
      </symbol>
      <symbol id="sm-103c">
         <name>abs</name>
         <value>0x1508a</value>
         <object_component_ref idref="oc-602"/>
      </symbol>
      <symbol id="sm-104b">
         <name>memccpy</name>
         <value>0x14f3a</value>
         <object_component_ref idref="oc-4c0"/>
      </symbol>
      <symbol id="sm-1059">
         <name>memcpy</name>
         <value>0x14fca</value>
         <object_component_ref idref="oc-e6"/>
      </symbol>
      <symbol id="sm-1067">
         <name>memset</name>
         <value>0x14f74</value>
         <object_component_ref idref="oc-2fc"/>
      </symbol>
      <symbol id="sm-107c">
         <name>raise</name>
         <value>0x14c48</value>
         <object_component_ref idref="oc-6ab"/>
      </symbol>
      <symbol id="sm-1091">
         <name>signal</name>
         <value>0x14b08</value>
         <object_component_ref idref="oc-6c4"/>
      </symbol>
      <symbol id="sm-10b8">
         <name>snprintf</name>
         <value>0x144e0</value>
         <object_component_ref idref="oc-30c"/>
      </symbol>
      <symbol id="sm-10cd">
         <name>strchr</name>
         <value>0x14f58</value>
         <object_component_ref idref="oc-649"/>
      </symbol>
      <symbol id="sm-10db">
         <name>strlen</name>
         <value>0x15044</value>
         <object_component_ref idref="oc-391"/>
      </symbol>
      <symbol id="sm-10f4">
         <name>toupper</name>
         <value>0x15002</value>
         <object_component_ref idref="oc-4f8"/>
      </symbol>
      <symbol id="sm-111b">
         <name>vsnprintf</name>
         <value>0x14650</value>
         <object_component_ref idref="oc-340"/>
      </symbol>
      <symbol id="sm-1120">
         <name>__TI_INITARRAY_Base</name>
         <value>0x0</value>
      </symbol>
      <symbol id="sm-1121">
         <name>__TI_INITARRAY_Limit</name>
         <value>0x0</value>
      </symbol>
   </symbol_table>
   <title>Link successful</title>
</link_info>
